Archive member included to satisfy reference by file (symbol)

c:/program files (x86)/atmel/studio/7.0/toolchain/arm/arm-gnu-toolchain/bin/../lib/gcc/arm-none-eabi/6.3.1/../../../../arm-none-eabi/lib/thumb/v7e-m\libc.a(lib_a-exit.o)
                              c:/program files (x86)/atmel/studio/7.0/toolchain/arm/arm-gnu-toolchain/bin/../lib/gcc/arm-none-eabi/6.3.1/../../../../arm-none-eabi/lib/thumb/v7e-m/crt0.o (exit)
c:/program files (x86)/atmel/studio/7.0/toolchain/arm/arm-gnu-toolchain/bin/../lib/gcc/arm-none-eabi/6.3.1/../../../../arm-none-eabi/lib/thumb/v7e-m\libc.a(lib_a-impure.o)
                              c:/program files (x86)/atmel/studio/7.0/toolchain/arm/arm-gnu-toolchain/bin/../lib/gcc/arm-none-eabi/6.3.1/../../../../arm-none-eabi/lib/thumb/v7e-m\libc.a(lib_a-exit.o) (_global_impure_ptr)
c:/program files (x86)/atmel/studio/7.0/toolchain/arm/arm-gnu-toolchain/bin/../lib/gcc/arm-none-eabi/6.3.1/../../../../arm-none-eabi/lib/thumb/v7e-m\libc.a(lib_a-init.o)
                              c:/program files (x86)/atmel/studio/7.0/toolchain/arm/arm-gnu-toolchain/bin/../lib/gcc/arm-none-eabi/6.3.1/../../../../arm-none-eabi/lib/thumb/v7e-m/crt0.o (__libc_init_array)
c:/program files (x86)/atmel/studio/7.0/toolchain/arm/arm-gnu-toolchain/bin/../lib/gcc/arm-none-eabi/6.3.1/../../../../arm-none-eabi/lib/thumb/v7e-m\libc.a(lib_a-memcpy.o)
                              src/FreeRTOS/queue.o (memcpy)
c:/program files (x86)/atmel/studio/7.0/toolchain/arm/arm-gnu-toolchain/bin/../lib/gcc/arm-none-eabi/6.3.1/../../../../arm-none-eabi/lib/thumb/v7e-m\libc.a(lib_a-memset.o)
                              c:/program files (x86)/atmel/studio/7.0/toolchain/arm/arm-gnu-toolchain/bin/../lib/gcc/arm-none-eabi/6.3.1/../../../../arm-none-eabi/lib/thumb/v7e-m/crt0.o (memset)
c:/program files (x86)/atmel/studio/7.0/toolchain/arm/arm-gnu-toolchain/bin/../lib/gcc/arm-none-eabi/6.3.1/../../../../arm-none-eabi/lib/thumb/v7e-m\libc.a(lib_a-__call_atexit.o)
                              c:/program files (x86)/atmel/studio/7.0/toolchain/arm/arm-gnu-toolchain/bin/../lib/gcc/arm-none-eabi/6.3.1/../../../../arm-none-eabi/lib/thumb/v7e-m\libc.a(lib_a-exit.o) (__call_exitprocs)
c:/program files (x86)/atmel/studio/7.0/toolchain/arm/arm-gnu-toolchain/bin/../lib/gcc/arm-none-eabi/6.3.1/../../../../arm-none-eabi/lib/thumb/v7e-m\libc.a(lib_a-atexit.o)
                              c:/program files (x86)/atmel/studio/7.0/toolchain/arm/arm-gnu-toolchain/bin/../lib/gcc/arm-none-eabi/6.3.1/../../../../arm-none-eabi/lib/thumb/v7e-m\libc.a(lib_a-__call_atexit.o) (atexit)
c:/program files (x86)/atmel/studio/7.0/toolchain/arm/arm-gnu-toolchain/bin/../lib/gcc/arm-none-eabi/6.3.1/../../../../arm-none-eabi/lib/thumb/v7e-m\libc.a(lib_a-fini.o)
                              c:/program files (x86)/atmel/studio/7.0/toolchain/arm/arm-gnu-toolchain/bin/../lib/gcc/arm-none-eabi/6.3.1/../../../../arm-none-eabi/lib/thumb/v7e-m\libc.a(lib_a-__call_atexit.o) (__libc_fini_array)
c:/program files (x86)/atmel/studio/7.0/toolchain/arm/arm-gnu-toolchain/bin/../lib/gcc/arm-none-eabi/6.3.1/../../../../arm-none-eabi/lib/thumb/v7e-m\libc.a(lib_a-lock.o)
                              c:/program files (x86)/atmel/studio/7.0/toolchain/arm/arm-gnu-toolchain/bin/../lib/gcc/arm-none-eabi/6.3.1/../../../../arm-none-eabi/lib/thumb/v7e-m\libc.a(lib_a-__call_atexit.o) (__retarget_lock_acquire_recursive)
c:/program files (x86)/atmel/studio/7.0/toolchain/arm/arm-gnu-toolchain/bin/../lib/gcc/arm-none-eabi/6.3.1/../../../../arm-none-eabi/lib/thumb/v7e-m\libc.a(lib_a-__atexit.o)
                              c:/program files (x86)/atmel/studio/7.0/toolchain/arm/arm-gnu-toolchain/bin/../lib/gcc/arm-none-eabi/6.3.1/../../../../arm-none-eabi/lib/thumb/v7e-m\libc.a(lib_a-atexit.o) (__register_exitproc)

Allocating common symbols
Common symbol       size              file

__lock___atexit_recursive_mutex
                    0x1               c:/program files (x86)/atmel/studio/7.0/toolchain/arm/arm-gnu-toolchain/bin/../lib/gcc/arm-none-eabi/6.3.1/../../../../arm-none-eabi/lib/thumb/v7e-m\libc.a(lib_a-lock.o)
__lock___arc4random_mutex
                    0x1               c:/program files (x86)/atmel/studio/7.0/toolchain/arm/arm-gnu-toolchain/bin/../lib/gcc/arm-none-eabi/6.3.1/../../../../arm-none-eabi/lib/thumb/v7e-m\libc.a(lib_a-lock.o)
xQueueRegistry      0x40              src/FreeRTOS/queue.o
__lock___env_recursive_mutex
                    0x1               c:/program files (x86)/atmel/studio/7.0/toolchain/arm/arm-gnu-toolchain/bin/../lib/gcc/arm-none-eabi/6.3.1/../../../../arm-none-eabi/lib/thumb/v7e-m\libc.a(lib_a-lock.o)
__lock___sinit_recursive_mutex
                    0x1               c:/program files (x86)/atmel/studio/7.0/toolchain/arm/arm-gnu-toolchain/bin/../lib/gcc/arm-none-eabi/6.3.1/../../../../arm-none-eabi/lib/thumb/v7e-m\libc.a(lib_a-lock.o)
__lock___malloc_recursive_mutex
[...]
Memory Configuration

Name             Origin             Length             Attributes
rom              0x00400000         0x00100000         xr
ram              0x20000000         0x00020000         xrw
*default*        0x00000000         0xffffffff

Linker script and memory map

LOAD c:/program files (x86)/atmel/studio/7.0/toolchain/arm/arm-gnu-toolchain/bin/../lib/gcc/arm-none-eabi/6.3.1/thumb/v7e-m/crti.o
LOAD c:/program files (x86)/atmel/studio/7.0/toolchain/arm/arm-gnu-toolchain/bin/../lib/gcc/arm-none-eabi/6.3.1/thumb/v7e-m/crtbegin.o
LOAD c:/program files (x86)/atmel/studio/7.0/toolchain/arm/arm-gnu-toolchain/bin/../lib/gcc/arm-none-eabi/6.3.1/../../../../arm-none-eabi/lib/thumb/v7e-m/crt0.o
LOAD src/ASF/sam/drivers/pio/pio.o
LOAD src/ASF/sam/drivers/pio/pio_handler.o
LOAD src/FreeRTOS/list.o
LOAD src/FreeRTOS/portable/GCC/ARM_CM4F/port.o
LOAD src/FreeRTOS/portable/MemMang/heap_5.o
LOAD src/FreeRTOS/queue.o
LOAD src/FreeRTOS/tasks.o
LOAD src/FreeRTOS/timers.o
LOAD src/ledDriver.o
LOAD src/myButtons.o
LOAD src/myTasks.o
LOAD src/Uartdrv.o
LOAD src/ASF/common/services/clock/sam4e/sysclk.o
LOAD src/ASF/common/utils/interrupt/interrupt_sam_nvic.o
LOAD src/ASF/sam/boards/sam4e_xplained_pro/init.o
LOAD src/ASF/sam/drivers/pmc/pmc.o
LOAD src/ASF/sam/drivers/pmc/sleep.o
LOAD src/ASF/sam/utils/cmsis/sam4e/source/templates/exceptions.o
LOAD src/ASF/sam/utils/cmsis/sam4e/source/templates/gcc/startup_sam4e.o
LOAD src/ASF/sam/utils/cmsis/sam4e/source/templates/system_sam4e.o
LOAD src/ASF/sam/utils/syscalls/gcc/syscalls.o
LOAD src/main.o
START GROUP
LOAD ../src/ASF/thirdparty/CMSIS/Lib/GCC\libarm_cortexM4lf_math_softfp.a
LOAD c:/program files (x86)/atmel/studio/7.0/toolchain/arm/arm-gnu-toolchain/bin/../lib/gcc/arm-none-eabi/6.3.1/../../../../arm-none-eabi/lib/thumb/v7e-m\libm.a
END GROUP
START GROUP
LOAD c:/program files (x86)/atmel/studio/7.0/toolchain/arm/arm-gnu-toolchain/bin/../lib/gcc/arm-none-eabi/6.3.1/thumb/v7e-m\libgcc.a
LOAD c:/program files (x86)/atmel/studio/7.0/toolchain/arm/arm-gnu-toolchain/bin/../lib/gcc/arm-none-eabi/6.3.1/../../../../arm-none-eabi/lib/thumb/v7e-m\libc.a
END GROUP
LOAD c:/program files (x86)/atmel/studio/7.0/toolchain/arm/arm-gnu-toolchain/bin/../lib/gcc/arm-none-eabi/6.3.1/thumb/v7e-m/crtend.o
LOAD c:/program files (x86)/atmel/studio/7.0/toolchain/arm/arm-gnu-toolchain/bin/../lib/gcc/arm-none-eabi/6.3.1/thumb/v7e-m/crtn.o
                0x00003000                __stack_size__ = DEFINED (__stack_size__)?__stack_size__:0x3000
                0x2001fffc                __ram_end__ = ((ORIGIN (ram) + LENGTH (ram)) - 0x4)

.text           0x00400000     0x3574
                0x00400000                . = ALIGN (0x4)
                0x00400000                _sfixed = .
 *(.vectors .vectors.*)
 .vectors       0x00400000       0xf8 src/ASF/sam/utils/cmsis/sam4e/source/templates/gcc/startup_sam4e.o
                0x00400000                exception_table
 *(.text .text.* .gnu.linkonce.t.*)
 .text          0x004000f8       0x6c c:/program files (x86)/atmel/studio/7.0/toolchain/arm/arm-gnu-toolchain/bin/../lib/gcc/arm-none-eabi/6.3.1/thumb/v7e-m/crtbegin.o
 .text.pio_pull_up
                0x00400164        0xa src/ASF/sam/drivers/pio/pio.o
                0x00400164                pio_pull_up
 .text.pio_set_debounce_filter
                0x0040016e       0x1a src/ASF/sam/drivers/pio/pio.o
                0x0040016e                pio_set_debounce_filter
 .text.pio_set_peripheral
                0x00400188       0x90 src/ASF/sam/drivers/pio/pio.o
                0x00400188                pio_set_peripheral
 .text.pio_configure_interrupt
                0x00400218       0x32 src/ASF/sam/drivers/pio/pio.o
                0x00400218                pio_configure_interrupt
 .text.pio_enable_interrupt
                0x0040024a        0x4 src/ASF/sam/drivers/pio/pio.o
                0x0040024a                pio_enable_interrupt
 .text.pio_disable_interrupt
                0x0040024e        0x4 src/ASF/sam/drivers/pio/pio.o
                0x0040024e                pio_disable_interrupt
 *fill*         0x00400252        0x2 
 .text.pio_set_input
                0x00400254       0x48 src/ASF/sam/drivers/pio/pio.o
                0x00400254                pio_set_input
 .text.pio_set_output
                0x0040029c       0x38 src/ASF/sam/drivers/pio/pio.o
                0x0040029c                pio_set_output
 .text.pio_configure
                0x004002d4       0x90 src/ASF/sam/drivers/pio/pio.o
                0x004002d4                pio_configure
 .text.pio_get_interrupt_status
                0x00400364        0x4 src/ASF/sam/drivers/pio/pio.o
                0x00400364                pio_get_interrupt_status
 .text.pio_get_interrupt_mask
                0x00400368        0x4 src/ASF/sam/drivers/pio/pio.o
                0x00400368                pio_get_interrupt_mask
 .text.pio_handler_process
                0x0040036c       0x78 src/ASF/sam/drivers/pio/pio_handler.o
                0x0040036c                pio_handler_process
 .text.pio_handler_set
                0x004003e4       0x68 src/ASF/sam/drivers/pio/pio_handler.o
                0x004003e4                pio_handler_set
 .text.PIOA_Handler
                0x0040044c       0x14 src/ASF/sam/drivers/pio/pio_handler.o
                0x0040044c                PIOA_Handler
 .text.PIOB_Handler
                0x00400460       0x14 src/ASF/sam/drivers/pio/pio_handler.o
                0x00400460                PIOB_Handler
 .text.PIOC_Handler
                0x00400474       0x14 src/ASF/sam/drivers/pio/pio_handler.o
                0x00400474                PIOC_Handler
 .text.PIOD_Handler
                0x00400488       0x14 src/ASF/sam/drivers/pio/pio_handler.o
                0x00400488                PIOD_Handler
 .text.PIOE_Handler
                0x0040049c       0x14 src/ASF/sam/drivers/pio/pio_handler.o
                0x0040049c                PIOE_Handler
 .text.pio_handler_set_priority
                0x004004b0       0xac src/ASF/sam/drivers/pio/pio_handler.o
                0x004004b0                pio_handler_set_priority
 .text.vListInitialise
                0x0040055c       0x16 src/FreeRTOS/list.o
                0x0040055c                vListInitialise
 .text.vListInitialiseItem
                0x00400572        0x6 src/FreeRTOS/list.o
                0x00400572                vListInitialiseItem
 .text.vListInsertEnd
                0x00400578       0x18 src/FreeRTOS/list.o
                0x00400578                vListInsertEnd
 .text.vListInsert
                0x00400590       0x34 src/FreeRTOS/list.o
                0x00400590                vListInsert
 .text.uxListRemove
                0x004005c4       0x28 src/FreeRTOS/list.o
                0x004005c4                uxListRemove
 .text.prvPortStartFirstTask
                0x004005ec       0x28 src/FreeRTOS/portable/GCC/ARM_CM4F/port.o
 .text.vPortEnableVFP
                0x00400614       0x14 src/FreeRTOS/portable/GCC/ARM_CM4F/port.o
 .text.prvTaskExitError
                0x00400628       0x44 src/FreeRTOS/portable/GCC/ARM_CM4F/port.o
 .text.pxPortInitialiseStack
                0x0040066c       0x2c src/FreeRTOS/portable/GCC/ARM_CM4F/port.o
                0x0040066c                pxPortInitialiseStack
 *fill*         0x00400698        0x8 
 .text.SVC_Handler
                0x004006a0       0x24 src/FreeRTOS/portable/GCC/ARM_CM4F/port.o
                0x004006a0                SVC_Handler
 .text.vPortEnterCritical
                0x004006c4       0x48 src/FreeRTOS/portable/GCC/ARM_CM4F/port.o
                0x004006c4                vPortEnterCritical
 .text.vPortExitCritical
                0x0040070c       0x30 src/FreeRTOS/portable/GCC/ARM_CM4F/port.o
                0x0040070c                vPortExitCritical
 *fill*         0x0040073c        0x4 
 .text.PendSV_Handler
                0x00400740       0x64 src/FreeRTOS/portable/GCC/ARM_CM4F/port.o
                0x00400740                PendSV_Handler
 .text.SysTick_Handler
                0x004007a4       0x30 src/FreeRTOS/portable/GCC/ARM_CM4F/port.o
                0x004007a4                SysTick_Handler
 .text.vPortSetupTimerInterrupt
                0x004007d4       0x38 src/FreeRTOS/portable/GCC/ARM_CM4F/port.o
                0x004007d4                vPortSetupTimerInterrupt
 .text.xPortStartScheduler
                0x0040080c      0x118 src/FreeRTOS/portable/GCC/ARM_CM4F/port.o
                0x0040080c                xPortStartScheduler
 .text.vPortValidateInterruptPriority
                0x00400924       0x5c src/FreeRTOS/portable/GCC/ARM_CM4F/port.o
                0x00400924                vPortValidateInterruptPriority
 .text.prvInsertBlockIntoFreeList
                0x00400980       0x58 src/FreeRTOS/portable/MemMang/heap_5.o
 .text.pvPortMalloc
                0x004009d8       0xe4 src/FreeRTOS/portable/MemMang/heap_5.o
                0x004009d8                pvPortMalloc
 .text.vPortFree
                0x00400abc       0x8c src/FreeRTOS/portable/MemMang/heap_5.o
                0x00400abc                vPortFree
 .text.vPortDefineHeapRegions
                0x00400b48       0xd4 src/FreeRTOS/portable/MemMang/heap_5.o
                0x00400b48                vPortDefineHeapRegions
 .text.prvIsQueueFull
                0x00400c1c       0x28 src/FreeRTOS/queue.o
 .text.prvIsQueueEmpty
                0x00400c44       0x24 src/FreeRTOS/queue.o
 .text.prvCopyDataToQueue
                0x00400c68       0x80 src/FreeRTOS/queue.o
 .text.prvNotifyQueueSetContainer
                0x00400ce8       0x84 src/FreeRTOS/queue.o
 .text.prvCopyDataFromQueue
                0x00400d6c       0x28 src/FreeRTOS/queue.o
 .text.prvUnlockQueue
                0x00400d94       0x98 src/FreeRTOS/queue.o
 .text.xQueueGenericReset
                0x00400e2c       0x94 src/FreeRTOS/queue.o
                0x00400e2c                xQueueGenericReset
 .text.prvInitialiseNewQueue
                0x00400ec0       0x24 src/FreeRTOS/queue.o
 .text.xQueueGenericCreate
                0x00400ee4       0x54 src/FreeRTOS/queue.o
                0x00400ee4                xQueueGenericCreate
 .text.xQueueGenericSend
                0x00400f38      0x1ec src/FreeRTOS/queue.o
                0x00400f38                xQueueGenericSend
 .text.xQueueGenericSendFromISR
                0x00401124      0x10c src/FreeRTOS/queue.o
                0x00401124                xQueueGenericSendFromISR
 .text.xQueueReceive
                0x00401230      0x194 src/FreeRTOS/queue.o
                0x00401230                xQueueReceive
 .text.vQueueAddToRegistry
                0x004013c4       0x28 src/FreeRTOS/queue.o
                0x004013c4                vQueueAddToRegistry
 .text.vQueueWaitForMessageRestricted
                0x004013ec       0x64 src/FreeRTOS/queue.o
                0x004013ec                vQueueWaitForMessageRestricted
 .text.prvResetNextTaskUnblockTime
                0x00401450       0x2c src/FreeRTOS/tasks.o
 .text.prvDeleteTCB
                0x0040147c       0x14 src/FreeRTOS/tasks.o
 .text.prvInitialiseNewTask
                0x00401490       0xbc src/FreeRTOS/tasks.o
 .text.prvInitialiseTaskLists
                0x0040154c       0x64 src/FreeRTOS/tasks.o
 .text.prvAddNewTaskToReadyList
                0x004015b0       0xb8 src/FreeRTOS/tasks.o
 .text.prvCheckTasksWaitingTermination
                0x00401668       0x5c src/FreeRTOS/tasks.o
 .text.prvIdleTask
                0x004016c4       0x2c src/FreeRTOS/tasks.o
 .text.prvAddCurrentTaskToDelayedList
                0x004016f0       0xa4 src/FreeRTOS/tasks.o
 .text.xTaskCreate
                0x00401794       0x74 src/FreeRTOS/tasks.o
                0x00401794                xTaskCreate
 .text.vTaskStartScheduler
                0x00401808       0x90 src/FreeRTOS/tasks.o
                0x00401808                vTaskStartScheduler
 .text.vTaskSuspendAll
                0x00401898       0x10 src/FreeRTOS/tasks.o
                0x00401898                vTaskSuspendAll
 .text.xTaskGetTickCount
                0x004018a8        0xc src/FreeRTOS/tasks.o
                0x004018a8                xTaskGetTickCount
 .text.xTaskIncrementTick
                0x004018b4      0x124 src/FreeRTOS/tasks.o
                0x004018b4                xTaskIncrementTick
 .text.xTaskResumeAll
                0x004019d8      0x118 src/FreeRTOS/tasks.o
                0x004019d8                xTaskResumeAll
 .text.vTaskDelay
                0x00401af0       0x5c src/FreeRTOS/tasks.o
                0x00401af0                vTaskDelay
 .text.vTaskSwitchContext
                0x00401b4c       0xd4 src/FreeRTOS/tasks.o
                0x00401b4c                vTaskSwitchContext
 .text.vTaskPlaceOnEventList
                0x00401c20       0x40 src/FreeRTOS/tasks.o
                0x00401c20                vTaskPlaceOnEventList
 .text.vTaskPlaceOnEventListRestricted
                0x00401c60       0x48 src/FreeRTOS/tasks.o
                0x00401c60                vTaskPlaceOnEventListRestricted
 .text.xTaskRemoveFromEventList
                0x00401ca8       0x94 src/FreeRTOS/tasks.o
                0x00401ca8                xTaskRemoveFromEventList
 .text.vTaskInternalSetTimeOutState
                0x00401d3c       0x18 src/FreeRTOS/tasks.o
                0x00401d3c                vTaskInternalSetTimeOutState
 .text.xTaskCheckForTimeOut
                0x00401d54       0x88 src/FreeRTOS/tasks.o
                0x00401d54                xTaskCheckForTimeOut
 .text.vTaskMissedYield
                0x00401ddc        0xc src/FreeRTOS/tasks.o
                0x00401ddc                vTaskMissedYield
 .text.xTaskGetSchedulerState
                0x00401de8       0x20 src/FreeRTOS/tasks.o
                0x00401de8                xTaskGetSchedulerState
 .text.xTaskPriorityDisinherit
                0x00401e08       0xb4 src/FreeRTOS/tasks.o
                0x00401e08                xTaskPriorityDisinherit
 .text.ulTaskNotifyTake
                0x00401ebc       0x84 src/FreeRTOS/tasks.o
                0x00401ebc                ulTaskNotifyTake
 .text.vTaskNotifyGiveFromISR
                0x00401f40       0xd4 src/FreeRTOS/tasks.o
                0x00401f40                vTaskNotifyGiveFromISR
 .text.prvGetNextExpireTime
                0x00402014       0x20 src/FreeRTOS/timers.o
 .text.prvInsertTimerInActiveList
                0x00402034       0x4c src/FreeRTOS/timers.o
 .text.prvCheckForValidListAndQueue
                0x00402080       0x70 src/FreeRTOS/timers.o
 .text.xTimerCreateTimerTask
                0x004020f0       0x60 src/FreeRTOS/timers.o
                0x004020f0                xTimerCreateTimerTask
 .text.xTimerGenericCommand
                0x00402150       0x7c src/FreeRTOS/timers.o
                0x00402150                xTimerGenericCommand
 .text.prvSwitchTimerLists
                0x004021cc       0x8c src/FreeRTOS/timers.o
 .text.prvSampleTimeNow
                0x00402258       0x34 src/FreeRTOS/timers.o
 .text.prvProcessExpiredTimer
                0x0040228c       0x7c src/FreeRTOS/timers.o
 .text.prvProcessTimerOrBlockTask
                0x00402308       0x88 src/FreeRTOS/timers.o
 .text.prvProcessReceivedCommands
                0x00402390      0x128 src/FreeRTOS/timers.o
 .text.prvTimerTask
                0x004024b8       0x24 src/FreeRTOS/timers.o
 .text.intitializeLEDDriver
                0x004024dc       0x4c src/ledDriver.o
                0x004024dc                intitializeLEDDriver
 .text.readLED  0x00402528       0x3c src/ledDriver.o
                0x00402528                readLED
 .text.setLED   0x00402564       0x80 src/ledDriver.o
                0x00402564                setLED
 .text.toggleLED
                0x004025e4       0x28 src/ledDriver.o
                0x004025e4                toggleLED
 .text.button_handler
                0x0040260c       0x70 src/myButtons.o
                0x0040260c                button_handler
 .text.initializeButtonDriver
                0x0040267c      0x148 src/myButtons.o
                0x0040267c                initializeButtonDriver
 .text.readButton
                0x004027c4       0x30 src/myButtons.o
                0x004027c4                readButton
 .text.buttonTask
                0x004027f4       0x74 src/myTasks.o
                0x004027f4                buttonTask
 .text.taskHeartBeat
                0x00402868       0x1c src/myTasks.o
                0x00402868                taskHeartBeat
 .text.taskLED  0x00402884       0x28 src/myTasks.o
                0x00402884                taskLED
 .text.taskTX   0x004028ac       0x2c src/myTasks.o
                0x004028ac                taskTX
 .text.taskRX   0x004028d8       0x8c src/myTasks.o
                0x004028d8                taskRX
 .text.initUART
                0x00402964       0x68 src/Uartdrv.o
                0x00402964                initUART
 .text.UARTPutC
                0x004029cc        0xc src/Uartdrv.o
                0x004029cc                UARTPutC
 .text.UARTPutStr
                0x004029d8       0x1c src/Uartdrv.o
                0x004029d8                UARTPutStr
 .text.UART0_Handler
                0x004029f4       0x58 src/Uartdrv.o
                0x004029f4                UART0_Handler
 .text.sysclk_init
                0x00402a4c       0x68 src/ASF/common/services/clock/sam4e/sysclk.o
                0x00402a4c                sysclk_init
 .text.board_init
                0x00402ab4       0x74 src/ASF/sam/boards/sam4e_xplained_pro/init.o
                0x00402ab4                board_init
 .text.pmc_switch_mck_to_pllack
                0x00402b28       0x54 src/ASF/sam/drivers/pmc/pmc.o
                0x00402b28                pmc_switch_mck_to_pllack
 .text.pmc_switch_mainck_to_xtal
                0x00402b7c       0x54 src/ASF/sam/drivers/pmc/pmc.o
                0x00402b7c                pmc_switch_mainck_to_xtal
 .text.pmc_osc_is_ready_mainck
                0x00402bd0       0x10 src/ASF/sam/drivers/pmc/pmc.o
                0x00402bd0                pmc_osc_is_ready_mainck
 .text.pmc_disable_pllack
                0x00402be0       0x10 src/ASF/sam/drivers/pmc/pmc.o
                0x00402be0                pmc_disable_pllack
 .text.pmc_is_locked_pllack
                0x00402bf0       0x10 src/ASF/sam/drivers/pmc/pmc.o
                0x00402bf0                pmc_is_locked_pllack
 .text.pmc_enable_periph_clk
                0x00402c00       0x54 src/ASF/sam/drivers/pmc/pmc.o
                0x00402c00                pmc_enable_periph_clk
 .text.Dummy_Handler
                0x00402c54        0x2 src/ASF/sam/utils/cmsis/sam4e/source/templates/exceptions.o
                0x00402c54                DACC_Handler
                0x00402c54                DebugMon_Handler
                0x00402c54                DMAC_Handler
                0x00402c54                HardFault_Handler
                0x00402c54                TC2_Handler
                0x00402c54                SPI_Handler
                0x00402c54                TWI1_Handler
                0x00402c54                AFEC1_Handler
                0x00402c54                NMI_Handler
                0x00402c54                TC7_Handler
                0x00402c54                SMC_Handler
                0x00402c54                USART0_Handler
                0x00402c54                RTT_Handler
                0x00402c54                RTC_Handler
                0x00402c54                UsageFault_Handler
                0x00402c54                TC6_Handler
                0x00402c54                WDT_Handler
                0x00402c54                CAN0_Handler
                0x00402c54                TC4_Handler
                0x00402c54                TC1_Handler
                0x00402c54                HSMCI_Handler
                0x00402c54                UART1_Handler
                0x00402c54                TC3_Handler
                0x00402c54                ARM_Handler
                0x00402c54                Dummy_Handler
                0x00402c54                TWI0_Handler
                0x00402c54                USART1_Handler
                0x00402c54                AFEC0_Handler
                0x00402c54                ACC_Handler
                0x00402c54                PMC_Handler
                0x00402c54                PWM_Handler
                0x00402c54                GMAC_Handler
                0x00402c54                CAN1_Handler
                0x00402c54                MemManage_Handler
                0x00402c54                SUPC_Handler
                0x00402c54                TC8_Handler
                0x00402c54                EFC_Handler
                0x00402c54                UDP_Handler
                0x00402c54                BusFault_Handler
                0x00402c54                RSTC_Handler
                0x00402c54                TC0_Handler
                0x00402c54                TC5_Handler
                0x00402c54                AES_Handler
 *fill*         0x00402c56        0x2 
 .text.Reset_Handler
                0x00402c58       0xac src/ASF/sam/utils/cmsis/sam4e/source/templates/gcc/startup_sam4e.o
                0x00402c58                Reset_Handler
 .text.SystemCoreClockUpdate
                0x00402d04      0x110 src/ASF/sam/utils/cmsis/sam4e/source/templates/system_sam4e.o
                0x00402d04                SystemCoreClockUpdate
 .text.system_init_flash
                0x00402e14       0x7c src/ASF/sam/utils/cmsis/sam4e/source/templates/system_sam4e.o
                0x00402e14                system_init_flash
 .text.prvInitialiseHeap
                0x00402e90       0x50 src/main.o
 .text.prvMiscInitialisation
                0x00402ee0       0x2c src/main.o
 .text.main     0x00402f0c      0x128 src/main.o
                0x00402f0c                main
 .text.vAssertCalled
                0x00403034       0x2a src/main.o
                0x00403034                vAssertCalled
 *fill*         0x0040305e        0x2 
 .text.vApplicationMallocFailedHook
                0x00403060       0x14 src/main.o
                0x00403060                vApplicationMallocFailedHook
 .text.vApplicationStackOverflowHook
                0x00403074       0x12 src/main.o
                0x00403074                vApplicationStackOverflowHook
 *fill*         0x00403086        0x2 
 .text.__libc_init_array
                0x00403088       0x50 c:/program files (x86)/atmel/studio/7.0/toolchain/arm/arm-gnu-toolchain/bin/../lib/gcc/arm-none-eabi/6.3.1/../../../../arm-none-eabi/lib/thumb/v7e-m\libc.a(lib_a-init.o)
                0x00403088                __libc_init_array
 .text          0x004030d8      0x134 c:/program files (x86)/atmel/studio/7.0/toolchain/arm/arm-gnu-toolchain/bin/../lib/gcc/arm-none-eabi/6.3.1/../../../../arm-none-eabi/lib/thumb/v7e-m\libc.a(lib_a-memcpy.o)
                0x004030d8                memcpy
 .text.memset   0x0040320c       0x9c c:/program files (x86)/atmel/studio/7.0/toolchain/arm/arm-gnu-toolchain/bin/../lib/gcc/arm-none-eabi/6.3.1/../../../../arm-none-eabi/lib/thumb/v7e-m\libc.a(lib_a-memset.o)
                0x0040320c                memset
 .text.startup.register_fini
                0x004032a8       0x14 c:/program files (x86)/atmel/studio/7.0/toolchain/arm/arm-gnu-toolchain/bin/../lib/gcc/arm-none-eabi/6.3.1/../../../../arm-none-eabi/lib/thumb/v7e-m\libc.a(lib_a-__call_atexit.o)
 .text.atexit   0x004032bc        0xc c:/program files (x86)/atmel/studio/7.0/toolchain/arm/arm-gnu-toolchain/bin/../lib/gcc/arm-none-eabi/6.3.1/../../../../arm-none-eabi/lib/thumb/v7e-m\libc.a(lib_a-atexit.o)
                0x004032bc                atexit
 .text.__libc_fini_array
                0x004032c8       0x34 c:/program files (x86)/atmel/studio/7.0/toolchain/arm/arm-gnu-toolchain/bin/../lib/gcc/arm-none-eabi/6.3.1/../../../../arm-none-eabi/lib/thumb/v7e-m\libc.a(lib_a-fini.o)
                0x004032c8                __libc_fini_array
 .text.__retarget_lock_acquire_recursive
                0x004032fc        0x4 c:/program files (x86)/atmel/studio/7.0/toolchain/arm/arm-gnu-toolchain/bin/../lib/gcc/arm-none-eabi/6.3.1/../../../../arm-none-eabi/lib/thumb/v7e-m\libc.a(lib_a-lock.o)
                0x004032fc                __retarget_lock_acquire_recursive
 .text.__retarget_lock_release_recursive
                0x00403300        0x4 c:/program files (x86)/atmel/studio/7.0/toolchain/arm/arm-gnu-toolchain/bin/../lib/gcc/arm-none-eabi/6.3.1/../../../../arm-none-eabi/lib/thumb/v7e-m\libc.a(lib_a-lock.o)
                0x00403300                __retarget_lock_release_recursive
 .text.__register_exitproc
                0x00403304       0xc4 c:/program files (x86)/atmel/studio/7.0/toolchain/arm/arm-gnu-toolchain/bin/../lib/gcc/arm-none-eabi/6.3.1/../../../../arm-none-eabi/lib/thumb/v7e-m\libc.a(lib_a-__atexit.o)
                0x00403304                __register_exitproc
 *(.glue_7t)
 .glue_7t       0x004033c8        0x0 linker stubs
 *(.glue_7)
 .glue_7        0x004033c8        0x0 linker stubs
 *(.rodata .rodata* .gnu.linkonce.r.*)
 .rodata.prvTaskExitError.str1.4
                0x004033c8       0x2d src/FreeRTOS/portable/GCC/ARM_CM4F/port.o
 *fill*         0x004033f5        0x3 
 .rodata.pvPortMalloc.str1.4
                0x004033f8       0x2a src/FreeRTOS/portable/MemMang/heap_5.o
 *fill*         0x00403422        0x2 
 .rodata.prvNotifyQueueSetContainer.str1.4
                0x00403424       0x18 src/FreeRTOS/queue.o
 .rodata.prvTaskIsTaskSuspended.str1.4
                0x0040343c       0x18 src/FreeRTOS/tasks.o
 .rodata.vTaskStartScheduler.str1.4
                0x00403454        0x5 src/FreeRTOS/tasks.o
 *fill*         0x00403459        0x3 
 .rodata.prvCheckForValidListAndQueue.str1.4
                0x0040345c        0x5 src/FreeRTOS/timers.o
 *fill*         0x00403461        0x3 
 .rodata.prvInitialiseNewTimer.str1.4
                0x00403464       0x19 src/FreeRTOS/timers.o
 *fill*         0x0040347d        0x3 
 .rodata.xTimerCreateTimerTask.str1.4
                0x00403480        0x8 src/FreeRTOS/timers.o
 .rodata.main.str1.4
                0x00403488       0x54 src/main.o
 .rodata.str1.4
                0x004034dc       0x5d src/main.o
 *fill*         0x00403539        0x3 
 .rodata.vApplicationMallocFailedHook.str1.4
                0x0040353c       0x10 src/main.o
                                  0xe (size before relaxing)
 .rodata._global_impure_ptr
                0x0040354c        0x4 c:/program files (x86)/atmel/studio/7.0/toolchain/arm/arm-gnu-toolchain/bin/../lib/gcc/arm-none-eabi/6.3.1/../../../../arm-none-eabi/lib/thumb/v7e-m\libc.a(lib_a-impure.o)
                0x0040354c                _global_impure_ptr
 *(.ARM.extab* .gnu.linkonce.armextab.*)
                0x00403550                . = ALIGN (0x4)
 *(.init)
 .init          0x00403550        0x4 c:/program files (x86)/atmel/studio/7.0/toolchain/arm/arm-gnu-toolchain/bin/../lib/gcc/arm-none-eabi/6.3.1/thumb/v7e-m/crti.o
                0x00403550                _init
 .init          0x00403554        0x8 c:/program files (x86)/atmel/studio/7.0/toolchain/arm/arm-gnu-toolchain/bin/../lib/gcc/arm-none-eabi/6.3.1/thumb/v7e-m/crtn.o
                0x0040355c                . = ALIGN (0x4)
                0x0040355c                __preinit_array_start = .
 *(.preinit_array)
                0x0040355c                __preinit_array_end = .
                0x0040355c                . = ALIGN (0x4)
                0x0040355c                __init_array_start = .
 *(SORT(.init_array.*))
 .init_array.00000
                0x0040355c        0x4 c:/program files (x86)/atmel/studio/7.0/toolchain/arm/arm-gnu-toolchain/bin/../lib/gcc/arm-none-eabi/6.3.1/../../../../arm-none-eabi/lib/thumb/v7e-m\libc.a(lib_a-__call_atexit.o)
 *(.init_array)
 .init_array    0x00403560        0x4 c:/program files (x86)/atmel/studio/7.0/toolchain/arm/arm-gnu-toolchain/bin/../lib/gcc/arm-none-eabi/6.3.1/thumb/v7e-m/crtbegin.o
                0x00403564                __init_array_end = .
                0x00403564                . = ALIGN (0x4)
 *crtbegin.o(.ctors)
 *(EXCLUDE_FILE(*crtend.o) .ctors)
 *(SORT(.ctors.*))
 *crtend.o(.ctors)
                0x00403564                . = ALIGN (0x4)
 *(.fini)
 .fini          0x00403564        0x4 c:/program files (x86)/atmel/studio/7.0/toolchain/arm/arm-gnu-toolchain/bin/../lib/gcc/arm-none-eabi/6.3.1/thumb/v7e-m/crti.o
                0x00403564                _fini
 .fini          0x00403568        0x8 c:/program files (x86)/atmel/studio/7.0/toolchain/arm/arm-gnu-toolchain/bin/../lib/gcc/arm-none-eabi/6.3.1/thumb/v7e-m/crtn.o
                0x00403570                . = ALIGN (0x4)
                0x00403570                __fini_array_start = .
 *(.fini_array)
 .fini_array    0x00403570        0x4 c:/program files (x86)/atmel/studio/7.0/toolchain/arm/arm-gnu-toolchain/bin/../lib/gcc/arm-none-eabi/6.3.1/thumb/v7e-m/crtbegin.o
 *(SORT(.fini_array.*))
                0x00403574                __fini_array_end = .
 *crtbegin.o(.dtors)
 *(EXCLUDE_FILE(*crtend.o) .dtors)
 *(SORT(.dtors.*))
 *crtend.o(.dtors)
                0x00403574                . = ALIGN (0x4)
                0x00403574                _efixed = .
                [!provide]                PROVIDE (__exidx_start, .)

.vfp11_veneer   0x00403574        0x0
 .vfp11_veneer  0x00403574        0x0 linker stubs

.v4_bx          0x00403574        0x0
 .v4_bx         0x00403574        0x0 linker stubs

.iplt           0x00403574        0x0
 .iplt          0x00403574        0x0 c:/program files (x86)/atmel/studio/7.0/toolchain/arm/arm-gnu-toolchain/bin/../lib/gcc/arm-none-eabi/6.3.1/thumb/v7e-m/crtbegin.o

.eh_frame       0x00403574        0x0
 .eh_frame      0x00403574        0x0 c:/program files (x86)/atmel/studio/7.0/toolchain/arm/arm-gnu-toolchain/bin/../lib/gcc/arm-none-eabi/6.3.1/thumb/v7e-m/crtbegin.o

.rel.dyn        0x00403574        0x0
 .rel.iplt      0x00403574        0x0 c:/program files (x86)/atmel/studio/7.0/toolchain/arm/arm-gnu-toolchain/bin/../lib/gcc/arm-none-eabi/6.3.1/thumb/v7e-m/crtbegin.o

.jcr            0x00403574        0x0
 .jcr           0x00403574        0x0 c:/program files (x86)/atmel/studio/7.0/toolchain/arm/arm-gnu-toolchain/bin/../lib/gcc/arm-none-eabi/6.3.1/thumb/v7e-m/crtbegin.o

.igot.plt       0x00403574        0x0
 .igot.plt      0x00403574        0x0 c:/program files (x86)/atmel/studio/7.0/toolchain/arm/arm-gnu-toolchain/bin/../lib/gcc/arm-none-eabi/6.3.1/thumb/v7e-m/crtbegin.o

.ARM.exidx
 *(.ARM.exidx* .gnu.linkonce.armexidx.*)
                [!provide]                PROVIDE (__exidx_end, .)
                0x00403574                . = ALIGN (0x4)
                0x00403574                _etext = .

.relocate       0x20000000      0x44c load address 0x00403574
                0x20000000                . = ALIGN (0x4)
                0x20000000                _srelocate = .
 *(.ramfunc .ramfunc.*)
 *(.data .data.*)
 .data.uxCriticalNesting
                0x20000000        0x4 src/FreeRTOS/portable/GCC/ARM_CM4F/port.o
 .data.g_interrupt_enabled
                0x20000004        0x1 src/ASF/common/utils/interrupt/interrupt_sam_nvic.o
                0x20000004                g_interrupt_enabled
 *fill*         0x20000005        0x3 
 .data.SystemCoreClock
                0x20000008        0x4 src/ASF/sam/utils/cmsis/sam4e/source/templates/system_sam4e.o
                0x20000008                SystemCoreClock
 .data.myName   0x2000000c        0x4 src/main.o
                0x2000000c                myName
 .data.uartEXT_SW1
                0x20000010        0x4 src/main.o
                0x20000010                uartEXT_SW1
 .data.uartEXT_SW2
                0x20000014        0x4 src/main.o
                0x20000014                uartEXT_SW2
 .data.uartSW0  0x20000018        0x4 src/main.o
                0x20000018                uartSW0
 *fill*         0x2000001c        0x4 
 .data.impure_data
                0x20000020      0x428 c:/program files (x86)/atmel/studio/7.0/toolchain/arm/arm-gnu-toolchain/bin/../lib/gcc/arm-none-eabi/6.3.1/../../../../arm-none-eabi/lib/thumb/v7e-m\libc.a(lib_a-impure.o)
 .data.__atexit_recursive_mutex
                0x20000448        0x4 c:/program files (x86)/atmel/studio/7.0/toolchain/arm/arm-gnu-toolchain/bin/../lib/gcc/arm-none-eabi/6.3.1/../../../../arm-none-eabi/lib/thumb/v7e-m\libc.a(lib_a-__call_atexit.o)
                0x20000448                __atexit_recursive_mutex
                0x2000044c                . = ALIGN (0x4)
                0x2000044c                _erelocate = .

.bss            0x2000044c      0x2cc load address 0x004039c0
                0x2000044c                . = ALIGN (0x4)
                0x2000044c                _sbss = .
                0x2000044c                _szero = .
 *(.bss .bss.*)
 .bss           0x2000044c       0x1c c:/program files (x86)/atmel/studio/7.0/toolchain/arm/arm-gnu-toolchain/bin/../lib/gcc/arm-none-eabi/6.3.1/thumb/v7e-m/crtbegin.o
 .bss.gs_interrupt_sources
                0x20000468       0x70 src/ASF/sam/drivers/pio/pio_handler.o
 .bss.gs_ul_nb_sources
                0x200004d8        0x4 src/ASF/sam/drivers/pio/pio_handler.o
 .bss.pio_capture_handler
                0x200004dc        0x4 src/ASF/sam/drivers/pio/pio_handler.o
 .bss.ucMaxSysCallPriority
                0x200004e0        0x1 src/FreeRTOS/portable/GCC/ARM_CM4F/port.o
 *fill*         0x200004e1        0x3 
 .bss.ulMaxPRIGROUPValue
                0x200004e4        0x4 src/FreeRTOS/portable/GCC/ARM_CM4F/port.o
 .bss.pxEnd     0x200004e8        0x4 src/FreeRTOS/portable/MemMang/heap_5.o
 .bss.xBlockAllocatedBit
                0x200004ec        0x4 src/FreeRTOS/portable/MemMang/heap_5.o
 .bss.xFreeBytesRemaining
                0x200004f0        0x4 src/FreeRTOS/portable/MemMang/heap_5.o
 .bss.xMinimumEverFreeBytesRemaining
                0x200004f4        0x4 src/FreeRTOS/portable/MemMang/heap_5.o
 .bss.xStart    0x200004f8        0x8 src/FreeRTOS/portable/MemMang/heap_5.o
 .bss.pxCurrentTCB
                0x20000500        0x4 src/FreeRTOS/tasks.o
                0x20000500                pxCurrentTCB
 .bss.pxDelayedTaskList
                0x20000504        0x4 src/FreeRTOS/tasks.o
 .bss.pxOverflowDelayedTaskList
                0x20000508        0x4 src/FreeRTOS/tasks.o
 .bss.pxReadyTasksLists
                0x2000050c       0xa0 src/FreeRTOS/tasks.o
 .bss.uxCurrentNumberOfTasks
                0x200005ac        0x4 src/FreeRTOS/tasks.o
 .bss.uxDeletedTasksWaitingCleanUp
                0x200005b0        0x4 src/FreeRTOS/tasks.o
 .bss.uxPendedTicks
                0x200005b4        0x4 src/FreeRTOS/tasks.o
 .bss.uxSchedulerSuspended
                0x200005b8        0x4 src/FreeRTOS/tasks.o
 .bss.uxTaskNumber
                0x200005bc        0x4 src/FreeRTOS/tasks.o
 .bss.uxTopReadyPriority
                0x200005c0        0x4 src/FreeRTOS/tasks.o
 .bss.xDelayedTaskList1
                0x200005c4       0x14 src/FreeRTOS/tasks.o
 .bss.xDelayedTaskList2
                0x200005d8       0x14 src/FreeRTOS/tasks.o
 .bss.xIdleTaskHandle
                0x200005ec        0x4 src/FreeRTOS/tasks.o
 .bss.xNextTaskUnblockTime
                0x200005f0        0x4 src/FreeRTOS/tasks.o
 .bss.xNumOfOverflows
                0x200005f4        0x4 src/FreeRTOS/tasks.o
 .bss.xPendingReadyList
                0x200005f8       0x14 src/FreeRTOS/tasks.o
 .bss.xSchedulerRunning
                0x2000060c        0x4 src/FreeRTOS/tasks.o
 .bss.xSuspendedTaskList
                0x20000610       0x14 src/FreeRTOS/tasks.o
 .bss.xTasksWaitingTermination
                0x20000624       0x14 src/FreeRTOS/tasks.o
 .bss.xTickCount
                0x20000638        0x4 src/FreeRTOS/tasks.o
 .bss.xYieldPending
                0x2000063c        0x4 src/FreeRTOS/tasks.o
 .bss.pxCurrentTimerList
                0x20000640        0x4 src/FreeRTOS/timers.o
 .bss.pxOverflowTimerList
                0x20000644        0x4 src/FreeRTOS/timers.o
 .bss.xActiveTimerList1
                0x20000648       0x14 src/FreeRTOS/timers.o
 .bss.xActiveTimerList2
                0x2000065c       0x14 src/FreeRTOS/timers.o
 .bss.xLastTime.6562
                0x20000670        0x4 src/FreeRTOS/timers.o
 .bss.xTimerQueue
                0x20000674        0x4 src/FreeRTOS/timers.o
 .bss.xTimerTaskHandle
                0x20000678        0x4 src/FreeRTOS/timers.o
 .bss.currButton
                0x2000067c        0x4 src/myButtons.o
                0x2000067c                currButton
 .bss.currLED   0x20000680        0x1 src/myTasks.o
                0x20000680                currLED
 *fill*         0x20000681        0x3 
 .bss.buttonHandle
                0x20000684        0x4 src/main.o
                0x20000684                buttonHandle
 .bss.ledHandle
                0x20000688        0x4 src/main.o
                0x20000688                ledHandle
 .bss.rxHandle  0x2000068c        0x4 src/main.o
                0x2000068c                rxHandle
 .bss.txHandle  0x20000690        0x4 src/main.o
                0x20000690                txHandle
 *(COMMON)
 COMMON         0x20000694        0x4 src/ASF/sam/drivers/pio/pio.o
                0x20000694                pio_capture_enable_flag
 COMMON         0x20000698       0x40 src/FreeRTOS/queue.o
                0x20000698                xQueueRegistry
 COMMON         0x200006d8       0x1c src/main.o
                0x200006d8                rxParams
                0x200006e0                theRXQ
                0x200006e4                theLEDQ
                0x200006e8                theTXQ
                0x200006ec                controlLED
 COMMON         0x200006f4       0x21 c:/program files (x86)/atmel/studio/7.0/toolchain/arm/arm-gnu-toolchain/bin/../lib/gcc/arm-none-eabi/6.3.1/../../../../arm-none-eabi/lib/thumb/v7e-m\libc.a(lib_a-lock.o)
                0x200006f4                __lock___atexit_recursive_mutex
                0x200006f8                __lock___arc4random_mutex
                0x200006fc                __lock___env_recursive_mutex
                0x20000700                __lock___sinit_recursive_mutex
                0x20000704                __lock___malloc_recursive_mutex
                0x20000708                __lock___at_quick_exit_mutex
                0x2000070c                __lock___dd_hash_mutex
                0x20000710                __lock___tz_mutex
                0x20000714                __lock___sfp_recursive_mutex
                0x20000718                . = ALIGN (0x4)
 *fill*         0x20000715        0x3 
                0x20000718                _ebss = .
                0x20000718                _ezero = .

.stack          0x20000718     0x3000 load address 0x00403c8c
                0x20000718                . = ALIGN (0x8)
                0x20000718                _sstack = .
                0x20003718                . = (. + __stack_size__)
 *fill*         0x20000718     0x3000 
                0x20003718                . = ALIGN (0x8)
                0x20003718                _estack = .
                0x20003718                . = ALIGN (0x4)
                0x20003718                _end = .
OUTPUT(Lab05.elf elf32-littlearm)

.ARM.attributes
                0x00000000       0x2e
 .ARM.attributes
                0x00000000       0x1e c:/program files (x86)/atmel/studio/7.0/toolchain/arm/arm-gnu-toolchain/bin/../lib/gcc/arm-none-eabi/6.3.1/thumb/v7e-m/crti.o
 .ARM.attributes
                0x0000001e       0x2e c:/program files (x86)/atmel/studio/7.0/toolchain/arm/arm-gnu-toolchain/bin/../lib/gcc/arm-none-eabi/6.3.1/thumb/v7e-m/crtbegin.o
 .ARM.attributes
                0x0000004c       0x37 src/ASF/sam/drivers/pio/pio.o
 .ARM.attributes
                0x00000083       0x37 src/ASF/sam/drivers/pio/pio_handler.o
 .ARM.attributes
                0x000000ba       0x37 src/FreeRTOS/list.o
 .ARM.attributes
                0x000000f1       0x37 src/FreeRTOS/portable/GCC/ARM_CM4F/port.o
 .ARM.attributes
                0x00000128       0x37 src/FreeRTOS/portable/MemMang/heap_5.o
 .ARM.attributes
                0x0000015f       0x37 src/FreeRTOS/queue.o
 .ARM.attributes
                0x00000196       0x37 src/FreeRTOS/tasks.o
 .ARM.attributes
                0x000001cd       0x37 src/FreeRTOS/timers.o
 .ARM.attributes
                0x00000204       0x37 src/ledDriver.o
 .ARM.attributes
                0x0000023b       0x37 src/myButtons.o
 .ARM.attributes
                0x00000272       0x37 src/myTasks.o
 .ARM.attributes
                0x000002a9       0x37 src/Uartdrv.o
 .ARM.attributes
                0x000002e0       0x37 src/ASF/common/services/clock/sam4e/sysclk.o
 .ARM.attributes
                0x00000317       0x37 src/ASF/common/utils/interrupt/interrupt_sam_nvic.o
 .ARM.attributes
                0x0000034e       0x37 src/ASF/sam/boards/sam4e_xplained_pro/init.o
 .ARM.attributes
                0x00000385       0x37 src/ASF/sam/drivers/pmc/pmc.o
 .ARM.attributes
                0x000003bc       0x37 src/ASF/sam/utils/cmsis/sam4e/source/templates/exceptions.o
 .ARM.attributes
                0x000003f3       0x37 src/ASF/sam/utils/cmsis/sam4e/source/templates/gcc/startup_sam4e.o
 .ARM.attributes
                0x0000042a       0x37 src/ASF/sam/utils/cmsis/sam4e/source/templates/system_sam4e.o
 .ARM.attributes
                0x00000461       0x37 src/main.o
 .ARM.attributes
                0x00000498       0x2e c:/program files (x86)/atmel/studio/7.0/toolchain/arm/arm-gnu-toolchain/bin/../lib/gcc/arm-none-eabi/6.3.1/../../../../arm-none-eabi/lib/thumb/v7e-m\libc.a(lib_a-impure.o)
 .ARM.attributes
                0x000004c6       0x2e c:/program files (x86)/atmel/studio/7.0/toolchain/arm/arm-gnu-toolchain/bin/../lib/gcc/arm-none-eabi/6.3.1/../../../../arm-none-eabi/lib/thumb/v7e-m\libc.a(lib_a-init.o)
 .ARM.attributes
                0x000004f4       0x1c c:/program files (x86)/atmel/studio/7.0/toolchain/arm/arm-gnu-toolchain/bin/../lib/gcc/arm-none-eabi/6.3.1/../../../../arm-none-eabi/lib/thumb/v7e-m\libc.a(lib_a-memcpy.o)
 .ARM.attributes
                0x00000510       0x2e c:/program files (x86)/atmel/studio/7.0/toolchain/arm/arm-gnu-toolchain/bin/../lib/gcc/arm-none-eabi/6.3.1/../../../../arm-none-eabi/lib/thumb/v7e-m\libc.a(lib_a-memset.o)
 .ARM.attributes
                0x0000053e       0x2e c:/program files (x86)/atmel/studio/7.0/toolchain/arm/arm-gnu-toolchain/bin/../lib/gcc/arm-none-eabi/6.3.1/../../../../arm-none-eabi/lib/thumb/v7e-m\libc.a(lib_a-__call_atexit.o)
 .ARM.attributes
                0x0000056c       0x2e c:/program files (x86)/atmel/studio/7.0/toolchain/arm/arm-gnu-toolchain/bin/../lib/gcc/arm-none-eabi/6.3.1/../../../../arm-none-eabi/lib/thumb/v7e-m\libc.a(lib_a-atexit.o)
 .ARM.attributes
                0x0000059a       0x2e c:/program files (x86)/atmel/studio/7.0/toolchain/arm/arm-gnu-toolchain/bin/../lib/gcc/arm-none-eabi/6.3.1/../../../../arm-none-eabi/lib/thumb/v7e-m\libc.a(lib_a-fini.o)
 .ARM.attributes
                0x000005c8       0x2e c:/program files (x86)/atmel/studio/7.0/toolchain/arm/arm-gnu-toolchain/bin/../lib/gcc/arm-none-eabi/6.3.1/../../../../arm-none-eabi/lib/thumb/v7e-m\libc.a(lib_a-lock.o)
 .ARM.attributes
                0x000005f6       0x2e c:/program files (x86)/atmel/studio/7.0/toolchain/arm/arm-gnu-toolchain/bin/../lib/gcc/arm-none-eabi/6.3.1/../../../../arm-none-eabi/lib/thumb/v7e-m\libc.a(lib_a-__atexit.o)
 .ARM.attributes
                0x00000624       0x1e c:/program files (x86)/atmel/studio/7.0/toolchain/arm/arm-gnu-toolchain/bin/../lib/gcc/arm-none-eabi/6.3.1/thumb/v7e-m/crtn.o

.comment        0x00000000       0x59
 .comment       0x00000000       0x59 src/ASF/sam/drivers/pio/pio.o
                                 0x5a (size before relaxing)
 .comment       0x00000059       0x5a src/ASF/sam/drivers/pio/pio_handler.o
 .comment       0x00000059       0x5a src/FreeRTOS/list.o
 .comment       0x00000059       0x5a src/FreeRTOS/portable/GCC/ARM_CM4F/port.o
 .comment       0x00000059       0x5a src/FreeRTOS/portable/MemMang/heap_5.o
 .comment       0x00000059       0x5a src/FreeRTOS/queue.o
 .comment       0x00000059       0x5a src/FreeRTOS/tasks.o
 .comment       0x00000059       0x5a src/FreeRTOS/timers.o
 .comment       0x00000059       0x5a src/ledDriver.o
 .comment       0x00000059       0x5a src/myButtons.o
 .comment       0x00000059       0x5a src/myTasks.o
 .comment       0x00000059       0x5a src/Uartdrv.o
 .comment       0x00000059       0x5a src/ASF/common/services/clock/sam4e/sysclk.o
 .comment       0x00000059       0x5a src/ASF/common/utils/interrupt/interrupt_sam_nvic.o
 .comment       0x00000059       0x5a src/ASF/sam/boards/sam4e_xplained_pro/init.o
 .comment       0x00000059       0x5a src/ASF/sam/drivers/pmc/pmc.o
 .comment       0x00000059       0x5a src/ASF/sam/utils/cmsis/sam4e/source/templates/exceptions.o
 .comment       0x00000059       0x5a src/ASF/sam/utils/cmsis/sam4e/source/templates/gcc/startup_sam4e.o
 .comment       0x00000059       0x5a src/ASF/sam/utils/cmsis/sam4e/source/templates/system_sam4e.o
 .comment       0x00000059       0x5a src/main.o

.debug_info     0x00000000    0x1a021
 .debug_info    0x00000000     0x20a6 src/ASF/sam/drivers/pio/pio.o
 .debug_info    0x000020a6     0x19f2 src/ASF/sam/drivers/pio/pio_handler.o
 .debug_info    0x00003a98      0xbeb src/FreeRTOS/list.o
 .debug_info    0x00004683      0x57b src/FreeRTOS/portable/GCC/ARM_CM4F/port.o
 .debug_info    0x00004bfe      0xe1a src/FreeRTOS/portable/MemMang/heap_5.o
 .debug_info    0x00005a18     0x2c0e src/FreeRTOS/queue.o
 .debug_info    0x00008626     0x2be2 src/FreeRTOS/tasks.o
 .debug_info    0x0000b208     0x1c32 src/FreeRTOS/timers.o
 .debug_info    0x0000ce3a     0x17bb src/ledDriver.o
 .debug_info    0x0000e5f5     0x1a82 src/myButtons.o
 .debug_info    0x00010077     0x1070 src/myTasks.o
 .debug_info    0x000110e7     0x199f src/Uartdrv.o
 .debug_info    0x00012a86     0x12a8 src/ASF/common/services/clock/sam4e/sysclk.o
 .debug_info    0x00013d2e      0xaff src/ASF/common/utils/interrupt/interrupt_sam_nvic.o
 .debug_info    0x0001482d     0x15d3 src/ASF/sam/boards/sam4e_xplained_pro/init.o
 .debug_info    0x00015e00     0x189e src/ASF/sam/drivers/pmc/pmc.o
 .debug_info    0x0001769e       0xdc src/ASF/sam/utils/cmsis/sam4e/source/templates/exceptions.o
 .debug_info    0x0001777a     0x1240 src/ASF/sam/utils/cmsis/sam4e/source/templates/gcc/startup_sam4e.o
 .debug_info    0x000189ba      0x495 src/ASF/sam/utils/cmsis/sam4e/source/templates/system_sam4e.o
 .debug_info    0x00018e4f     0x11d2 src/main.o

.debug_abbrev   0x00000000     0x3745
 .debug_abbrev  0x00000000      0x346 src/ASF/sam/drivers/pio/pio.o
 .debug_abbrev  0x00000346      0x372 src/ASF/sam/drivers/pio/pio_handler.o
 .debug_abbrev  0x000006b8      0x221 src/FreeRTOS/list.o
 .debug_abbrev  0x000008d9      0x247 src/FreeRTOS/portable/GCC/ARM_CM4F/port.o
 .debug_abbrev  0x00000b20      0x2c5 src/FreeRTOS/portable/MemMang/heap_5.o
 .debug_abbrev  0x00000de5      0x3c1 src/FreeRTOS/queue.o
 .debug_abbrev  0x000011a6      0x3de src/FreeRTOS/tasks.o
 .debug_abbrev  0x00001584      0x2e7 src/FreeRTOS/timers.o
 .debug_abbrev  0x0000186b      0x358 src/ledDriver.o
 .debug_abbrev  0x00001bc3      0x364 src/myButtons.o
 .debug_abbrev  0x00001f27      0x252 src/myTasks.o
 .debug_abbrev  0x00002179      0x379 src/Uartdrv.o
 .debug_abbrev  0x000024f2      0x31d src/ASF/common/services/clock/sam4e/sysclk.o
 .debug_abbrev  0x0000280f      0x221 src/ASF/common/utils/interrupt/interrupt_sam_nvic.o
 .debug_abbrev  0x00002a30      0x2e4 src/ASF/sam/boards/sam4e_xplained_pro/init.o
 .debug_abbrev  0x00002d14      0x2ff src/ASF/sam/drivers/pmc/pmc.o
 .debug_abbrev  0x00003013       0x7d src/ASF/sam/utils/cmsis/sam4e/source/templates/exceptions.o
 .debug_abbrev  0x00003090      0x2bd src/ASF/sam/utils/cmsis/sam4e/source/templates/gcc/startup_sam4e.o
 .debug_abbrev  0x0000334d      0x102 src/ASF/sam/utils/cmsis/sam4e/source/templates/system_sam4e.o
 .debug_abbrev  0x0000344f      0x2f6 src/main.o

.debug_loc      0x00000000     0x7ef8
 .debug_loc     0x00000000      0xcd1 src/ASF/sam/drivers/pio/pio.o
 .debug_loc     0x00000cd1      0x541 src/ASF/sam/drivers/pio/pio_handler.o
 .debug_loc     0x00001212       0x9c src/FreeRTOS/list.o
 .debug_loc     0x000012ae      0x21f src/FreeRTOS/portable/GCC/ARM_CM4F/port.o
 .debug_loc     0x000014cd      0x419 src/FreeRTOS/portable/MemMang/heap_5.o
 .debug_loc     0x000018e6     0x1edf src/FreeRTOS/queue.o
 .debug_loc     0x000037c5     0x1cf5 src/FreeRTOS/tasks.o
 .debug_loc     0x000054ba     0x1257 src/FreeRTOS/timers.o
 .debug_loc     0x00006711      0x4b9 src/ledDriver.o
 .debug_loc     0x00006bca      0x271 src/myButtons.o
 .debug_loc     0x00006e3b      0x195 src/myTasks.o
 .debug_loc     0x00006fd0      0x1fe src/Uartdrv.o
 .debug_loc     0x000071ce      0x18c src/ASF/common/services/clock/sam4e/sysclk.o
 .debug_loc     0x0000735a      0x13b src/ASF/sam/boards/sam4e_xplained_pro/init.o
 .debug_loc     0x00007495      0x8bd src/ASF/sam/drivers/pmc/pmc.o
 .debug_loc     0x00007d52       0x84 src/ASF/sam/utils/cmsis/sam4e/source/templates/gcc/startup_sam4e.o
 .debug_loc     0x00007dd6      0x122 src/main.o

.debug_aranges  0x00000000      0xac8
 .debug_aranges
                0x00000000      0x1a8 src/ASF/sam/drivers/pio/pio.o
 .debug_aranges
                0x000001a8       0x68 src/ASF/sam/drivers/pio/pio_handler.o
 .debug_aranges
                0x00000210       0x40 src/FreeRTOS/list.o
 .debug_aranges
                0x00000250       0x80 src/FreeRTOS/portable/GCC/ARM_CM4F/port.o
 .debug_aranges
                0x000002d0       0x48 src/FreeRTOS/portable/MemMang/heap_5.o
 .debug_aranges
                0x00000318      0x148 src/FreeRTOS/queue.o
 .debug_aranges
                0x00000460      0x1a0 src/FreeRTOS/tasks.o
 .debug_aranges
                0x00000600       0xd0 src/FreeRTOS/timers.o
 .debug_aranges
                0x000006d0       0x38 src/ledDriver.o
 .debug_aranges
                0x00000708       0x30 src/myButtons.o
 .debug_aranges
                0x00000738       0x40 src/myTasks.o
 .debug_aranges
                0x00000778       0x38 src/Uartdrv.o
 .debug_aranges
                0x000007b0       0x40 src/ASF/common/services/clock/sam4e/sysclk.o
 .debug_aranges
                0x000007f0       0x28 src/ASF/common/utils/interrupt/interrupt_sam_nvic.o
 .debug_aranges
                0x00000818       0x20 src/ASF/sam/boards/sam4e_xplained_pro/init.o
 .debug_aranges
                0x00000838      0x1d8 src/ASF/sam/drivers/pmc/pmc.o
 .debug_aranges
                0x00000a10       0x20 src/ASF/sam/utils/cmsis/sam4e/source/templates/exceptions.o
 .debug_aranges
                0x00000a30       0x20 src/ASF/sam/utils/cmsis/sam4e/source/templates/gcc/startup_sam4e.o
 .debug_aranges
                0x00000a50       0x30 src/ASF/sam/utils/cmsis/sam4e/source/templates/system_sam4e.o
 .debug_aranges
                0x00000a80       0x48 src/main.o

.debug_ranges   0x00000000      0xbb8
 .debug_ranges  0x00000000      0x198 src/ASF/sam/drivers/pio/pio.o
 .debug_ranges  0x00000198       0x70 src/ASF/sam/drivers/pio/pio_handler.o
 .debug_ranges  0x00000208       0x30 src/FreeRTOS/list.o
 .debug_ranges  0x00000238       0x88 src/FreeRTOS/portable/GCC/ARM_CM4F/port.o
 .debug_ranges  0x000002c0       0x38 src/FreeRTOS/portable/MemMang/heap_5.o
 .debug_ranges  0x000002f8      0x200 src/FreeRTOS/queue.o
 .debug_ranges  0x000004f8      0x268 src/FreeRTOS/tasks.o
 .debug_ranges  0x00000760       0xc0 src/FreeRTOS/timers.o
 .debug_ranges  0x00000820       0x88 src/ledDriver.o
 .debug_ranges  0x000008a8       0x20 src/myButtons.o
 .debug_ranges  0x000008c8       0x30 src/myTasks.o
 .debug_ranges  0x000008f8       0x28 src/Uartdrv.o
 .debug_ranges  0x00000920       0x30 src/ASF/common/services/clock/sam4e/sysclk.o
 .debug_ranges  0x00000950       0x18 src/ASF/common/utils/interrupt/interrupt_sam_nvic.o
 .debug_ranges  0x00000968       0x10 src/ASF/sam/boards/sam4e_xplained_pro/init.o
 .debug_ranges  0x00000978      0x1c8 src/ASF/sam/drivers/pmc/pmc.o
 .debug_ranges  0x00000b40       0x10 src/ASF/sam/utils/cmsis/sam4e/source/templates/exceptions.o
 .debug_ranges  0x00000b50       0x10 src/ASF/sam/utils/cmsis/sam4e/source/templates/gcc/startup_sam4e.o
 .debug_ranges  0x00000b60       0x20 src/ASF/sam/utils/cmsis/sam4e/source/templates/system_sam4e.o
 .debug_ranges  0x00000b80       0x38 src/main.o

.debug_macro    0x00000000    0x19494
 .debug_macro   0x00000000      0x5b2 src/ASF/sam/drivers/pio/pio.o
 .debug_macro   0x000005b2      0x8ce src/ASF/sam/drivers/pio/pio.o
 .debug_macro   0x00000e80      0x16d src/ASF/sam/drivers/pio/pio.o
 .debug_macro   0x00000fed      0x708 src/ASF/sam/drivers/pio/pio.o
 .debug_macro   0x000016f5       0x76 src/ASF/sam/drivers/pio/pio.o
 .debug_macro   0x0000176b       0x16 src/ASF/sam/drivers/pio/pio.o
 .debug_macro   0x00001781      0x6da src/ASF/sam/drivers/pio/pio.o
 .debug_macro   0x00001e5b       0x22 src/ASF/sam/drivers/pio/pio.o
 .debug_macro   0x00001e7d       0x87 src/ASF/sam/drivers/pio/pio.o
 .debug_macro   0x00001f04       0x51 src/ASF/sam/drivers/pio/pio.o
 .debug_macro   0x00001f55       0xef src/ASF/sam/drivers/pio/pio.o
 .debug_macro   0x00002044       0x6a src/ASF/sam/drivers/pio/pio.o
 .debug_macro   0x000020ae      0x1df src/ASF/sam/drivers/pio/pio.o
 .debug_macro   0x0000228d       0x27 src/ASF/sam/drivers/pio/pio.o
 .debug_macro   0x000022b4       0x1c src/ASF/sam/drivers/pio/pio.o
 .debug_macro   0x000022d0       0x22 src/ASF/sam/drivers/pio/pio.o
 .debug_macro   0x000022f2       0xdf src/ASF/sam/drivers/pio/pio.o
 .debug_macro   0x000023d1     0x102d src/ASF/sam/drivers/pio/pio.o
 .debug_macro   0x000033fe      0x11f src/ASF/sam/drivers/pio/pio.o
 .debug_macro   0x0000351d      0x154 src/ASF/sam/drivers/pio/pio.o
 .debug_macro   0x00003671      0x18f src/ASF/sam/drivers/pio/pio.o
 .debug_macro   0x00003800      0xbec src/ASF/sam/drivers/pio/pio.o
 .debug_macro   0x000043ec      0x535 src/ASF/sam/drivers/pio/pio.o
 .debug_macro   0x00004921      0x196 src/ASF/sam/drivers/pio/pio.o
 .debug_macro   0x00004ab7      0x11e src/ASF/sam/drivers/pio/pio.o
 .debug_macro   0x00004bd5      0x428 src/ASF/sam/drivers/pio/pio.o
 .debug_macro   0x00004ffd      0x541 src/ASF/sam/drivers/pio/pio.o
 .debug_macro   0x0000553e      0x106 src/ASF/sam/drivers/pio/pio.o
 .debug_macro   0x00005644      0xa74 src/ASF/sam/drivers/pio/pio.o
 .debug_macro   0x000060b8       0x1c src/ASF/sam/drivers/pio/pio.o
 .debug_macro   0x000060d4      0x735 src/ASF/sam/drivers/pio/pio.o
 .debug_macro   0x00006809      0x44d src/ASF/sam/drivers/pio/pio.o
 .debug_macro   0x00006c56       0xbe src/ASF/sam/drivers/pio/pio.o
 .debug_macro   0x00006d14     0x28b1 src/ASF/sam/drivers/pio/pio.o
 .debug_macro   0x000095c5      0x834 src/ASF/sam/drivers/pio/pio.o
 .debug_macro   0x00009df9      0xb28 src/ASF/sam/drivers/pio/pio.o
 .debug_macro   0x0000a921       0x9a src/ASF/sam/drivers/pio/pio.o
 .debug_macro   0x0000a9bb       0x76 src/ASF/sam/drivers/pio/pio.o
 .debug_macro   0x0000aa31      0x3cf src/ASF/sam/drivers/pio/pio.o
 .debug_macro   0x0000ae00       0x64 src/ASF/sam/drivers/pio/pio.o
 .debug_macro   0x0000ae64      0x1a6 src/ASF/sam/drivers/pio/pio.o
 .debug_macro   0x0000b00a      0x37c src/ASF/sam/drivers/pio/pio.o
 .debug_macro   0x0000b386      0x6fd src/ASF/sam/drivers/pio/pio.o
 .debug_macro   0x0000ba83      0x6f4 src/ASF/sam/drivers/pio/pio.o
 .debug_macro   0x0000c177      0x377 src/ASF/sam/drivers/pio/pio.o
 .debug_macro   0x0000c4ee      0x2a1 src/ASF/sam/drivers/pio/pio.o
 .debug_macro   0x0000c78f      0x2cd src/ASF/sam/drivers/pio/pio.o
 .debug_macro   0x0000ca5c      0x6b2 src/ASF/sam/drivers/pio/pio.o
 .debug_macro   0x0000d10e       0x76 src/ASF/sam/drivers/pio/pio.o
 .debug_macro   0x0000d184      0x2e9 src/ASF/sam/drivers/pio/pio.o
 .debug_macro   0x0000d46d       0x46 src/ASF/sam/drivers/pio/pio.o
 .debug_macro   0x0000d4b3      0x21b src/ASF/sam/drivers/pio/pio.o
 .debug_macro   0x0000d6ce      0x21b src/ASF/sam/drivers/pio/pio.o
 .debug_macro   0x0000d8e9      0x287 src/ASF/sam/drivers/pio/pio.o
 .debug_macro   0x0000db70       0x88 src/ASF/sam/drivers/pio/pio.o
 .debug_macro   0x0000dbf8       0x82 src/ASF/sam/drivers/pio/pio.o
 .debug_macro   0x0000dc7a       0xb8 src/ASF/sam/drivers/pio/pio.o
 .debug_macro   0x0000dd32       0x52 src/ASF/sam/drivers/pio/pio.o
 .debug_macro   0x0000dd84       0x88 src/ASF/sam/drivers/pio/pio.o
 .debug_macro   0x0000de0c      0x1bb src/ASF/sam/drivers/pio/pio.o
 .debug_macro   0x0000dfc7      0x1bb src/ASF/sam/drivers/pio/pio.o
 .debug_macro   0x0000e182      0x12b src/ASF/sam/drivers/pio/pio.o
 .debug_macro   0x0000e2ad       0xac src/ASF/sam/drivers/pio/pio.o
 .debug_macro   0x0000e359       0xac src/ASF/sam/drivers/pio/pio.o
 .debug_macro   0x0000e405       0x94 src/ASF/sam/drivers/pio/pio.o
 .debug_macro   0x0000e499       0x94 src/ASF/sam/drivers/pio/pio.o
 .debug_macro   0x0000e52d       0xdc src/ASF/sam/drivers/pio/pio.o
 .debug_macro   0x0000e609       0xdc src/ASF/sam/drivers/pio/pio.o
 .debug_macro   0x0000e6e5       0x7c src/ASF/sam/drivers/pio/pio.o
 .debug_macro   0x0000e761       0x40 src/ASF/sam/drivers/pio/pio.o
 .debug_macro   0x0000e7a1       0xee src/ASF/sam/drivers/pio/pio.o
 .debug_macro   0x0000e88f       0x46 src/ASF/sam/drivers/pio/pio.o
 .debug_macro   0x0000e8d5       0x58 src/ASF/sam/drivers/pio/pio.o
 .debug_macro   0x0000e92d       0xa6 src/ASF/sam/drivers/pio/pio.o
 .debug_macro   0x0000e9d3       0x82 src/ASF/sam/drivers/pio/pio.o
 .debug_macro   0x0000ea55       0x16 src/ASF/sam/drivers/pio/pio.o
 .debug_macro   0x0000ea6b       0x22 src/ASF/sam/drivers/pio/pio.o
 .debug_macro   0x0000ea8d      0x193 src/ASF/sam/drivers/pio/pio.o
 .debug_macro   0x0000ec20      0x163 src/ASF/sam/drivers/pio/pio.o
 .debug_macro   0x0000ed83      0x163 src/ASF/sam/drivers/pio/pio.o
 .debug_macro   0x0000eee6      0x163 src/ASF/sam/drivers/pio/pio.o
 .debug_macro   0x0000f049      0x163 src/ASF/sam/drivers/pio/pio.o
 .debug_macro   0x0000f1ac       0x1c src/ASF/sam/drivers/pio/pio.o
 .debug_macro   0x0000f1c8       0x2e src/ASF/sam/drivers/pio/pio.o
 .debug_macro   0x0000f1f6       0x22 src/ASF/sam/drivers/pio/pio.o
 .debug_macro   0x0000f218       0x1c src/ASF/sam/drivers/pio/pio.o
 .debug_macro   0x0000f234       0x52 src/ASF/sam/drivers/pio/pio.o
 .debug_macro   0x0000f286       0x10 src/ASF/sam/drivers/pio/pio.o
 .debug_macro   0x0000f296       0x1c src/ASF/sam/drivers/pio/pio.o
 .debug_macro   0x0000f2b2      0x2b2 src/ASF/sam/drivers/pio/pio.o
 .debug_macro   0x0000f564      0xc83 src/ASF/sam/drivers/pio/pio.o
 .debug_macro   0x000101e7      0x10e src/ASF/sam/drivers/pio/pio.o
 .debug_macro   0x000102f5       0x58 src/ASF/sam/drivers/pio/pio.o
 .debug_macro   0x0001034d       0x35 src/ASF/sam/drivers/pio/pio.o
 .debug_macro   0x00010382       0x9c src/ASF/sam/drivers/pio/pio.o
 .debug_macro   0x0001041e       0x16 src/ASF/sam/drivers/pio/pio.o
 .debug_macro   0x00010434       0x35 src/ASF/sam/drivers/pio/pio.o
 .debug_macro   0x00010469      0x34d src/ASF/sam/drivers/pio/pio.o
 .debug_macro   0x000107b6       0x10 src/ASF/sam/drivers/pio/pio.o
 .debug_macro   0x000107c6       0x58 src/ASF/sam/drivers/pio/pio.o
 .debug_macro   0x0001081e       0x1f src/ASF/sam/drivers/pio/pio.o
 .debug_macro   0x0001083d       0x43 src/ASF/sam/drivers/pio/pio.o
 .debug_macro   0x00010880       0x20 src/ASF/sam/drivers/pio/pio.o
 .debug_macro   0x000108a0      0x187 src/ASF/sam/drivers/pio/pio.o
 .debug_macro   0x00010a27       0x10 src/ASF/sam/drivers/pio/pio.o
 .debug_macro   0x00010a37       0x1c src/ASF/sam/drivers/pio/pio.o
 .debug_macro   0x00010a53       0x52 src/ASF/sam/drivers/pio/pio.o
 .debug_macro   0x00010aa5       0x40 src/ASF/sam/drivers/pio/pio.o
 .debug_macro   0x00010ae5       0x10 src/ASF/sam/drivers/pio/pio.o
 .debug_macro   0x00010af5       0x40 src/ASF/sam/drivers/pio/pio.o
 .debug_macro   0x00010b35       0xd7 src/ASF/sam/drivers/pio/pio.o
 .debug_macro   0x00010c0c       0x16 src/ASF/sam/drivers/pio/pio.o
 .debug_macro   0x00010c22      0x18b src/ASF/sam/drivers/pio/pio.o
 .debug_macro   0x00010dad       0x22 src/ASF/sam/drivers/pio/pio.o
 .debug_macro   0x00010dcf       0x16 src/ASF/sam/drivers/pio/pio.o
 .debug_macro   0x00010de5       0x16 src/ASF/sam/drivers/pio/pio.o
 .debug_macro   0x00010dfb       0x29 src/ASF/sam/drivers/pio/pio.o
 .debug_macro   0x00010e24       0x73 src/ASF/sam/drivers/pio/pio.o
 .debug_macro   0x00010e97       0x3e src/ASF/sam/drivers/pio/pio.o
 .debug_macro   0x00010ed5      0x3ca src/ASF/sam/drivers/pio/pio.o
 .debug_macro   0x0001129f       0x8e src/ASF/sam/drivers/pio/pio.o
 .debug_macro   0x0001132d      0x5bc src/ASF/sam/drivers/pio/pio_handler.o
 .debug_macro   0x000118e9      0x18b src/FreeRTOS/list.o
 .debug_macro   0x00011a74       0x52 src/FreeRTOS/list.o
 .debug_macro   0x00011ac6       0x8d src/FreeRTOS/list.o
 .debug_macro   0x00011b53      0x10e src/FreeRTOS/list.o
 .debug_macro   0x00011c61       0x86 src/FreeRTOS/list.o
 .debug_macro   0x00011ce7       0x57 src/FreeRTOS/list.o
 .debug_macro   0x00011d3e      0x353 src/FreeRTOS/list.o
 .debug_macro   0x00012091      0x186 src/FreeRTOS/list.o
 .debug_macro   0x00012217      0x15a src/FreeRTOS/list.o
 .debug_macro   0x00012371       0xde src/FreeRTOS/list.o
 .debug_macro   0x0001244f       0x1c src/FreeRTOS/list.o
 .debug_macro   0x0001246b       0x26 src/FreeRTOS/list.o
 .debug_macro   0x00012491      0x4a2 src/FreeRTOS/list.o
 .debug_macro   0x00012933       0xb5 src/FreeRTOS/list.o
 .debug_macro   0x000129e8      0x1a6 src/FreeRTOS/portable/GCC/ARM_CM4F/port.o
 .debug_macro   0x00012b8e       0xaa src/FreeRTOS/portable/GCC/ARM_CM4F/port.o
 .debug_macro   0x00012c38      0x1b2 src/FreeRTOS/portable/MemMang/heap_5.o
 .debug_macro   0x00012dea      0x20b src/FreeRTOS/queue.o
 .debug_macro   0x00012ff5       0x16 src/FreeRTOS/queue.o
 .debug_macro   0x0001300b       0x80 src/FreeRTOS/queue.o
 .debug_macro   0x0001308b      0x325 src/FreeRTOS/tasks.o
 .debug_macro   0x000133b0       0x91 src/FreeRTOS/tasks.o
 .debug_macro   0x00013441       0x10 src/FreeRTOS/tasks.o
 .debug_macro   0x00013451       0x1c src/FreeRTOS/tasks.o
 .debug_macro   0x0001346d      0x1e0 src/FreeRTOS/timers.o
 .debug_macro   0x0001364d       0x97 src/FreeRTOS/timers.o
 .debug_macro   0x000136e4      0x6ef src/ledDriver.o
 .debug_macro   0x00013dd3      0x2d8 src/ledDriver.o
 .debug_macro   0x000140ab      0x943 src/ledDriver.o
 .debug_macro   0x000149ee       0x34 src/ledDriver.o
 .debug_macro   0x00014a22       0x58 src/ledDriver.o
 .debug_macro   0x00014a7a       0x64 src/ledDriver.o
 .debug_macro   0x00014ade       0x40 src/ledDriver.o
 .debug_macro   0x00014b1e       0x82 src/ledDriver.o
 .debug_macro   0x00014ba0       0x82 src/ledDriver.o
 .debug_macro   0x00014c22       0x94 src/ledDriver.o
 .debug_macro   0x00014cb6       0x34 src/ledDriver.o
 .debug_macro   0x00014cea       0x16 src/ledDriver.o
 .debug_macro   0x00014d00       0x1c src/ledDriver.o
 .debug_macro   0x00014d1c      0x18c src/ledDriver.o
 .debug_macro   0x00014ea8       0x8e src/ledDriver.o
 .debug_macro   0x00014f36      0x709 src/myButtons.o
 .debug_macro   0x0001563f      0x761 src/myTasks.o
 .debug_macro   0x00015da0       0x3a src/myTasks.o
 .debug_macro   0x00015dda      0x737 src/Uartdrv.o
 .debug_macro   0x00016511      0x624 src/ASF/common/services/clock/sam4e/sysclk.o
 .debug_macro   0x00016b35      0x2d2 src/ASF/common/services/clock/sam4e/sysclk.o
 .debug_macro   0x00016e07      0x59d src/ASF/common/utils/interrupt/interrupt_sam_nvic.o
 .debug_macro   0x000173a4      0x657 src/ASF/sam/boards/sam4e_xplained_pro/init.o
 .debug_macro   0x000179fb      0x5b2 src/ASF/sam/drivers/pmc/pmc.o
 .debug_macro   0x00017fad       0x52 src/ASF/sam/drivers/pmc/pmc.o
 .debug_macro   0x00017fff      0x3a4 src/ASF/sam/utils/cmsis/sam4e/source/templates/exceptions.o
 .debug_macro   0x000183a3      0x5b6 src/ASF/sam/utils/cmsis/sam4e/source/templates/gcc/startup_sam4e.o
 .debug_macro   0x00018959       0x10 src/ASF/sam/utils/cmsis/sam4e/source/templates/gcc/startup_sam4e.o
 .debug_macro   0x00018969      0x3b2 src/ASF/sam/utils/cmsis/sam4e/source/templates/system_sam4e.o
 .debug_macro   0x00018d1b      0x779 src/main.o

.debug_line     0x00000000     0xca6a
 .debug_line    0x00000000      0xd75 src/ASF/sam/drivers/pio/pio.o
 .debug_line    0x00000d75      0xa1f src/ASF/sam/drivers/pio/pio_handler.o
 .debug_line    0x00001794      0x45c src/FreeRTOS/list.o
 .debug_line    0x00001bf0      0x4e2 src/FreeRTOS/portable/GCC/ARM_CM4F/port.o
 .debug_line    0x000020d2      0x51e src/FreeRTOS/portable/MemMang/heap_5.o
 .debug_line    0x000025f0      0xc31 src/FreeRTOS/queue.o
 .debug_line    0x00003221      0xd78 src/FreeRTOS/tasks.o
 .debug_line    0x00003f99      0x6f9 src/FreeRTOS/timers.o
 .debug_line    0x00004692      0xca5 src/ledDriver.o
 .debug_line    0x00005337      0xcac src/myButtons.o
 .debug_line    0x00005fe3      0xcd0 src/myTasks.o
 .debug_line    0x00006cb3      0xc9f src/Uartdrv.o
 .debug_line    0x00007952      0xab3 src/ASF/common/services/clock/sam4e/sysclk.o
 .debug_line    0x00008405      0x930 src/ASF/common/utils/interrupt/interrupt_sam_nvic.o
 .debug_line    0x00008d35      0xaba src/ASF/sam/boards/sam4e_xplained_pro/init.o
 .debug_line    0x000097ef      0xe60 src/ASF/sam/drivers/pmc/pmc.o
 .debug_line    0x0000a64f      0x697 src/ASF/sam/utils/cmsis/sam4e/source/templates/exceptions.o
 .debug_line    0x0000ace6      0x9a1 src/ASF/sam/utils/cmsis/sam4e/source/templates/gcc/startup_sam4e.o
 .debug_line    0x0000b687      0x709 src/ASF/sam/utils/cmsis/sam4e/source/templates/system_sam4e.o
 .debug_line    0x0000bd90      0xcda src/main.o

.debug_str      0x00000000    0x6a715
 .debug_str     0x00000000    0x5c139 src/ASF/sam/drivers/pio/pio.o
                              0x5c62e (size before relaxing)
 .debug_str     0x0005c139      0x41f src/ASF/sam/drivers/pio/pio_handler.o
                              0x5c5df (size before relaxing)
 .debug_str     0x0005c558     0x3a50 src/FreeRTOS/list.o
                               0xa002 (size before relaxing)
 .debug_str     0x0005ffa8      0xefe src/FreeRTOS/portable/GCC/ARM_CM4F/port.o
                               0x8090 (size before relaxing)
 .debug_str     0x00060ea6      0x331 src/FreeRTOS/portable/MemMang/heap_5.o
                               0xa8a3 (size before relaxing)
 .debug_str     0x000611d7     0x115a src/FreeRTOS/queue.o
                               0xb92e (size before relaxing)
 .debug_str     0x00062331     0x1932 src/FreeRTOS/tasks.o
                               0xd531 (size before relaxing)
 .debug_str     0x00063c63      0x563 src/FreeRTOS/timers.o
                               0xbcc2 (size before relaxing)
 .debug_str     0x000641c6     0x4cd6 src/ledDriver.o
                              0x63eed (size before relaxing)
 .debug_str     0x00068e9c      0x17c src/myButtons.o
                              0x65119 (size before relaxing)
 .debug_str     0x00069018      0x2ab src/myTasks.o
                              0x652b0 (size before relaxing)
 .debug_str     0x000692c3       0xfc src/Uartdrv.o
                              0x657cb (size before relaxing)
 .debug_str     0x000693bf      0x34d src/ASF/common/services/clock/sam4e/sysclk.o
                              0x60381 (size before relaxing)
 .debug_str     0x0006970c       0x94 src/ASF/common/utils/interrupt/interrupt_sam_nvic.o
                              0x5ba54 (size before relaxing)
 .debug_str     0x000697a0      0x218 src/ASF/sam/boards/sam4e_xplained_pro/init.o
                              0x60971 (size before relaxing)
 .debug_str     0x000699b8      0x54b src/ASF/sam/drivers/pmc/pmc.o
                              0x5c3dc (size before relaxing)
 .debug_str     0x00069f03       0x4d src/ASF/sam/utils/cmsis/sam4e/source/templates/exceptions.o
                              0x4b23a (size before relaxing)
 .debug_str     0x00069f50      0x508 src/ASF/sam/utils/cmsis/sam4e/source/templates/gcc/startup_sam4e.o
                              0x5c00b (size before relaxing)
 .debug_str     0x0006a458      0x17b src/ASF/sam/utils/cmsis/sam4e/source/templates/system_sam4e.o
                              0x4b504 (size before relaxing)
 .debug_str     0x0006a5d3      0x142 src/main.o
                              0x65478 (size before relaxing)

.debug_frame    0x00000000     0x1cc0
 .debug_frame   0x00000000      0x3c8 src/ASF/sam/drivers/pio/pio.o
 .debug_frame   0x000003c8      0x120 src/ASF/sam/drivers/pio/pio_handler.o
 .debug_frame   0x000004e8       0x6c src/FreeRTOS/list.o
 .debug_frame   0x00000554      0x124 src/FreeRTOS/portable/GCC/ARM_CM4F/port.o
 .debug_frame   0x00000678       0xac src/FreeRTOS/portable/MemMang/heap_5.o
 .debug_frame   0x00000724      0x42c src/FreeRTOS/queue.o
 .debug_frame   0x00000b50      0x520 src/FreeRTOS/tasks.o
 .debug_frame   0x00001070      0x2b4 src/FreeRTOS/timers.o
 .debug_frame   0x00001324       0x68 src/ledDriver.o
 .debug_frame   0x0000138c       0x6c src/myButtons.o
 .debug_frame   0x000013f8       0x9c src/myTasks.o
 .debug_frame   0x00001494       0x74 src/Uartdrv.o
 .debug_frame   0x00001508       0x88 src/ASF/common/services/clock/sam4e/sysclk.o
 .debug_frame   0x00001590       0x30 src/ASF/common/utils/interrupt/interrupt_sam_nvic.o
 .debug_frame   0x000015c0       0x28 src/ASF/sam/boards/sam4e_xplained_pro/init.o
 .debug_frame   0x000015e8      0x3b4 src/ASF/sam/drivers/pmc/pmc.o
 .debug_frame   0x0000199c       0x20 src/ASF/sam/utils/cmsis/sam4e/source/templates/exceptions.o
 .debug_frame   0x000019bc       0x28 src/ASF/sam/utils/cmsis/sam4e/source/templates/gcc/startup_sam4e.o
 .debug_frame   0x000019e4       0x40 src/ASF/sam/utils/cmsis/sam4e/source/templates/system_sam4e.o
 .debug_frame   0x00001a24       0xa8 src/main.o
 .debug_frame   0x00001acc       0x2c c:/program files (x86)/atmel/studio/7.0/toolchain/arm/arm-gnu-toolchain/bin/../lib/gcc/arm-none-eabi/6.3.1/../../../../arm-none-eabi/lib/thumb/v7e-m\libc.a(lib_a-init.o)
 .debug_frame   0x00001af8       0x34 c:/program files (x86)/atmel/studio/7.0/toolchain/arm/arm-gnu-toolchain/bin/../lib/gcc/arm-none-eabi/6.3.1/../../../../arm-none-eabi/lib/thumb/v7e-m\libc.a(lib_a-memset.o)
 .debug_frame   0x00001b2c       0x5c c:/program files (x86)/atmel/studio/7.0/toolchain/arm/arm-gnu-toolchain/bin/../lib/gcc/arm-none-eabi/6.3.1/../../../../arm-none-eabi/lib/thumb/v7e-m\libc.a(lib_a-__call_atexit.o)
 .debug_frame   0x00001b88       0x20 c:/program files (x86)/atmel/studio/7.0/toolchain/arm/arm-gnu-toolchain/bin/../lib/gcc/arm-none-eabi/6.3.1/../../../../arm-none-eabi/lib/thumb/v7e-m\libc.a(lib_a-atexit.o)
 .debug_frame   0x00001ba8       0x34 c:/program files (x86)/atmel/studio/7.0/toolchain/arm/arm-gnu-toolchain/bin/../lib/gcc/arm-none-eabi/6.3.1/../../../../arm-none-eabi/lib/thumb/v7e-m\libc.a(lib_a-fini.o)
 .debug_frame   0x00001bdc       0xb0 c:/program files (x86)/atmel/studio/7.0/toolchain/arm/arm-gnu-toolchain/bin/../lib/gcc/arm-none-eabi/6.3.1/../../../../arm-none-eabi/lib/thumb/v7e-m\libc.a(lib_a-lock.o)
 .debug_frame   0x00001c8c       0x34 c:/program files (x86)/atmel/studio/7.0/toolchain/arm/arm-gnu-toolchain/bin/../lib/gcc/arm-none-eabi/6.3.1/../../../../arm-none-eabi/lib/thumb/v7e-m\libc.a(lib_a-__atexit.o)

Cross Reference Table

Symbol                                            File
ACC_Handler                                       src/ASF/sam/utils/cmsis/sam4e/source/templates/exceptions.o
                                                  src/ASF/sam/utils/cmsis/sam4e/source/templates/gcc/startup_sam4e.o
AES_Handler                                       src/ASF/sam/utils/cmsis/sam4e/source/templates/exceptions.o
                                                  src/ASF/sam/utils/cmsis/sam4e/source/templates/gcc/startup_sam4e.o
AFEC0_Handler                                     src/ASF/sam/utils/cmsis/sam4e/source/templates/exceptions.o
                                                  src/ASF/sam/utils/cmsis/sam4e/source/templates/gcc/startup_sam4e.o
AFEC1_Handler                                     src/ASF/sam/utils/cmsis/sam4e/source/templates/exceptions.o
                                                  src/ASF/sam/utils/cmsis/sam4e/source/templates/gcc/startup_sam4e.o
ARM_Handler                                       src/ASF/sam/utils/cmsis/sam4e/source/templates/exceptions.o
                                                  src/ASF/sam/utils/cmsis/sam4e/source/templates/gcc/startup_sam4e.o
BusFault_Handler                                  src/ASF/sam/utils/cmsis/sam4e/source/templates/exceptions.o
                                                  src/ASF/sam/utils/cmsis/sam4e/source/templates/gcc/startup_sam4e.o
CAN0_Handler                                      src/ASF/sam/utils/cmsis/sam4e/source/templates/exceptions.o
                                                  src/ASF/sam/utils/cmsis/sam4e/source/templates/gcc/startup_sam4e.o
CAN1_Handler                                      src/ASF/sam/utils/cmsis/sam4e/source/templates/exceptions.o
                                                  src/ASF/sam/utils/cmsis/sam4e/source/templates/gcc/startup_sam4e.o
DACC_Handler                                      src/ASF/sam/utils/cmsis/sam4e/source/templates/exceptions.o
                                                  src/ASF/sam/utils/cmsis/sam4e/source/templates/gcc/startup_sam4e.o
DMAC_Handler                                      src/ASF/sam/utils/cmsis/sam4e/source/templates/exceptions.o
                                                  src/ASF/sam/utils/cmsis/sam4e/source/templates/gcc/startup_sam4e.o
DebugMon_Handler                                  src/ASF/sam/utils/cmsis/sam4e/source/templates/exceptions.o
                                                  src/ASF/sam/utils/cmsis/sam4e/source/templates/gcc/startup_sam4e.o
Dummy_Handler                                     src/ASF/sam/utils/cmsis/sam4e/source/templates/exceptions.o
                                                  src/ASF/sam/utils/cmsis/sam4e/source/templates/gcc/startup_sam4e.o
EFC_Handler                                       src/ASF/sam/utils/cmsis/sam4e/source/templates/exceptions.o
                                                  src/ASF/sam/utils/cmsis/sam4e/source/templates/gcc/startup_sam4e.o
GMAC_Handler                                      src/ASF/sam/utils/cmsis/sam4e/source/templates/exceptions.o
                                                  src/ASF/sam/utils/cmsis/sam4e/source/templates/gcc/startup_sam4e.o
HSMCI_Handler                                     src/ASF/sam/utils/cmsis/sam4e/source/templates/exceptions.o
                                                  src/ASF/sam/utils/cmsis/sam4e/source/templates/gcc/startup_sam4e.o
HardFault_Handler                                 src/ASF/sam/utils/cmsis/sam4e/source/templates/exceptions.o
                                                  src/ASF/sam/utils/cmsis/sam4e/source/templates/gcc/startup_sam4e.o
MemManage_Handler                                 src/ASF/sam/utils/cmsis/sam4e/source/templates/exceptions.o
                                                  src/ASF/sam/utils/cmsis/sam4e/source/templates/gcc/startup_sam4e.o
NMI_Handler                                       src/ASF/sam/utils/cmsis/sam4e/source/templates/exceptions.o
                                                  src/ASF/sam/utils/cmsis/sam4e/source/templates/gcc/startup_sam4e.o
PIOA_Handler                                      src/ASF/sam/drivers/pio/pio_handler.o
                                                  src/ASF/sam/utils/cmsis/sam4e/source/templates/gcc/startup_sam4e.o
PIOB_Handler                                      src/ASF/sam/drivers/pio/pio_handler.o
                                                  src/ASF/sam/utils/cmsis/sam4e/source/templates/gcc/startup_sam4e.o
PIOC_Handler                                      src/ASF/sam/drivers/pio/pio_handler.o
                                                  src/ASF/sam/utils/cmsis/sam4e/source/templates/gcc/startup_sam4e.o
PIOD_Handler                                      src/ASF/sam/drivers/pio/pio_handler.o
                                                  src/ASF/sam/utils/cmsis/sam4e/source/templates/gcc/startup_sam4e.o
PIOE_Handler                                      src/ASF/sam/drivers/pio/pio_handler.o
                                                  src/ASF/sam/utils/cmsis/sam4e/source/templates/gcc/startup_sam4e.o
PMC_Handler                                       src/ASF/sam/utils/cmsis/sam4e/source/templates/exceptions.o
                                                  src/ASF/sam/utils/cmsis/sam4e/source/templates/gcc/startup_sam4e.o
PWM_Handler                                       src/ASF/sam/utils/cmsis/sam4e/source/templates/exceptions.o
                                                  src/ASF/sam/utils/cmsis/sam4e/source/templates/gcc/startup_sam4e.o
PendSV_Handler                                    src/FreeRTOS/portable/GCC/ARM_CM4F/port.o
                                                  src/ASF/sam/utils/cmsis/sam4e/source/templates/gcc/startup_sam4e.o
RSTC_Handler                                      src/ASF/sam/utils/cmsis/sam4e/source/templates/exceptions.o
                                                  src/ASF/sam/utils/cmsis/sam4e/source/templates/gcc/startup_sam4e.o
RTC_Handler                                       src/ASF/sam/utils/cmsis/sam4e/source/templates/exceptions.o
                                                  src/ASF/sam/utils/cmsis/sam4e/source/templates/gcc/startup_sam4e.o
RTT_Handler                                       src/ASF/sam/utils/cmsis/sam4e/source/templates/exceptions.o
                                                  src/ASF/sam/utils/cmsis/sam4e/source/templates/gcc/startup_sam4e.o
Reset_Handler                                     src/ASF/sam/utils/cmsis/sam4e/source/templates/gcc/startup_sam4e.o
                                                  src/ASF/sam/utils/cmsis/sam4e/source/templates/exceptions.o
SMC_Handler                                       src/ASF/sam/utils/cmsis/sam4e/source/templates/exceptions.o
SPI_Handler                                       src/ASF/sam/utils/cmsis/sam4e/source/templates/exceptions.o
                                                  src/ASF/sam/utils/cmsis/sam4e/source/templates/gcc/startup_sam4e.o
SUPC_Handler                                      src/ASF/sam/utils/cmsis/sam4e/source/templates/exceptions.o
                                                  src/ASF/sam/utils/cmsis/sam4e/source/templates/gcc/startup_sam4e.o
SVC_Handler                                       src/FreeRTOS/portable/GCC/ARM_CM4F/port.o
                                                  src/ASF/sam/utils/cmsis/sam4e/source/templates/gcc/startup_sam4e.o
SW_Debounce                                       src/myTasks.o
SysTick_Handler                                   src/FreeRTOS/portable/GCC/ARM_CM4F/port.o
                                                  src/ASF/sam/utils/cmsis/sam4e/source/templates/gcc/startup_sam4e.o
SystemCoreClock                                   src/ASF/sam/utils/cmsis/sam4e/source/templates/system_sam4e.o
                                                  src/FreeRTOS/portable/GCC/ARM_CM4F/port.o
SystemCoreClockUpdate                             src/ASF/sam/utils/cmsis/sam4e/source/templates/system_sam4e.o
                                                  src/ASF/common/services/clock/sam4e/sysclk.o
SystemInit                                        src/ASF/sam/utils/cmsis/sam4e/source/templates/system_sam4e.o
TC0_Handler                                       src/ASF/sam/utils/cmsis/sam4e/source/templates/exceptions.o
                                                  src/ASF/sam/utils/cmsis/sam4e/source/templates/gcc/startup_sam4e.o
TC1_Handler                                       src/ASF/sam/utils/cmsis/sam4e/source/templates/exceptions.o
                                                  src/ASF/sam/utils/cmsis/sam4e/source/templates/gcc/startup_sam4e.o
TC2_Handler                                       src/ASF/sam/utils/cmsis/sam4e/source/templates/exceptions.o
                                                  src/ASF/sam/utils/cmsis/sam4e/source/templates/gcc/startup_sam4e.o
TC3_Handler                                       src/ASF/sam/utils/cmsis/sam4e/source/templates/exceptions.o
                                                  src/ASF/sam/utils/cmsis/sam4e/source/templates/gcc/startup_sam4e.o
TC4_Handler                                       src/ASF/sam/utils/cmsis/sam4e/source/templates/exceptions.o
                                                  src/ASF/sam/utils/cmsis/sam4e/source/templates/gcc/startup_sam4e.o
TC5_Handler                                       src/ASF/sam/utils/cmsis/sam4e/source/templates/exceptions.o
                                                  src/ASF/sam/utils/cmsis/sam4e/source/templates/gcc/startup_sam4e.o
TC6_Handler                                       src/ASF/sam/utils/cmsis/sam4e/source/templates/exceptions.o
                                                  src/ASF/sam/utils/cmsis/sam4e/source/templates/gcc/startup_sam4e.o
TC7_Handler                                       src/ASF/sam/utils/cmsis/sam4e/source/templates/exceptions.o
                                                  src/ASF/sam/utils/cmsis/sam4e/source/templates/gcc/startup_sam4e.o
TC8_Handler                                       src/ASF/sam/utils/cmsis/sam4e/source/templates/exceptions.o
                                                  src/ASF/sam/utils/cmsis/sam4e/source/templates/gcc/startup_sam4e.o
TWI0_Handler                                      src/ASF/sam/utils/cmsis/sam4e/source/templates/exceptions.o
                                                  src/ASF/sam/utils/cmsis/sam4e/source/templates/gcc/startup_sam4e.o
TWI1_Handler                                      src/ASF/sam/utils/cmsis/sam4e/source/templates/exceptions.o
                                                  src/ASF/sam/utils/cmsis/sam4e/source/templates/gcc/startup_sam4e.o
UART0_Handler                                     src/Uartdrv.o
                                                  src/ASF/sam/utils/cmsis/sam4e/source/templates/gcc/startup_sam4e.o
UART1_Handler                                     src/ASF/sam/utils/cmsis/sam4e/source/templates/exceptions.o
                                                  src/ASF/sam/utils/cmsis/sam4e/source/templates/gcc/startup_sam4e.o
UARTPutC                                          src/Uartdrv.o
UARTPutStr                                        src/Uartdrv.o
                                                  src/main.o
                                                  src/myTasks.o
UDP_Handler                                       src/ASF/sam/utils/cmsis/sam4e/source/templates/exceptions.o
                                                  src/ASF/sam/utils/cmsis/sam4e/source/templates/gcc/startup_sam4e.o
USART0_Handler                                    src/ASF/sam/utils/cmsis/sam4e/source/templates/exceptions.o
                                                  src/ASF/sam/utils/cmsis/sam4e/source/templates/gcc/startup_sam4e.o
USART1_Handler                                    src/ASF/sam/utils/cmsis/sam4e/source/templates/exceptions.o
                                                  src/ASF/sam/utils/cmsis/sam4e/source/templates/gcc/startup_sam4e.o
UsageFault_Handler                                src/ASF/sam/utils/cmsis/sam4e/source/templates/exceptions.o
                                                  src/ASF/sam/utils/cmsis/sam4e/source/templates/gcc/startup_sam4e.o
WDT_Handler                                       src/ASF/sam/utils/cmsis/sam4e/source/templates/exceptions.o
                                                  src/ASF/sam/utils/cmsis/sam4e/source/templates/gcc/startup_sam4e.o
_Jv_RegisterClasses                               c:/program files (x86)/atmel/studio/7.0/toolchain/arm/arm-gnu-toolchain/bin/../lib/gcc/arm-none-eabi/6.3.1/thumb/v7e-m/crtbegin.o
__atexit_recursive_mutex                          c:/program files (x86)/atmel/studio/7.0/toolchain/arm/arm-gnu-toolchain/bin/../lib/gcc/arm-none-eabi/6.3.1/../../../../arm-none-eabi/lib/thumb/v7e-m\libc.a(lib_a-__call_atexit.o)
                                                  c:/program files (x86)/atmel/studio/7.0/toolchain/arm/arm-gnu-toolchain/bin/../lib/gcc/arm-none-eabi/6.3.1/../../../../arm-none-eabi/lib/thumb/v7e-m\libc.a(lib_a-__atexit.o)
__bss_end__                                       c:/program files (x86)/atmel/studio/7.0/toolchain/arm/arm-gnu-toolchain/bin/../lib/gcc/arm-none-eabi/6.3.1/../../../../arm-none-eabi/lib/thumb/v7e-m/crt0.o
__bss_start__                                     c:/program files (x86)/atmel/studio/7.0/toolchain/arm/arm-gnu-toolchain/bin/../lib/gcc/arm-none-eabi/6.3.1/../../../../arm-none-eabi/lib/thumb/v7e-m/crt0.o
__call_exitprocs                                  c:/program files (x86)/atmel/studio/7.0/toolchain/arm/arm-gnu-toolchain/bin/../lib/gcc/arm-none-eabi/6.3.1/../../../../arm-none-eabi/lib/thumb/v7e-m\libc.a(lib_a-__call_atexit.o)
                                                  c:/program files (x86)/atmel/studio/7.0/toolchain/arm/arm-gnu-toolchain/bin/../lib/gcc/arm-none-eabi/6.3.1/../../../../arm-none-eabi/lib/thumb/v7e-m\libc.a(lib_a-exit.o)
__deregister_frame_info                           c:/program files (x86)/atmel/studio/7.0/toolchain/arm/arm-gnu-toolchain/bin/../lib/gcc/arm-none-eabi/6.3.1/thumb/v7e-m/crtbegin.o
__dso_handle                                      c:/program files (x86)/atmel/studio/7.0/toolchain/arm/arm-gnu-toolchain/bin/../lib/gcc/arm-none-eabi/6.3.1/thumb/v7e-m/crtbegin.o
__fini_array_end                                  c:/program files (x86)/atmel/studio/7.0/toolchain/arm/arm-gnu-toolchain/bin/../lib/gcc/arm-none-eabi/6.3.1/../../../../arm-none-eabi/lib/thumb/v7e-m\libc.a(lib_a-fini.o)
__fini_array_start                                c:/program files (x86)/atmel/studio/7.0/toolchain/arm/arm-gnu-toolchain/bin/../lib/gcc/arm-none-eabi/6.3.1/../../../../arm-none-eabi/lib/thumb/v7e-m\libc.a(lib_a-fini.o)
__init_array_end                                  c:/program files (x86)/atmel/studio/7.0/toolchain/arm/arm-gnu-toolchain/bin/../lib/gcc/arm-none-eabi/6.3.1/../../../../arm-none-eabi/lib/thumb/v7e-m\libc.a(lib_a-init.o)
__init_array_start                                c:/program files (x86)/atmel/studio/7.0/toolchain/arm/arm-gnu-toolchain/bin/../lib/gcc/arm-none-eabi/6.3.1/../../../../arm-none-eabi/lib/thumb/v7e-m\libc.a(lib_a-init.o)
__libc_fini                                       c:/program files (x86)/atmel/studio/7.0/toolchain/arm/arm-gnu-toolchain/bin/../lib/gcc/arm-none-eabi/6.3.1/../../../../arm-none-eabi/lib/thumb/v7e-m\libc.a(lib_a-__call_atexit.o)
__libc_fini_array                                 c:/program files (x86)/atmel/studio/7.0/toolchain/arm/arm-gnu-toolchain/bin/../lib/gcc/arm-none-eabi/6.3.1/../../../../arm-none-eabi/lib/thumb/v7e-m\libc.a(lib_a-fini.o)
                                                  c:/program files (x86)/atmel/studio/7.0/toolchain/arm/arm-gnu-toolchain/bin/../lib/gcc/arm-none-eabi/6.3.1/../../../../arm-none-eabi/lib/thumb/v7e-m\libc.a(lib_a-__call_atexit.o)
                                                  c:/program files (x86)/atmel/studio/7.0/toolchain/arm/arm-gnu-toolchain/bin/../lib/gcc/arm-none-eabi/6.3.1/../../../../arm-none-eabi/lib/thumb/v7e-m/crt0.o
__libc_init_array                                 c:/program files (x86)/atmel/studio/7.0/toolchain/arm/arm-gnu-toolchain/bin/../lib/gcc/arm-none-eabi/6.3.1/../../../../arm-none-eabi/lib/thumb/v7e-m\libc.a(lib_a-init.o)
                                                  src/ASF/sam/utils/cmsis/sam4e/source/templates/gcc/startup_sam4e.o
                                                  c:/program files (x86)/atmel/studio/7.0/toolchain/arm/arm-gnu-toolchain/bin/../lib/gcc/arm-none-eabi/6.3.1/../../../../arm-none-eabi/lib/thumb/v7e-m/crt0.o
__lock___arc4random_mutex                         c:/program files (x86)/atmel/studio/7.0/toolchain/arm/arm-gnu-toolchain/bin/../lib/gcc/arm-none-eabi/6.3.1/../../../../arm-none-eabi/lib/thumb/v7e-m\libc.a(lib_a-lock.o)
__lock___at_quick_exit_mutex                      c:/program files (x86)/atmel/studio/7.0/toolchain/arm/arm-gnu-toolchain/bin/../lib/gcc/arm-none-eabi/6.3.1/../../../../arm-none-eabi/lib/thumb/v7e-m\libc.a(lib_a-lock.o)
__lock___atexit_recursive_mutex                   c:/program files (x86)/atmel/studio/7.0/toolchain/arm/arm-gnu-toolchain/bin/../lib/gcc/arm-none-eabi/6.3.1/../../../../arm-none-eabi/lib/thumb/v7e-m\libc.a(lib_a-lock.o)
                                                  c:/program files (x86)/atmel/studio/7.0/toolchain/arm/arm-gnu-toolchain/bin/../lib/gcc/arm-none-eabi/6.3.1/../../../../arm-none-eabi/lib/thumb/v7e-m\libc.a(lib_a-__call_atexit.o)
__lock___dd_hash_mutex                            c:/program files (x86)/atmel/studio/7.0/toolchain/arm/arm-gnu-toolchain/bin/../lib/gcc/arm-none-eabi/6.3.1/../../../../arm-none-eabi/lib/thumb/v7e-m\libc.a(lib_a-lock.o)
__lock___env_recursive_mutex                      c:/program files (x86)/atmel/studio/7.0/toolchain/arm/arm-gnu-toolchain/bin/../lib/gcc/arm-none-eabi/6.3.1/../../../../arm-none-eabi/lib/thumb/v7e-m\libc.a(lib_a-lock.o)
__lock___malloc_recursive_mutex                   c:/program files (x86)/atmel/studio/7.0/toolchain/arm/arm-gnu-toolchain/bin/../lib/gcc/arm-none-eabi/6.3.1/../../../../arm-none-eabi/lib/thumb/v7e-m\libc.a(lib_a-lock.o)
__lock___sfp_recursive_mutex                      c:/program files (x86)/atmel/studio/7.0/toolchain/arm/arm-gnu-toolchain/bin/../lib/gcc/arm-none-eabi/6.3.1/../../../../arm-none-eabi/lib/thumb/v7e-m\libc.a(lib_a-lock.o)
__lock___sinit_recursive_mutex                    c:/program files (x86)/atmel/studio/7.0/toolchain/arm/arm-gnu-toolchain/bin/../lib/gcc/arm-none-eabi/6.3.1/../../../../arm-none-eabi/lib/thumb/v7e-m\libc.a(lib_a-lock.o)
__lock___tz_mutex                                 c:/program files (x86)/atmel/studio/7.0/toolchain/arm/arm-gnu-toolchain/bin/../lib/gcc/arm-none-eabi/6.3.1/../../../../arm-none-eabi/lib/thumb/v7e-m\libc.a(lib_a-lock.o)
__preinit_array_end                               c:/program files (x86)/atmel/studio/7.0/toolchain/arm/arm-gnu-toolchain/bin/../lib/gcc/arm-none-eabi/6.3.1/../../../../arm-none-eabi/lib/thumb/v7e-m\libc.a(lib_a-init.o)
__preinit_array_start                             c:/program files (x86)/atmel/studio/7.0/toolchain/arm/arm-gnu-toolchain/bin/../lib/gcc/arm-none-eabi/6.3.1/../../../../arm-none-eabi/lib/thumb/v7e-m\libc.a(lib_a-init.o)
__ram_end__                                       src/ASF/sam/utils/syscalls/gcc/syscalls.o
__register_exitproc                               c:/program files (x86)/atmel/studio/7.0/toolchain/arm/arm-gnu-toolchain/bin/../lib/gcc/arm-none-eabi/6.3.1/../../../../arm-none-eabi/lib/thumb/v7e-m\libc.a(lib_a-__atexit.o)
                                                  c:/program files (x86)/atmel/studio/7.0/toolchain/arm/arm-gnu-toolchain/bin/../lib/gcc/arm-none-eabi/6.3.1/../../../../arm-none-eabi/lib/thumb/v7e-m\libc.a(lib_a-atexit.o)
__register_frame_info                             c:/program files (x86)/atmel/studio/7.0/toolchain/arm/arm-gnu-toolchain/bin/../lib/gcc/arm-none-eabi/6.3.1/thumb/v7e-m/crtbegin.o
__retarget_lock_acquire                           c:/program files (x86)/atmel/studio/7.0/toolchain/arm/arm-gnu-toolchain/bin/../lib/gcc/arm-none-eabi/6.3.1/../../../../arm-none-eabi/lib/thumb/v7e-m\libc.a(lib_a-lock.o)
__retarget_lock_acquire_recursive                 c:/program files (x86)/atmel/studio/7.0/toolchain/arm/arm-gnu-toolchain/bin/../lib/gcc/arm-none-eabi/6.3.1/../../../../arm-none-eabi/lib/thumb/v7e-m\libc.a(lib_a-lock.o)
                                                  c:/program files (x86)/atmel/studio/7.0/toolchain/arm/arm-gnu-toolchain/bin/../lib/gcc/arm-none-eabi/6.3.1/../../../../arm-none-eabi/lib/thumb/v7e-m\libc.a(lib_a-__atexit.o)
                                                  c:/program files (x86)/atmel/studio/7.0/toolchain/arm/arm-gnu-toolchain/bin/../lib/gcc/arm-none-eabi/6.3.1/../../../../arm-none-eabi/lib/thumb/v7e-m\libc.a(lib_a-__call_atexit.o)
__retarget_lock_close                             c:/program files (x86)/atmel/studio/7.0/toolchain/arm/arm-gnu-toolchain/bin/../lib/gcc/arm-none-eabi/6.3.1/../../../../arm-none-eabi/lib/thumb/v7e-m\libc.a(lib_a-lock.o)
__retarget_lock_close_recursive                   c:/program files (x86)/atmel/studio/7.0/toolchain/arm/arm-gnu-toolchain/bin/../lib/gcc/arm-none-eabi/6.3.1/../../../../arm-none-eabi/lib/thumb/v7e-m\libc.a(lib_a-lock.o)
__retarget_lock_init                              c:/program files (x86)/atmel/studio/7.0/toolchain/arm/arm-gnu-toolchain/bin/../lib/gcc/arm-none-eabi/6.3.1/../../../../arm-none-eabi/lib/thumb/v7e-m\libc.a(lib_a-lock.o)
__retarget_lock_init_recursive                    c:/program files (x86)/atmel/studio/7.0/toolchain/arm/arm-gnu-toolchain/bin/../lib/gcc/arm-none-eabi/6.3.1/../../../../arm-none-eabi/lib/thumb/v7e-m\libc.a(lib_a-lock.o)
__retarget_lock_release                           c:/program files (x86)/atmel/studio/7.0/toolchain/arm/arm-gnu-toolchain/bin/../lib/gcc/arm-none-eabi/6.3.1/../../../../arm-none-eabi/lib/thumb/v7e-m\libc.a(lib_a-lock.o)
__retarget_lock_release_recursive                 c:/program files (x86)/atmel/studio/7.0/toolchain/arm/arm-gnu-toolchain/bin/../lib/gcc/arm-none-eabi/6.3.1/../../../../arm-none-eabi/lib/thumb/v7e-m\libc.a(lib_a-lock.o)
                                                  c:/program files (x86)/atmel/studio/7.0/toolchain/arm/arm-gnu-toolchain/bin/../lib/gcc/arm-none-eabi/6.3.1/../../../../arm-none-eabi/lib/thumb/v7e-m\libc.a(lib_a-__atexit.o)
                                                  c:/program files (x86)/atmel/studio/7.0/toolchain/arm/arm-gnu-toolchain/bin/../lib/gcc/arm-none-eabi/6.3.1/../../../../arm-none-eabi/lib/thumb/v7e-m\libc.a(lib_a-__call_atexit.o)
__retarget_lock_try_acquire                       c:/program files (x86)/atmel/studio/7.0/toolchain/arm/arm-gnu-toolchain/bin/../lib/gcc/arm-none-eabi/6.3.1/../../../../arm-none-eabi/lib/thumb/v7e-m\libc.a(lib_a-lock.o)
__retarget_lock_try_acquire_recursive             c:/program files (x86)/atmel/studio/7.0/toolchain/arm/arm-gnu-toolchain/bin/../lib/gcc/arm-none-eabi/6.3.1/../../../../arm-none-eabi/lib/thumb/v7e-m\libc.a(lib_a-lock.o)