Archive member included to satisfy reference by file (symbol)

c:/program files (x86)/atmel/studio/7.0/toolchain/arm/arm-gnu-toolchain/bin/../lib/gcc/arm-none-eabi/6.3.1/../../../../arm-none-eabi/lib/thumb/v7e-m\libc.a(lib_a-exit.o)
                              c:/program files (x86)/atmel/studio/7.0/toolchain/arm/arm-gnu-toolchain/bin/../lib/gcc/arm-none-eabi/6.3.1/../../../../arm-none-eabi/lib/thumb/v7e-m/crt0.o (exit)
c:/program files (x86)/atmel/studio/7.0/toolchain/arm/arm-gnu-toolchain/bin/../lib/gcc/arm-none-eabi/6.3.1/../../../../arm-none-eabi/lib/thumb/v7e-m\libc.a(lib_a-impure.o)
                              c:/program files (x86)/atmel/studio/7.0/toolchain/arm/arm-gnu-toolchain/bin/../lib/gcc/arm-none-eabi/6.3.1/../../../../arm-none-eabi/lib/thumb/v7e-m\libc.a(lib_a-exit.o) (_global_impure_ptr)
c:/program files (x86)/atmel/studio/7.0/toolchain/arm/arm-gnu-toolchain/bin/../lib/gcc/arm-none-eabi/6.3.1/../../../../arm-none-eabi/lib/thumb/v7e-m\libc.a(lib_a-init.o)
                              c:/program files (x86)/atmel/studio/7.0/toolchain/arm/arm-gnu-toolchain/bin/../lib/gcc/arm-none-eabi/6.3.1/../../../../arm-none-eabi/lib/thumb/v7e-m/crt0.o (__libc_init_array)
c:/program files (x86)/atmel/studio/7.0/toolchain/arm/arm-gnu-toolchain/bin/../lib/gcc/arm-none-eabi/6.3.1/../../../../arm-none-eabi/lib/thumb/v7e-m\libc.a(lib_a-memcpy.o)
                              src/FreeRTOS/queue.o (memcpy)
c:/program files (x86)/atmel/studio/7.0/toolchain/arm/arm-gnu-toolchain/bin/../lib/gcc/arm-none-eabi/6.3.1/../../../../arm-none-eabi/lib/thumb/v7e-m\libc.a(lib_a-memset.o)
                              c:/program files (x86)/atmel/studio/7.0/toolchain/arm/arm-gnu-toolchain/bin/../lib/gcc/arm-none-eabi/6.3.1/../../../../arm-none-eabi/lib/thumb/v7e-m/crt0.o (memset)
c:/program files (x86)/atmel/studio/7.0/toolchain/arm/arm-gnu-toolchain/bin/../lib/gcc/arm-none-eabi/6.3.1/../../../../arm-none-eabi/lib/thumb/v7e-m\libc.a(lib_a-__call_atexit.o)
                              c:/program files (x86)/atmel/studio/7.0/toolchain/arm/arm-gnu-toolchain/bin/../lib/gcc/arm-none-eabi/6.3.1/../../../../arm-none-eabi/lib/thumb/v7e-m\libc.a(lib_a-exit.o) (__call_exitprocs)
c:/program files (x86)/atmel/studio/7.0/toolchain/arm/arm-gnu-toolchain/bin/../lib/gcc/arm-none-eabi/6.3.1/../../../../arm-none-eabi/lib/thumb/v7e-m\libc.a(lib_a-atexit.o)
                              c:/program files (x86)/atmel/studio/7.0/toolchain/arm/arm-gnu-toolchain/bin/../lib/gcc/arm-none-eabi/6.3.1/../../../../arm-none-eabi/lib/thumb/v7e-m\libc.a(lib_a-__call_atexit.o) (atexit)
c:/program files (x86)/atmel/studio/7.0/toolchain/arm/arm-gnu-toolchain/bin/../lib/gcc/arm-none-eabi/6.3.1/../../../../arm-none-eabi/lib/thumb/v7e-m\libc.a(lib_a-fini.o)
                              c:/program files (x86)/atmel/studio/7.0/toolchain/arm/arm-gnu-toolchain/bin/../lib/gcc/arm-none-eabi/6.3.1/../../../../arm-none-eabi/lib/thumb/v7e-m\libc.a(lib_a-__call_atexit.o) (__libc_fini_array)
c:/program files (x86)/atmel/studio/7.0/toolchain/arm/arm-gnu-toolchain/bin/../lib/gcc/arm-none-eabi/6.3.1/../../../../arm-none-eabi/lib/thumb/v7e-m\libc.a(lib_a-lock.o)
                              c:/program files (x86)/atmel/studio/7.0/toolchain/arm/arm-gnu-toolchain/bin/../lib/gcc/arm-none-eabi/6.3.1/../../../../arm-none-eabi/lib/thumb/v7e-m\libc.a(lib_a-__call_atexit.o) (__retarget_lock_acquire_recursive)
c:/program files (x86)/atmel/studio/7.0/toolchain/arm/arm-gnu-toolchain/bin/../lib/gcc/arm-none-eabi/6.3.1/../../../../arm-none-eabi/lib/thumb/v7e-m\libc.a(lib_a-__atexit.o)
                              c:/program files (x86)/atmel/studio/7.0/toolchain/arm/arm-gnu-toolchain/bin/../lib/gcc/arm-none-eabi/6.3.1/../../../../arm-none-eabi/lib/thumb/v7e-m\libc.a(lib_a-atexit.o) (__register_exitproc)

Allocating common symbols
Common symbol       size              file

controlLED2         0x14              src/main.o
__lock___atexit_recursive_mutex
                    0x1               c:/program files (x86)/atmel/studio/7.0/toolchain/arm/arm-gnu-toolchain/bin/../lib/gcc/arm-none-eabi/6.3.1/../../../../arm-none-eabi/lib/thumb/v7e-m\libc.a(lib_a-lock.o)
__lock___arc4random_mutex
                    0x1               c:/program files (x86)/atmel/studio/7.0/toolchain/arm/arm-gnu-toolchain/bin/../lib/gcc/arm-none-eabi/6.3.1/../../../../arm-none-eabi/lib/thumb/v7e-m\libc.a(lib_a-lock.o)
xQueueRegistry      0x40              src/FreeRTOS/queue.o
__lock___env_recursive_mutex
                    0x1               c:/program files (x86)/atmel/studio/7.0/toolchain/arm/arm-gnu-toolchain/bin/../lib/gcc/arm-none-eabi/6.3.1/../../../../arm-none-eabi/lib/thumb/v7e-m\libc.a(lib_a-lock.o)
__lock___sinit_recursive_mutex
                    0x1               c:/program files (x86)/atmel/studio/7.0/toolchain/arm/arm-gnu-toolchain/bin/../lib/gcc/arm-none-eabi/6.3.1/../../../../arm-none-eabi/lib/thumb/v7e-m\libc.a(lib_a-lock.o)
__lock___malloc_recursive_mutex
[...]
Memory Configuration

Name             Origin             Length             Attributes
rom              0x00400000         0x00100000         xr
ram              0x20000000         0x00020000         xrw
*default*        0x00000000         0xffffffff

Linker script and memory map

LOAD c:/program files (x86)/atmel/studio/7.0/toolchain/arm/arm-gnu-toolchain/bin/../lib/gcc/arm-none-eabi/6.3.1/thumb/v7e-m/crti.o
LOAD c:/program files (x86)/atmel/studio/7.0/toolchain/arm/arm-gnu-toolchain/bin/../lib/gcc/arm-none-eabi/6.3.1/thumb/v7e-m/crtbegin.o
LOAD c:/program files (x86)/atmel/studio/7.0/toolchain/arm/arm-gnu-toolchain/bin/../lib/gcc/arm-none-eabi/6.3.1/../../../../arm-none-eabi/lib/thumb/v7e-m/crt0.o
LOAD src/FreeRTOS/list.o
LOAD src/FreeRTOS/portable/GCC/ARM_CM4F/port.o
LOAD src/FreeRTOS/portable/MemMang/heap_5.o
LOAD src/FreeRTOS/queue.o
LOAD src/FreeRTOS/tasks.o
LOAD src/FreeRTOS/timers.o
LOAD src/ledDriver.o
LOAD src/myButtons.o
LOAD src/myTasks.o
LOAD src/Uartdrv.o
LOAD src/ASF/common/services/clock/sam4e/sysclk.o
LOAD src/ASF/common/utils/interrupt/interrupt_sam_nvic.o
LOAD src/ASF/sam/boards/sam4e_xplained_pro/init.o
LOAD src/ASF/sam/drivers/pmc/pmc.o
LOAD src/ASF/sam/drivers/pmc/sleep.o
LOAD src/ASF/sam/utils/cmsis/sam4e/source/templates/exceptions.o
LOAD src/ASF/sam/utils/cmsis/sam4e/source/templates/gcc/startup_sam4e.o
LOAD src/ASF/sam/utils/cmsis/sam4e/source/templates/system_sam4e.o
LOAD src/ASF/sam/utils/syscalls/gcc/syscalls.o
LOAD src/main.o
START GROUP
LOAD ../src/ASF/thirdparty/CMSIS/Lib/GCC\libarm_cortexM4lf_math_softfp.a
LOAD c:/program files (x86)/atmel/studio/7.0/toolchain/arm/arm-gnu-toolchain/bin/../lib/gcc/arm-none-eabi/6.3.1/../../../../arm-none-eabi/lib/thumb/v7e-m\libm.a
END GROUP
START GROUP
LOAD c:/program files (x86)/atmel/studio/7.0/toolchain/arm/arm-gnu-toolchain/bin/../lib/gcc/arm-none-eabi/6.3.1/thumb/v7e-m\libgcc.a
LOAD c:/program files (x86)/atmel/studio/7.0/toolchain/arm/arm-gnu-toolchain/bin/../lib/gcc/arm-none-eabi/6.3.1/../../../../arm-none-eabi/lib/thumb/v7e-m\libc.a
END GROUP
LOAD c:/program files (x86)/atmel/studio/7.0/toolchain/arm/arm-gnu-toolchain/bin/../lib/gcc/arm-none-eabi/6.3.1/thumb/v7e-m/crtend.o
LOAD c:/program files (x86)/atmel/studio/7.0/toolchain/arm/arm-gnu-toolchain/bin/../lib/gcc/arm-none-eabi/6.3.1/thumb/v7e-m/crtn.o
                0x00003000                __stack_size__ = DEFINED (__stack_size__)?__stack_size__:0x3000
                0x2001fffc                __ram_end__ = ((ORIGIN (ram) + LENGTH (ram)) - 0x4)

.text           0x00400000     0x337c
                0x00400000                . = ALIGN (0x4)
                0x00400000                _sfixed = .
 *(.vectors .vectors.*)
 .vectors       0x00400000       0xf8 src/ASF/sam/utils/cmsis/sam4e/source/templates/gcc/startup_sam4e.o
                0x00400000                exception_table
 *(.text .text.* .gnu.linkonce.t.*)
 .text          0x004000f8       0x6c c:/program files (x86)/atmel/studio/7.0/toolchain/arm/arm-gnu-toolchain/bin/../lib/gcc/arm-none-eabi/6.3.1/thumb/v7e-m/crtbegin.o
 .text.vListInitialise
                0x00400164       0x16 src/FreeRTOS/list.o
                0x00400164                vListInitialise
 .text.vListInitialiseItem
                0x0040017a        0x6 src/FreeRTOS/list.o
                0x0040017a                vListInitialiseItem
 .text.vListInsertEnd
                0x00400180       0x18 src/FreeRTOS/list.o
                0x00400180                vListInsertEnd
 .text.vListInsert
                0x00400198       0x34 src/FreeRTOS/list.o
                0x00400198                vListInsert
 .text.uxListRemove
                0x004001cc       0x28 src/FreeRTOS/list.o
                0x004001cc                uxListRemove
 .text.prvPortStartFirstTask
                0x004001f4       0x28 src/FreeRTOS/portable/GCC/ARM_CM4F/port.o
 .text.vPortEnableVFP
                0x0040021c       0x14 src/FreeRTOS/portable/GCC/ARM_CM4F/port.o
 .text.prvTaskExitError
                0x00400230       0x44 src/FreeRTOS/portable/GCC/ARM_CM4F/port.o
 .text.pxPortInitialiseStack
                0x00400274       0x2c src/FreeRTOS/portable/GCC/ARM_CM4F/port.o
                0x00400274                pxPortInitialiseStack
 .text.SVC_Handler
                0x004002a0       0x24 src/FreeRTOS/portable/GCC/ARM_CM4F/port.o
                0x004002a0                SVC_Handler
 .text.vPortEnterCritical
                0x004002c4       0x48 src/FreeRTOS/portable/GCC/ARM_CM4F/port.o
                0x004002c4                vPortEnterCritical
 .text.vPortExitCritical
                0x0040030c       0x30 src/FreeRTOS/portable/GCC/ARM_CM4F/port.o
                0x0040030c                vPortExitCritical
 *fill*         0x0040033c        0x4 
 .text.PendSV_Handler
                0x00400340       0x64 src/FreeRTOS/portable/GCC/ARM_CM4F/port.o
                0x00400340                PendSV_Handler
 .text.SysTick_Handler
                0x004003a4       0x30 src/FreeRTOS/portable/GCC/ARM_CM4F/port.o
                0x004003a4                SysTick_Handler
 .text.vPortSetupTimerInterrupt
                0x004003d4       0x38 src/FreeRTOS/portable/GCC/ARM_CM4F/port.o
                0x004003d4                vPortSetupTimerInterrupt
 .text.xPortStartScheduler
                0x0040040c      0x118 src/FreeRTOS/portable/GCC/ARM_CM4F/port.o
                0x0040040c                xPortStartScheduler
 .text.vPortValidateInterruptPriority
                0x00400524       0x5c src/FreeRTOS/portable/GCC/ARM_CM4F/port.o
                0x00400524                vPortValidateInterruptPriority
 .text.prvInsertBlockIntoFreeList
                0x00400580       0x58 src/FreeRTOS/portable/MemMang/heap_5.o
 .text.pvPortMalloc
                0x004005d8       0xe4 src/FreeRTOS/portable/MemMang/heap_5.o
                0x004005d8                pvPortMalloc
 .text.vPortFree
                0x004006bc       0x8c src/FreeRTOS/portable/MemMang/heap_5.o
                0x004006bc                vPortFree
 .text.vPortDefineHeapRegions
                0x00400748       0xd4 src/FreeRTOS/portable/MemMang/heap_5.o
                0x00400748                vPortDefineHeapRegions
 .text.prvIsQueueFull
                0x0040081c       0x28 src/FreeRTOS/queue.o
 .text.prvIsQueueEmpty
                0x00400844       0x24 src/FreeRTOS/queue.o
 .text.prvCopyDataToQueue
                0x00400868       0x80 src/FreeRTOS/queue.o
 .text.prvNotifyQueueSetContainer
                0x004008e8       0x84 src/FreeRTOS/queue.o
 .text.prvCopyDataFromQueue
                0x0040096c       0x28 src/FreeRTOS/queue.o
 .text.prvUnlockQueue
                0x00400994       0x98 src/FreeRTOS/queue.o
 .text.xQueueGenericReset
                0x00400a2c       0x94 src/FreeRTOS/queue.o
                0x00400a2c                xQueueGenericReset
 .text.prvInitialiseNewQueue
                0x00400ac0       0x24 src/FreeRTOS/queue.o
 .text.xQueueGenericCreate
                0x00400ae4       0x54 src/FreeRTOS/queue.o
                0x00400ae4                xQueueGenericCreate
 .text.xQueueGenericSend
                0x00400b38      0x1ec src/FreeRTOS/queue.o
                0x00400b38                xQueueGenericSend
 .text.xQueueGenericSendFromISR
                0x00400d24      0x10c src/FreeRTOS/queue.o
                0x00400d24                xQueueGenericSendFromISR
 .text.xQueueReceive
                0x00400e30      0x194 src/FreeRTOS/queue.o
                0x00400e30                xQueueReceive
 .text.uxQueueMessagesWaiting
                0x00400fc4       0x30 src/FreeRTOS/queue.o
                0x00400fc4                uxQueueMessagesWaiting
 .text.vQueueAddToRegistry
                0x00400ff4       0x28 src/FreeRTOS/queue.o
                0x00400ff4                vQueueAddToRegistry
 .text.vQueueWaitForMessageRestricted
                0x0040101c       0x64 src/FreeRTOS/queue.o
                0x0040101c                vQueueWaitForMessageRestricted
 .text.prvResetNextTaskUnblockTime
                0x00401080       0x2c src/FreeRTOS/tasks.o
 .text.prvDeleteTCB
                0x004010ac       0x14 src/FreeRTOS/tasks.o
 .text.prvTaskIsTaskSuspended
                0x004010c0       0x44 src/FreeRTOS/tasks.o
 .text.prvInitialiseNewTask
                0x00401104       0xbc src/FreeRTOS/tasks.o
 .text.prvInitialiseTaskLists
                0x004011c0       0x64 src/FreeRTOS/tasks.o
 .text.prvAddNewTaskToReadyList
                0x00401224       0xb8 src/FreeRTOS/tasks.o
 .text.prvCheckTasksWaitingTermination
                0x004012dc       0x5c src/FreeRTOS/tasks.o
 .text.prvIdleTask
                0x00401338       0x2c src/FreeRTOS/tasks.o
 .text.prvAddCurrentTaskToDelayedList
                0x00401364       0xa4 src/FreeRTOS/tasks.o
 .text.xTaskCreate
                0x00401408       0x74 src/FreeRTOS/tasks.o
                0x00401408                xTaskCreate
 .text.vTaskResume
                0x0040147c       0xa0 src/FreeRTOS/tasks.o
                0x0040147c                vTaskResume
 .text.vTaskStartScheduler
                0x0040151c       0x90 src/FreeRTOS/tasks.o
                0x0040151c                vTaskStartScheduler
 .text.vTaskSuspendAll
                0x004015ac       0x10 src/FreeRTOS/tasks.o
                0x004015ac                vTaskSuspendAll
 .text.xTaskGetTickCount
                0x004015bc        0xc src/FreeRTOS/tasks.o
                0x004015bc                xTaskGetTickCount
 .text.xTaskIncrementTick
                0x004015c8      0x124 src/FreeRTOS/tasks.o
                0x004015c8                xTaskIncrementTick
 .text.xTaskResumeAll
                0x004016ec      0x118 src/FreeRTOS/tasks.o
                0x004016ec                xTaskResumeAll
 .text.vTaskDelay
                0x00401804       0x5c src/FreeRTOS/tasks.o
                0x00401804                vTaskDelay
 .text.vTaskSwitchContext
                0x00401860       0xd4 src/FreeRTOS/tasks.o
                0x00401860                vTaskSwitchContext
 .text.vTaskSuspend
                0x00401934      0x104 src/FreeRTOS/tasks.o
                0x00401934                vTaskSuspend
 .text.vTaskPlaceOnEventList
                0x00401a38       0x40 src/FreeRTOS/tasks.o
                0x00401a38                vTaskPlaceOnEventList
 .text.vTaskPlaceOnEventListRestricted
                0x00401a78       0x48 src/FreeRTOS/tasks.o
                0x00401a78                vTaskPlaceOnEventListRestricted
 .text.xTaskRemoveFromEventList
                0x00401ac0       0x94 src/FreeRTOS/tasks.o
                0x00401ac0                xTaskRemoveFromEventList
 .text.vTaskInternalSetTimeOutState
                0x00401b54       0x18 src/FreeRTOS/tasks.o
                0x00401b54                vTaskInternalSetTimeOutState
 .text.xTaskCheckForTimeOut
                0x00401b6c       0x88 src/FreeRTOS/tasks.o
                0x00401b6c                xTaskCheckForTimeOut
 .text.vTaskMissedYield
                0x00401bf4        0xc src/FreeRTOS/tasks.o
                0x00401bf4                vTaskMissedYield
 .text.xTaskGetSchedulerState
                0x00401c00       0x20 src/FreeRTOS/tasks.o
                0x00401c00                xTaskGetSchedulerState
 .text.xTaskPriorityDisinherit
                0x00401c20       0xb4 src/FreeRTOS/tasks.o
                0x00401c20                xTaskPriorityDisinherit
 .text.prvGetNextExpireTime
                0x00401cd4       0x20 src/FreeRTOS/timers.o
 .text.prvInsertTimerInActiveList
                0x00401cf4       0x4c src/FreeRTOS/timers.o
 .text.prvCheckForValidListAndQueue
                0x00401d40       0x70 src/FreeRTOS/timers.o
 .text.xTimerCreateTimerTask
                0x00401db0       0x60 src/FreeRTOS/timers.o
                0x00401db0                xTimerCreateTimerTask
 .text.xTimerGenericCommand
                0x00401e10       0x7c src/FreeRTOS/timers.o
                0x00401e10                xTimerGenericCommand
 .text.prvSwitchTimerLists
                0x00401e8c       0x8c src/FreeRTOS/timers.o
 .text.prvSampleTimeNow
                0x00401f18       0x34 src/FreeRTOS/timers.o
 .text.prvProcessExpiredTimer
                0x00401f4c       0x7c src/FreeRTOS/timers.o
 .text.prvProcessTimerOrBlockTask
                0x00401fc8       0x88 src/FreeRTOS/timers.o
 .text.prvProcessReceivedCommands
                0x00402050      0x128 src/FreeRTOS/timers.o
 .text.prvTimerTask
                0x00402178       0x24 src/FreeRTOS/timers.o
 .text.intitializeLEDDriver
                0x0040219c       0x4c src/ledDriver.o
                0x0040219c                intitializeLEDDriver
 .text.readLED  0x004021e8       0x3c src/ledDriver.o
                0x004021e8                readLED
 .text.setLED   0x00402224       0x80 src/ledDriver.o
                0x00402224                setLED
 .text.toggleLED
                0x004022a4       0x28 src/ledDriver.o
                0x004022a4                toggleLED
 .text.initializeButtonDriver
                0x004022cc       0xac src/myButtons.o
                0x004022cc                initializeButtonDriver
 .text.readButton
                0x00402378       0x30 src/myButtons.o
                0x00402378                readButton
 .text.taskSystemControl
                0x004023a8      0x120 src/myTasks.o
                0x004023a8                taskSystemControl
 .text.taskHeartBeat
                0x004024c8       0x1c src/myTasks.o
                0x004024c8                taskHeartBeat
 .text.taskLED  0x004024e4      0x108 src/myTasks.o
                0x004024e4                taskLED
 .text.taskUART
                0x004025ec       0x38 src/myTasks.o
                0x004025ec                taskUART
 .text.initUART
                0x00402624       0x58 src/Uartdrv.o
                0x00402624                initUART
 .text.UARTPutC
                0x0040267c        0xc src/Uartdrv.o
                0x0040267c                UARTPutC
 .text.UARTPutStr
                0x00402688       0x1c src/Uartdrv.o
                0x00402688                UARTPutStr
 .text.sysclk_init
                0x004026a4       0x68 src/ASF/common/services/clock/sam4e/sysclk.o
                0x004026a4                sysclk_init
 .text.board_init
                0x0040270c       0x74 src/ASF/sam/boards/sam4e_xplained_pro/init.o
                0x0040270c                board_init
 .text.pmc_switch_mck_to_pllack
                0x00402780       0x54 src/ASF/sam/drivers/pmc/pmc.o
                0x00402780                pmc_switch_mck_to_pllack
 .text.pmc_switch_mainck_to_xtal
                0x004027d4       0x54 src/ASF/sam/drivers/pmc/pmc.o
                0x004027d4                pmc_switch_mainck_to_xtal
 .text.pmc_osc_is_ready_mainck
                0x00402828       0x10 src/ASF/sam/drivers/pmc/pmc.o
                0x00402828                pmc_osc_is_ready_mainck
 .text.pmc_disable_pllack
                0x00402838       0x10 src/ASF/sam/drivers/pmc/pmc.o
                0x00402838                pmc_disable_pllack
 .text.pmc_is_locked_pllack
                0x00402848       0x10 src/ASF/sam/drivers/pmc/pmc.o
                0x00402848                pmc_is_locked_pllack
 .text.pmc_enable_periph_clk
                0x00402858       0x54 src/ASF/sam/drivers/pmc/pmc.o
                0x00402858                pmc_enable_periph_clk
 .text.Dummy_Handler
                0x004028ac        0x2 src/ASF/sam/utils/cmsis/sam4e/source/templates/exceptions.o
                0x004028ac                DACC_Handler
                0x004028ac                DebugMon_Handler
                0x004028ac                DMAC_Handler
                0x004028ac                HardFault_Handler
                0x004028ac                TC2_Handler
                0x004028ac                SPI_Handler
                0x004028ac                TWI1_Handler
                0x004028ac                AFEC1_Handler
                0x004028ac                NMI_Handler
                0x004028ac                TC7_Handler
                0x004028ac                SMC_Handler
                0x004028ac                USART0_Handler
                0x004028ac                RTT_Handler
                0x004028ac                PIOB_Handler
                0x004028ac                RTC_Handler
                0x004028ac                UsageFault_Handler
                0x004028ac                TC6_Handler
                0x004028ac                WDT_Handler
                0x004028ac                CAN0_Handler
                0x004028ac                TC4_Handler
                0x004028ac                TC1_Handler
                0x004028ac                HSMCI_Handler
                0x004028ac                UART1_Handler
                0x004028ac                TC3_Handler
                0x004028ac                ARM_Handler
                0x004028ac                Dummy_Handler
                0x004028ac                TWI0_Handler
                0x004028ac                USART1_Handler
                0x004028ac                PIOA_Handler
                0x004028ac                AFEC0_Handler
                0x004028ac                ACC_Handler
                0x004028ac                PMC_Handler
                0x004028ac                PWM_Handler
                0x004028ac                GMAC_Handler
                0x004028ac                CAN1_Handler
                0x004028ac                MemManage_Handler
                0x004028ac                SUPC_Handler
                0x004028ac                TC8_Handler
                0x004028ac                EFC_Handler
                0x004028ac                PIOE_Handler
                0x004028ac                PIOD_Handler
                0x004028ac                UART0_Handler
                0x004028ac                PIOC_Handler
                0x004028ac                UDP_Handler
                0x004028ac                BusFault_Handler
                0x004028ac                RSTC_Handler
                0x004028ac                TC0_Handler
                0x004028ac                TC5_Handler
                0x004028ac                AES_Handler
 *fill*         0x004028ae        0x2 
 .text.Reset_Handler
                0x004028b0       0xac src/ASF/sam/utils/cmsis/sam4e/source/templates/gcc/startup_sam4e.o
                0x004028b0                Reset_Handler
 .text.SystemCoreClockUpdate
                0x0040295c      0x110 src/ASF/sam/utils/cmsis/sam4e/source/templates/system_sam4e.o
                0x0040295c                SystemCoreClockUpdate
 .text.system_init_flash
                0x00402a6c       0x7c src/ASF/sam/utils/cmsis/sam4e/source/templates/system_sam4e.o
                0x00402a6c                system_init_flash
 .text.prvInitialiseHeap
                0x00402ae8       0x50 src/main.o
 .text.prvMiscInitialisation
                0x00402b38       0x2c src/main.o
 .text.main     0x00402b64      0x208 src/main.o
                0x00402b64                main
 .text.vAssertCalled
                0x00402d6c       0x2a src/main.o
                0x00402d6c                vAssertCalled
 *fill*         0x00402d96        0x2 
 .text.vApplicationMallocFailedHook
                0x00402d98       0x14 src/main.o
                0x00402d98                vApplicationMallocFailedHook
 .text.vApplicationStackOverflowHook
                0x00402dac       0x12 src/main.o
                0x00402dac                vApplicationStackOverflowHook
 *fill*         0x00402dbe        0x2 
 .text.__libc_init_array
                0x00402dc0       0x50 c:/program files (x86)/atmel/studio/7.0/toolchain/arm/arm-gnu-toolchain/bin/../lib/gcc/arm-none-eabi/6.3.1/../../../../arm-none-eabi/lib/thumb/v7e-m\libc.a(lib_a-init.o)
                0x00402dc0                __libc_init_array
 .text          0x00402e10      0x134 c:/program files (x86)/atmel/studio/7.0/toolchain/arm/arm-gnu-toolchain/bin/../lib/gcc/arm-none-eabi/6.3.1/../../../../arm-none-eabi/lib/thumb/v7e-m\libc.a(lib_a-memcpy.o)
                0x00402e10                memcpy
 .text.memset   0x00402f44       0x9c c:/program files (x86)/atmel/studio/7.0/toolchain/arm/arm-gnu-toolchain/bin/../lib/gcc/arm-none-eabi/6.3.1/../../../../arm-none-eabi/lib/thumb/v7e-m\libc.a(lib_a-memset.o)
                0x00402f44                memset
 .text.startup.register_fini
                0x00402fe0       0x14 c:/program files (x86)/atmel/studio/7.0/toolchain/arm/arm-gnu-toolchain/bin/../lib/gcc/arm-none-eabi/6.3.1/../../../../arm-none-eabi/lib/thumb/v7e-m\libc.a(lib_a-__call_atexit.o)
 .text.atexit   0x00402ff4        0xc c:/program files (x86)/atmel/studio/7.0/toolchain/arm/arm-gnu-toolchain/bin/../lib/gcc/arm-none-eabi/6.3.1/../../../../arm-none-eabi/lib/thumb/v7e-m\libc.a(lib_a-atexit.o)
                0x00402ff4                atexit
 .text.__libc_fini_array
                0x00403000       0x34 c:/program files (x86)/atmel/studio/7.0/toolchain/arm/arm-gnu-toolchain/bin/../lib/gcc/arm-none-eabi/6.3.1/../../../../arm-none-eabi/lib/thumb/v7e-m\libc.a(lib_a-fini.o)
                0x00403000                __libc_fini_array
 .text.__retarget_lock_acquire_recursive
                0x00403034        0x4 c:/program files (x86)/atmel/studio/7.0/toolchain/arm/arm-gnu-toolchain/bin/../lib/gcc/arm-none-eabi/6.3.1/../../../../arm-none-eabi/lib/thumb/v7e-m\libc.a(lib_a-lock.o)
                0x00403034                __retarget_lock_acquire_recursive
 .text.__retarget_lock_release_recursive
                0x00403038        0x4 c:/program files (x86)/atmel/studio/7.0/toolchain/arm/arm-gnu-toolchain/bin/../lib/gcc/arm-none-eabi/6.3.1/../../../../arm-none-eabi/lib/thumb/v7e-m\libc.a(lib_a-lock.o)
                0x00403038                __retarget_lock_release_recursive
 .text.__register_exitproc
                0x0040303c       0xc4 c:/program files (x86)/atmel/studio/7.0/toolchain/arm/arm-gnu-toolchain/bin/../lib/gcc/arm-none-eabi/6.3.1/../../../../arm-none-eabi/lib/thumb/v7e-m\libc.a(lib_a-__atexit.o)
                0x0040303c                __register_exitproc
 *(.glue_7t)
 .glue_7t       0x00403100        0x0 linker stubs
 *(.glue_7)
 .glue_7        0x00403100        0x0 linker stubs
 *(.rodata .rodata* .gnu.linkonce.r.*)
 .rodata.prvTaskExitError.str1.4
                0x00403100       0x2d src/FreeRTOS/portable/GCC/ARM_CM4F/port.o
 *fill*         0x0040312d        0x3 
 .rodata.pvPortMalloc.str1.4
                0x00403130       0x2a src/FreeRTOS/portable/MemMang/heap_5.o
 *fill*         0x0040315a        0x2 
 .rodata.prvNotifyQueueSetContainer.str1.4
                0x0040315c       0x18 src/FreeRTOS/queue.o
 .rodata.prvTaskIsTaskSuspended.str1.4
                0x00403174       0x18 src/FreeRTOS/tasks.o
 .rodata.vTaskStartScheduler.str1.4
                0x0040318c        0x5 src/FreeRTOS/tasks.o
 *fill*         0x00403191        0x3 
 .rodata.prvCheckForValidListAndQueue.str1.4
                0x00403194        0x5 src/FreeRTOS/timers.o
 *fill*         0x00403199        0x3 
 .rodata.prvInitialiseNewTimer.str1.4
                0x0040319c       0x19 src/FreeRTOS/timers.o
 *fill*         0x004031b5        0x3 
 .rodata.xTimerCreateTimerTask.str1.4
                0x004031b8        0x8 src/FreeRTOS/timers.o
 .rodata.main.str1.4
                0x004031c0       0xab src/main.o
 *fill*         0x0040326b        0x1 
 .rodata.str1.4
                0x0040326c       0xd6 src/main.o
 *fill*         0x00403342        0x2 
 .rodata.vApplicationMallocFailedHook.str1.4
                0x00403344       0x10 src/main.o
                                  0xe (size before relaxing)
 .rodata._global_impure_ptr
                0x00403354        0x4 c:/program files (x86)/atmel/studio/7.0/toolchain/arm/arm-gnu-toolchain/bin/../lib/gcc/arm-none-eabi/6.3.1/../../../../arm-none-eabi/lib/thumb/v7e-m\libc.a(lib_a-impure.o)
                0x00403354                _global_impure_ptr
 *(.ARM.extab* .gnu.linkonce.armextab.*)
                0x00403358                . = ALIGN (0x4)
 *(.init)
 .init          0x00403358        0x4 c:/program files (x86)/atmel/studio/7.0/toolchain/arm/arm-gnu-toolchain/bin/../lib/gcc/arm-none-eabi/6.3.1/thumb/v7e-m/crti.o
                0x00403358                _init
 .init          0x0040335c        0x8 c:/program files (x86)/atmel/studio/7.0/toolchain/arm/arm-gnu-toolchain/bin/../lib/gcc/arm-none-eabi/6.3.1/thumb/v7e-m/crtn.o
                0x00403364                . = ALIGN (0x4)
                0x00403364                __preinit_array_start = .
 *(.preinit_array)
                0x00403364                __preinit_array_end = .
                0x00403364                . = ALIGN (0x4)
                0x00403364                __init_array_start = .
 *(SORT(.init_array.*))
 .init_array.00000
                0x00403364        0x4 c:/program files (x86)/atmel/studio/7.0/toolchain/arm/arm-gnu-toolchain/bin/../lib/gcc/arm-none-eabi/6.3.1/../../../../arm-none-eabi/lib/thumb/v7e-m\libc.a(lib_a-__call_atexit.o)
 *(.init_array)
 .init_array    0x00403368        0x4 c:/program files (x86)/atmel/studio/7.0/toolchain/arm/arm-gnu-toolchain/bin/../lib/gcc/arm-none-eabi/6.3.1/thumb/v7e-m/crtbegin.o
                0x0040336c                __init_array_end = .
                0x0040336c                . = ALIGN (0x4)
 *crtbegin.o(.ctors)
 *(EXCLUDE_FILE(*crtend.o) .ctors)
 *(SORT(.ctors.*))
 *crtend.o(.ctors)
                0x0040336c                . = ALIGN (0x4)
 *(.fini)
 .fini          0x0040336c        0x4 c:/program files (x86)/atmel/studio/7.0/toolchain/arm/arm-gnu-toolchain/bin/../lib/gcc/arm-none-eabi/6.3.1/thumb/v7e-m/crti.o
                0x0040336c                _fini
 .fini          0x00403370        0x8 c:/program files (x86)/atmel/studio/7.0/toolchain/arm/arm-gnu-toolchain/bin/../lib/gcc/arm-none-eabi/6.3.1/thumb/v7e-m/crtn.o
                0x00403378                . = ALIGN (0x4)
                0x00403378                __fini_array_start = .
 *(.fini_array)
 .fini_array    0x00403378        0x4 c:/program files (x86)/atmel/studio/7.0/toolchain/arm/arm-gnu-toolchain/bin/../lib/gcc/arm-none-eabi/6.3.1/thumb/v7e-m/crtbegin.o
 *(SORT(.fini_array.*))
                0x0040337c                __fini_array_end = .
 *crtbegin.o(.dtors)
 *(EXCLUDE_FILE(*crtend.o) .dtors)
 *(SORT(.dtors.*))
 *crtend.o(.dtors)
                0x0040337c                . = ALIGN (0x4)
                0x0040337c                _efixed = .
                [!provide]                PROVIDE (__exidx_start, .)

.vfp11_veneer   0x0040337c        0x0
 .vfp11_veneer  0x0040337c        0x0 linker stubs

.v4_bx          0x0040337c        0x0
 .v4_bx         0x0040337c        0x0 linker stubs

.iplt           0x0040337c        0x0
 .iplt          0x0040337c        0x0 c:/program files (x86)/atmel/studio/7.0/toolchain/arm/arm-gnu-toolchain/bin/../lib/gcc/arm-none-eabi/6.3.1/thumb/v7e-m/crtbegin.o

.eh_frame       0x0040337c        0x0
 .eh_frame      0x0040337c        0x0 c:/program files (x86)/atmel/studio/7.0/toolchain/arm/arm-gnu-toolchain/bin/../lib/gcc/arm-none-eabi/6.3.1/thumb/v7e-m/crtbegin.o

.rel.dyn        0x0040337c        0x0
 .rel.iplt      0x0040337c        0x0 c:/program files (x86)/atmel/studio/7.0/toolchain/arm/arm-gnu-toolchain/bin/../lib/gcc/arm-none-eabi/6.3.1/thumb/v7e-m/crtbegin.o

.jcr            0x0040337c        0x0
 .jcr           0x0040337c        0x0 c:/program files (x86)/atmel/studio/7.0/toolchain/arm/arm-gnu-toolchain/bin/../lib/gcc/arm-none-eabi/6.3.1/thumb/v7e-m/crtbegin.o

.igot.plt       0x0040337c        0x0
 .igot.plt      0x0040337c        0x0 c:/program files (x86)/atmel/studio/7.0/toolchain/arm/arm-gnu-toolchain/bin/../lib/gcc/arm-none-eabi/6.3.1/thumb/v7e-m/crtbegin.o

.ARM.exidx
 *(.ARM.exidx* .gnu.linkonce.armexidx.*)
                [!provide]                PROVIDE (__exidx_end, .)
                0x0040337c                . = ALIGN (0x4)
                0x0040337c                _etext = .

.relocate       0x20000000      0x45c load address 0x0040337c
                0x20000000                . = ALIGN (0x4)
                0x20000000                _srelocate = .
 *(.ramfunc .ramfunc.*)
 *(.data .data.*)
 .data.uxCriticalNesting
                0x20000000        0x4 src/FreeRTOS/portable/GCC/ARM_CM4F/port.o
 .data.g_interrupt_enabled
                0x20000004        0x1 src/ASF/common/utils/interrupt/interrupt_sam_nvic.o
                0x20000004                g_interrupt_enabled
 *fill*         0x20000005        0x3 
 .data.SystemCoreClock
                0x20000008        0x4 src/ASF/sam/utils/cmsis/sam4e/source/templates/system_sam4e.o
                0x20000008                SystemCoreClock
 .data.uartBuffer1A
                0x2000000c        0x4 src/main.o
                0x2000000c                uartBuffer1A
 .data.uartBuffer1D
                0x20000010        0x4 src/main.o
                0x20000010                uartBuffer1D
 .data.uartBuffer1I
                0x20000014        0x4 src/main.o
                0x20000014                uartBuffer1I
 .data.uartBuffer2A
                0x20000018        0x4 src/main.o
                0x20000018                uartBuffer2A
 .data.uartBuffer2D
                0x2000001c        0x4 src/main.o
                0x2000001c                uartBuffer2D
 .data.uartBuffer2I
                0x20000020        0x4 src/main.o
                0x20000020                uartBuffer2I
 .data.uartBuffer3A
                0x20000024        0x4 src/main.o
                0x20000024                uartBuffer3A
 .data.uartBuffer3D
                0x20000028        0x4 src/main.o
                0x20000028                uartBuffer3D
 .data.uartBuffer3I
                0x2000002c        0x4 src/main.o
                0x2000002c                uartBuffer3I
 .data.impure_data
                0x20000030      0x428 c:/program files (x86)/atmel/studio/7.0/toolchain/arm/arm-gnu-toolchain/bin/../lib/gcc/arm-none-eabi/6.3.1/../../../../arm-none-eabi/lib/thumb/v7e-m\libc.a(lib_a-impure.o)
 .data.__atexit_recursive_mutex
                0x20000458        0x4 c:/program files (x86)/atmel/studio/7.0/toolchain/arm/arm-gnu-toolchain/bin/../lib/gcc/arm-none-eabi/6.3.1/../../../../arm-none-eabi/lib/thumb/v7e-m\libc.a(lib_a-__call_atexit.o)
                0x20000458                __atexit_recursive_mutex
                0x2000045c                . = ALIGN (0x4)
                0x2000045c                _erelocate = .

.bss            0x2000045c      0x2ac load address 0x004037d8
                0x2000045c                . = ALIGN (0x4)
                0x2000045c                _sbss = .
                0x2000045c                _szero = .
 *(.bss .bss.*)
 .bss           0x2000045c       0x1c c:/program files (x86)/atmel/studio/7.0/toolchain/arm/arm-gnu-toolchain/bin/../lib/gcc/arm-none-eabi/6.3.1/thumb/v7e-m/crtbegin.o
 .bss.ucMaxSysCallPriority
                0x20000478        0x1 src/FreeRTOS/portable/GCC/ARM_CM4F/port.o
 *fill*         0x20000479        0x3 
 .bss.ulMaxPRIGROUPValue
                0x2000047c        0x4 src/FreeRTOS/portable/GCC/ARM_CM4F/port.o
 .bss.pxEnd     0x20000480        0x4 src/FreeRTOS/portable/MemMang/heap_5.o
 .bss.xBlockAllocatedBit
                0x20000484        0x4 src/FreeRTOS/portable/MemMang/heap_5.o
 .bss.xFreeBytesRemaining
                0x20000488        0x4 src/FreeRTOS/portable/MemMang/heap_5.o
 .bss.xMinimumEverFreeBytesRemaining
                0x2000048c        0x4 src/FreeRTOS/portable/MemMang/heap_5.o
 .bss.xStart    0x20000490        0x8 src/FreeRTOS/portable/MemMang/heap_5.o
 .bss.pxCurrentTCB
                0x20000498        0x4 src/FreeRTOS/tasks.o
                0x20000498                pxCurrentTCB
 .bss.pxDelayedTaskList
                0x2000049c        0x4 src/FreeRTOS/tasks.o
 .bss.pxOverflowDelayedTaskList
                0x200004a0        0x4 src/FreeRTOS/tasks.o
 .bss.pxReadyTasksLists
                0x200004a4       0xa0 src/FreeRTOS/tasks.o
 .bss.uxCurrentNumberOfTasks
                0x20000544        0x4 src/FreeRTOS/tasks.o
 .bss.uxDeletedTasksWaitingCleanUp
                0x20000548        0x4 src/FreeRTOS/tasks.o
 .bss.uxPendedTicks
                0x2000054c        0x4 src/FreeRTOS/tasks.o
 .bss.uxSchedulerSuspended
                0x20000550        0x4 src/FreeRTOS/tasks.o
 .bss.uxTaskNumber
                0x20000554        0x4 src/FreeRTOS/tasks.o
 .bss.uxTopReadyPriority
                0x20000558        0x4 src/FreeRTOS/tasks.o
 .bss.xDelayedTaskList1
                0x2000055c       0x14 src/FreeRTOS/tasks.o
 .bss.xDelayedTaskList2
                0x20000570       0x14 src/FreeRTOS/tasks.o
 .bss.xIdleTaskHandle
                0x20000584        0x4 src/FreeRTOS/tasks.o
 .bss.xNextTaskUnblockTime
                0x20000588        0x4 src/FreeRTOS/tasks.o
 .bss.xNumOfOverflows
                0x2000058c        0x4 src/FreeRTOS/tasks.o
 .bss.xPendingReadyList
                0x20000590       0x14 src/FreeRTOS/tasks.o
 .bss.xSchedulerRunning
                0x200005a4        0x4 src/FreeRTOS/tasks.o
 .bss.xSuspendedTaskList
                0x200005a8       0x14 src/FreeRTOS/tasks.o
 .bss.xTasksWaitingTermination
                0x200005bc       0x14 src/FreeRTOS/tasks.o
 .bss.xTickCount
                0x200005d0        0x4 src/FreeRTOS/tasks.o
 .bss.xYieldPending
                0x200005d4        0x4 src/FreeRTOS/tasks.o
 .bss.pxCurrentTimerList
                0x200005d8        0x4 src/FreeRTOS/timers.o
 .bss.pxOverflowTimerList
                0x200005dc        0x4 src/FreeRTOS/timers.o
 .bss.xActiveTimerList1
                0x200005e0       0x14 src/FreeRTOS/timers.o
 .bss.xActiveTimerList2
                0x200005f4       0x14 src/FreeRTOS/timers.o
 .bss.xLastTime.6562
                0x20000608        0x4 src/FreeRTOS/timers.o
 .bss.xTimerQueue
                0x2000060c        0x4 src/FreeRTOS/timers.o
 .bss.xTimerTaskHandle
                0x20000610        0x4 src/FreeRTOS/timers.o
 .bss.SW_Debounce
                0x20000614        0x4 src/myTasks.o
                0x20000614                SW_Debounce
 .bss.controlHandle
                0x20000618        0xc src/main.o
                0x20000618                controlHandle
 .bss.ledHandle
                0x20000624        0xc src/main.o
                0x20000624                ledHandle
 .bss.ledQ      0x20000630        0xc src/main.o
                0x20000630                ledQ
 .bss.uartHandle
                0x2000063c        0x4 src/main.o
                0x2000063c                uartHandle
 .bss.uartQ     0x20000640        0x4 src/main.o
                0x20000640                uartQ
 *(COMMON)
 COMMON         0x20000644       0x40 src/FreeRTOS/queue.o
                0x20000644                xQueueRegistry
 COMMON         0x20000684       0x60 src/main.o
                0x20000684                controlLED2
                0x20000698                LED1Struct
                0x200006a4                controlLED1
                0x200006b8                LED2Struct
                0x200006c4                controlLED3
                0x200006d8                LED3Struct
 COMMON         0x200006e4       0x21 c:/program files (x86)/atmel/studio/7.0/toolchain/arm/arm-gnu-toolchain/bin/../lib/gcc/arm-none-eabi/6.3.1/../../../../arm-none-eabi/lib/thumb/v7e-m\libc.a(lib_a-lock.o)
                0x200006e4                __lock___atexit_recursive_mutex
                0x200006e8                __lock___arc4random_mutex
                0x200006ec                __lock___env_recursive_mutex
                0x200006f0                __lock___sinit_recursive_mutex
                0x200006f4                __lock___malloc_recursive_mutex
                0x200006f8                __lock___at_quick_exit_mutex
                0x200006fc                __lock___dd_hash_mutex
                0x20000700                __lock___tz_mutex
                0x20000704                __lock___sfp_recursive_mutex
                0x20000708                . = ALIGN (0x4)
 *fill*         0x20000705        0x3 
                0x20000708                _ebss = .
                0x20000708                _ezero = .

.stack          0x20000708     0x3000 load address 0x00403a84
                0x20000708                . = ALIGN (0x8)
                0x20000708                _sstack = .
                0x20003708                . = (. + __stack_size__)
 *fill*         0x20000708     0x3000 
                0x20003708                . = ALIGN (0x8)
                0x20003708                _estack = .
                0x20003708                . = ALIGN (0x4)
                0x20003708                _end = .
OUTPUT(Lab03.elf elf32-littlearm)

.ARM.attributes
                0x00000000       0x2e
 .ARM.attributes
                0x00000000       0x1e c:/program files (x86)/atmel/studio/7.0/toolchain/arm/arm-gnu-toolchain/bin/../lib/gcc/arm-none-eabi/6.3.1/thumb/v7e-m/crti.o
 .ARM.attributes
                0x0000001e       0x2e c:/program files (x86)/atmel/studio/7.0/toolchain/arm/arm-gnu-toolchain/bin/../lib/gcc/arm-none-eabi/6.3.1/thumb/v7e-m/crtbegin.o
 .ARM.attributes
                0x0000004c       0x37 src/FreeRTOS/list.o
 .ARM.attributes
                0x00000083       0x37 src/FreeRTOS/portable/GCC/ARM_CM4F/port.o
 .ARM.attributes
                0x000000ba       0x37 src/FreeRTOS/portable/MemMang/heap_5.o
 .ARM.attributes
                0x000000f1       0x37 src/FreeRTOS/queue.o
 .ARM.attributes
                0x00000128       0x37 src/FreeRTOS/tasks.o
 .ARM.attributes
                0x0000015f       0x37 src/FreeRTOS/timers.o
 .ARM.attributes
                0x00000196       0x37 src/ledDriver.o
 .ARM.attributes
                0x000001cd       0x37 src/myButtons.o
 .ARM.attributes
                0x00000204       0x37 src/myTasks.o
 .ARM.attributes
                0x0000023b       0x37 src/Uartdrv.o
 .ARM.attributes
                0x00000272       0x37 src/ASF/common/services/clock/sam4e/sysclk.o
 .ARM.attributes
                0x000002a9       0x37 src/ASF/common/utils/interrupt/interrupt_sam_nvic.o
 .ARM.attributes
                0x000002e0       0x37 src/ASF/sam/boards/sam4e_xplained_pro/init.o
 .ARM.attributes
                0x00000317       0x37 src/ASF/sam/drivers/pmc/pmc.o
 .ARM.attributes
                0x0000034e       0x37 src/ASF/sam/utils/cmsis/sam4e/source/templates/exceptions.o
 .ARM.attributes
                0x00000385       0x37 src/ASF/sam/utils/cmsis/sam4e/source/templates/gcc/startup_sam4e.o
 .ARM.attributes
                0x000003bc       0x37 src/ASF/sam/utils/cmsis/sam4e/source/templates/system_sam4e.o
 .ARM.attributes
                0x000003f3       0x37 src/main.o
 .ARM.attributes
                0x0000042a       0x2e c:/program files (x86)/atmel/studio/7.0/toolchain/arm/arm-gnu-toolchain/bin/../lib/gcc/arm-none-eabi/6.3.1/../../../../arm-none-eabi/lib/thumb/v7e-m\libc.a(lib_a-impure.o)
 .ARM.attributes
                0x00000458       0x2e c:/program files (x86)/atmel/studio/7.0/toolchain/arm/arm-gnu-toolchain/bin/../lib/gcc/arm-none-eabi/6.3.1/../../../../arm-none-eabi/lib/thumb/v7e-m\libc.a(lib_a-init.o)
 .ARM.attributes
                0x00000486       0x1c c:/program files (x86)/atmel/studio/7.0/toolchain/arm/arm-gnu-toolchain/bin/../lib/gcc/arm-none-eabi/6.3.1/../../../../arm-none-eabi/lib/thumb/v7e-m\libc.a(lib_a-memcpy.o)
 .ARM.attributes
                0x000004a2       0x2e c:/program files (x86)/atmel/studio/7.0/toolchain/arm/arm-gnu-toolchain/bin/../lib/gcc/arm-none-eabi/6.3.1/../../../../arm-none-eabi/lib/thumb/v7e-m\libc.a(lib_a-memset.o)
 .ARM.attributes
                0x000004d0       0x2e c:/program files (x86)/atmel/studio/7.0/toolchain/arm/arm-gnu-toolchain/bin/../lib/gcc/arm-none-eabi/6.3.1/../../../../arm-none-eabi/lib/thumb/v7e-m\libc.a(lib_a-__call_atexit.o)
 .ARM.attributes
                0x000004fe       0x2e c:/program files (x86)/atmel/studio/7.0/toolchain/arm/arm-gnu-toolchain/bin/../lib/gcc/arm-none-eabi/6.3.1/../../../../arm-none-eabi/lib/thumb/v7e-m\libc.a(lib_a-atexit.o)
 .ARM.attributes
                0x0000052c       0x2e c:/program files (x86)/atmel/studio/7.0/toolchain/arm/arm-gnu-toolchain/bin/../lib/gcc/arm-none-eabi/6.3.1/../../../../arm-none-eabi/lib/thumb/v7e-m\libc.a(lib_a-fini.o)
 .ARM.attributes
                0x0000055a       0x2e c:/program files (x86)/atmel/studio/7.0/toolchain/arm/arm-gnu-toolchain/bin/../lib/gcc/arm-none-eabi/6.3.1/../../../../arm-none-eabi/lib/thumb/v7e-m\libc.a(lib_a-lock.o)
 .ARM.attributes
                0x00000588       0x2e c:/program files (x86)/atmel/studio/7.0/toolchain/arm/arm-gnu-toolchain/bin/../lib/gcc/arm-none-eabi/6.3.1/../../../../arm-none-eabi/lib/thumb/v7e-m\libc.a(lib_a-__atexit.o)
 .ARM.attributes
                0x000005b6       0x1e c:/program files (x86)/atmel/studio/7.0/toolchain/arm/arm-gnu-toolchain/bin/../lib/gcc/arm-none-eabi/6.3.1/thumb/v7e-m/crtn.o

.comment        0x00000000       0x59
 .comment       0x00000000       0x59 src/FreeRTOS/list.o
                                 0x5a (size before relaxing)
 .comment       0x00000059       0x5a src/FreeRTOS/portable/GCC/ARM_CM4F/port.o
 .comment       0x00000059       0x5a src/FreeRTOS/portable/MemMang/heap_5.o
 .comment       0x00000059       0x5a src/FreeRTOS/queue.o
 .comment       0x00000059       0x5a src/FreeRTOS/tasks.o
 .comment       0x00000059       0x5a src/FreeRTOS/timers.o
 .comment       0x00000059       0x5a src/ledDriver.o
 .comment       0x00000059       0x5a src/myButtons.o
 .comment       0x00000059       0x5a src/myTasks.o
 .comment       0x00000059       0x5a src/Uartdrv.o
 .comment       0x00000059       0x5a src/ASF/common/services/clock/sam4e/sysclk.o
 .comment       0x00000059       0x5a src/ASF/common/utils/interrupt/interrupt_sam_nvic.o
 .comment       0x00000059       0x5a src/ASF/sam/boards/sam4e_xplained_pro/init.o
 .comment       0x00000059       0x5a src/ASF/sam/drivers/pmc/pmc.o
 .comment       0x00000059       0x5a src/ASF/sam/utils/cmsis/sam4e/source/templates/exceptions.o
 .comment       0x00000059       0x5a src/ASF/sam/utils/cmsis/sam4e/source/templates/gcc/startup_sam4e.o
 .comment       0x00000059       0x5a src/ASF/sam/utils/cmsis/sam4e/source/templates/system_sam4e.o
 .comment       0x00000059       0x5a src/main.o

.debug_info     0x00000000    0x16092
 .debug_info    0x00000000      0xbeb src/FreeRTOS/list.o
 .debug_info    0x00000beb      0x57b src/FreeRTOS/portable/GCC/ARM_CM4F/port.o
 .debug_info    0x00001166      0xe1a src/FreeRTOS/portable/MemMang/heap_5.o
 .debug_info    0x00001f80     0x2c0e src/FreeRTOS/queue.o
 .debug_info    0x00004b8e     0x2be2 src/FreeRTOS/tasks.o
 .debug_info    0x00007770     0x1c32 src/FreeRTOS/timers.o
 .debug_info    0x000093a2     0x17bb src/ledDriver.o
 .debug_info    0x0000ab5d     0x16f2 src/myButtons.o
 .debug_info    0x0000c24f     0x1259 src/myTasks.o
 .debug_info    0x0000d4a8     0x1455 src/Uartdrv.o
 .debug_info    0x0000e8fd     0x12a8 src/ASF/common/services/clock/sam4e/sysclk.o
 .debug_info    0x0000fba5      0xaff src/ASF/common/utils/interrupt/interrupt_sam_nvic.o
 .debug_info    0x000106a4     0x15d3 src/ASF/sam/boards/sam4e_xplained_pro/init.o
 .debug_info    0x00011c77     0x189e src/ASF/sam/drivers/pmc/pmc.o
 .debug_info    0x00013515       0xdc src/ASF/sam/utils/cmsis/sam4e/source/templates/exceptions.o
 .debug_info    0x000135f1     0x1240 src/ASF/sam/utils/cmsis/sam4e/source/templates/gcc/startup_sam4e.o
 .debug_info    0x00014831      0x495 src/ASF/sam/utils/cmsis/sam4e/source/templates/system_sam4e.o
 .debug_info    0x00014cc6     0x13cc src/main.o

.debug_abbrev   0x00000000     0x2fe5
 .debug_abbrev  0x00000000      0x221 src/FreeRTOS/list.o
 .debug_abbrev  0x00000221      0x247 src/FreeRTOS/portable/GCC/ARM_CM4F/port.o
 .debug_abbrev  0x00000468      0x2c5 src/FreeRTOS/portable/MemMang/heap_5.o
 .debug_abbrev  0x0000072d      0x3c1 src/FreeRTOS/queue.o
 .debug_abbrev  0x00000aee      0x3de src/FreeRTOS/tasks.o
 .debug_abbrev  0x00000ecc      0x2e7 src/FreeRTOS/timers.o
 .debug_abbrev  0x000011b3      0x358 src/ledDriver.o
 .debug_abbrev  0x0000150b      0x2fb src/myButtons.o
 .debug_abbrev  0x00001806      0x262 src/myTasks.o
 .debug_abbrev  0x00001a68      0x32a src/Uartdrv.o
 .debug_abbrev  0x00001d92      0x31d src/ASF/common/services/clock/sam4e/sysclk.o
 .debug_abbrev  0x000020af      0x221 src/ASF/common/utils/interrupt/interrupt_sam_nvic.o
 .debug_abbrev  0x000022d0      0x2e4 src/ASF/sam/boards/sam4e_xplained_pro/init.o
 .debug_abbrev  0x000025b4      0x2ff src/ASF/sam/drivers/pmc/pmc.o
 .debug_abbrev  0x000028b3       0x7d src/ASF/sam/utils/cmsis/sam4e/source/templates/exceptions.o
 .debug_abbrev  0x00002930      0x2bd src/ASF/sam/utils/cmsis/sam4e/source/templates/gcc/startup_sam4e.o
 .debug_abbrev  0x00002bed      0x102 src/ASF/sam/utils/cmsis/sam4e/source/templates/system_sam4e.o
 .debug_abbrev  0x00002cef      0x2f6 src/main.o

.debug_loc      0x00000000     0x6c27
 .debug_loc     0x00000000       0x9c src/FreeRTOS/list.o
 .debug_loc     0x0000009c      0x21f src/FreeRTOS/portable/GCC/ARM_CM4F/port.o
 .debug_loc     0x000002bb      0x419 src/FreeRTOS/portable/MemMang/heap_5.o
 .debug_loc     0x000006d4     0x1edf src/FreeRTOS/queue.o
 .debug_loc     0x000025b3     0x1cf5 src/FreeRTOS/tasks.o
 .debug_loc     0x000042a8     0x1257 src/FreeRTOS/timers.o
 .debug_loc     0x000054ff      0x4b9 src/ledDriver.o
 .debug_loc     0x000059b8      0x21a src/myButtons.o
 .debug_loc     0x00005bd2      0x1cb src/myTasks.o
 .debug_loc     0x00005d9d      0x160 src/Uartdrv.o
 .debug_loc     0x00005efd      0x18c src/ASF/common/services/clock/sam4e/sysclk.o
 .debug_loc     0x00006089      0x13b src/ASF/sam/boards/sam4e_xplained_pro/init.o
 .debug_loc     0x000061c4      0x8bd src/ASF/sam/drivers/pmc/pmc.o
 .debug_loc     0x00006a81       0x84 src/ASF/sam/utils/cmsis/sam4e/source/templates/gcc/startup_sam4e.o
 .debug_loc     0x00006b05      0x122 src/main.o

.debug_aranges  0x00000000      0x8a0
 .debug_aranges
                0x00000000       0x40 src/FreeRTOS/list.o
 .debug_aranges
                0x00000040       0x80 src/FreeRTOS/portable/GCC/ARM_CM4F/port.o
 .debug_aranges
                0x000000c0       0x48 src/FreeRTOS/portable/MemMang/heap_5.o
 .debug_aranges
                0x00000108      0x148 src/FreeRTOS/queue.o
 .debug_aranges
                0x00000250      0x1a0 src/FreeRTOS/tasks.o
 .debug_aranges
                0x000003f0       0xd0 src/FreeRTOS/timers.o
 .debug_aranges
                0x000004c0       0x38 src/ledDriver.o
 .debug_aranges
                0x000004f8       0x28 src/myButtons.o
 .debug_aranges
                0x00000520       0x38 src/myTasks.o
 .debug_aranges
                0x00000558       0x30 src/Uartdrv.o
 .debug_aranges
                0x00000588       0x40 src/ASF/common/services/clock/sam4e/sysclk.o
 .debug_aranges
                0x000005c8       0x28 src/ASF/common/utils/interrupt/interrupt_sam_nvic.o
 .debug_aranges
                0x000005f0       0x20 src/ASF/sam/boards/sam4e_xplained_pro/init.o
 .debug_aranges
                0x00000610      0x1d8 src/ASF/sam/drivers/pmc/pmc.o
 .debug_aranges
                0x000007e8       0x20 src/ASF/sam/utils/cmsis/sam4e/source/templates/exceptions.o
 .debug_aranges
                0x00000808       0x20 src/ASF/sam/utils/cmsis/sam4e/source/templates/gcc/startup_sam4e.o
 .debug_aranges
                0x00000828       0x30 src/ASF/sam/utils/cmsis/sam4e/source/templates/system_sam4e.o
 .debug_aranges
                0x00000858       0x48 src/main.o

.debug_ranges   0x00000000      0x998
 .debug_ranges  0x00000000       0x30 src/FreeRTOS/list.o
 .debug_ranges  0x00000030       0x88 src/FreeRTOS/portable/GCC/ARM_CM4F/port.o
 .debug_ranges  0x000000b8       0x38 src/FreeRTOS/portable/MemMang/heap_5.o
 .debug_ranges  0x000000f0      0x200 src/FreeRTOS/queue.o
 .debug_ranges  0x000002f0      0x268 src/FreeRTOS/tasks.o
 .debug_ranges  0x00000558       0xc0 src/FreeRTOS/timers.o
 .debug_ranges  0x00000618       0x88 src/ledDriver.o
 .debug_ranges  0x000006a0       0x18 src/myButtons.o
 .debug_ranges  0x000006b8       0x28 src/myTasks.o
 .debug_ranges  0x000006e0       0x20 src/Uartdrv.o
 .debug_ranges  0x00000700       0x30 src/ASF/common/services/clock/sam4e/sysclk.o
 .debug_ranges  0x00000730       0x18 src/ASF/common/utils/interrupt/interrupt_sam_nvic.o
 .debug_ranges  0x00000748       0x10 src/ASF/sam/boards/sam4e_xplained_pro/init.o
 .debug_ranges  0x00000758      0x1c8 src/ASF/sam/drivers/pmc/pmc.o
 .debug_ranges  0x00000920       0x10 src/ASF/sam/utils/cmsis/sam4e/source/templates/exceptions.o
 .debug_ranges  0x00000930       0x10 src/ASF/sam/utils/cmsis/sam4e/source/templates/gcc/startup_sam4e.o
 .debug_ranges  0x00000940       0x20 src/ASF/sam/utils/cmsis/sam4e/source/templates/system_sam4e.o
 .debug_ranges  0x00000960       0x38 src/main.o

.debug_macro    0x00000000    0x18696
 .debug_macro   0x00000000      0x18b src/FreeRTOS/list.o
 .debug_macro   0x0000018b      0x8ce src/FreeRTOS/list.o
 .debug_macro   0x00000a59       0x22 src/FreeRTOS/list.o
 .debug_macro   0x00000a7b       0x52 src/FreeRTOS/list.o
 .debug_macro   0x00000acd       0x8d src/FreeRTOS/list.o
 .debug_macro   0x00000b5a       0x35 src/FreeRTOS/list.o
 .debug_macro   0x00000b8f       0x9c src/FreeRTOS/list.o
 .debug_macro   0x00000c2b       0x16 src/FreeRTOS/list.o
 .debug_macro   0x00000c41      0x10e src/FreeRTOS/list.o
 .debug_macro   0x00000d4f       0x86 src/FreeRTOS/list.o
 .debug_macro   0x00000dd5       0x57 src/FreeRTOS/list.o
 .debug_macro   0x00000e2c       0x58 src/FreeRTOS/list.o
 .debug_macro   0x00000e84       0x1f src/FreeRTOS/list.o
 .debug_macro   0x00000ea3       0x43 src/FreeRTOS/list.o
 .debug_macro   0x00000ee6       0x20 src/FreeRTOS/list.o
 .debug_macro   0x00000f06      0x187 src/FreeRTOS/list.o
 .debug_macro   0x0000108d      0x353 src/FreeRTOS/list.o
 .debug_macro   0x000013e0       0x16 src/FreeRTOS/list.o
 .debug_macro   0x000013f6       0x29 src/FreeRTOS/list.o
 .debug_macro   0x0000141f       0xef src/FreeRTOS/list.o
 .debug_macro   0x0000150e       0x6a src/FreeRTOS/list.o
 .debug_macro   0x00001578      0x1df src/FreeRTOS/list.o
 .debug_macro   0x00001757      0x136 src/FreeRTOS/list.o
 .debug_macro   0x0000188d      0x15a src/FreeRTOS/list.o
 .debug_macro   0x000019e7       0xde src/FreeRTOS/list.o
 .debug_macro   0x00001ac5       0x1c src/FreeRTOS/list.o
 .debug_macro   0x00001ae1       0x26 src/FreeRTOS/list.o
 .debug_macro   0x00001b07      0x4a2 src/FreeRTOS/list.o
 .debug_macro   0x00001fa9       0xb5 src/FreeRTOS/list.o
 .debug_macro   0x0000205e      0x1a6 src/FreeRTOS/portable/GCC/ARM_CM4F/port.o
 .debug_macro   0x00002204      0x16d src/FreeRTOS/portable/GCC/ARM_CM4F/port.o
 .debug_macro   0x00002371       0x87 src/FreeRTOS/portable/GCC/ARM_CM4F/port.o
 .debug_macro   0x000023f8       0x51 src/FreeRTOS/portable/GCC/ARM_CM4F/port.o
 .debug_macro   0x00002449       0xaa src/FreeRTOS/portable/GCC/ARM_CM4F/port.o
 .debug_macro   0x000024f3      0x1b2 src/FreeRTOS/portable/MemMang/heap_5.o
 .debug_macro   0x000026a5      0x20b src/FreeRTOS/queue.o
 .debug_macro   0x000028b0       0x16 src/FreeRTOS/queue.o
 .debug_macro   0x000028c6       0x35 src/FreeRTOS/queue.o
 .debug_macro   0x000028fb       0x80 src/FreeRTOS/queue.o
 .debug_macro   0x0000297b      0x325 src/FreeRTOS/tasks.o
 .debug_macro   0x00002ca0       0x91 src/FreeRTOS/tasks.o
 .debug_macro   0x00002d31       0x10 src/FreeRTOS/tasks.o
 .debug_macro   0x00002d41       0x1c src/FreeRTOS/tasks.o
 .debug_macro   0x00002d5d       0x10 src/FreeRTOS/tasks.o
 .debug_macro   0x00002d6d       0x10 src/FreeRTOS/tasks.o
 .debug_macro   0x00002d7d       0x1c src/FreeRTOS/tasks.o
 .debug_macro   0x00002d99       0x52 src/FreeRTOS/tasks.o
 .debug_macro   0x00002deb       0x40 src/FreeRTOS/tasks.o
 .debug_macro   0x00002e2b       0x10 src/FreeRTOS/tasks.o
 .debug_macro   0x00002e3b       0x40 src/FreeRTOS/tasks.o
 .debug_macro   0x00002e7b       0xd7 src/FreeRTOS/tasks.o
 .debug_macro   0x00002f52       0x16 src/FreeRTOS/tasks.o
 .debug_macro   0x00002f68      0x18b src/FreeRTOS/tasks.o
 .debug_macro   0x000030f3      0x1e0 src/FreeRTOS/timers.o
 .debug_macro   0x000032d3       0x97 src/FreeRTOS/timers.o
 .debug_macro   0x0000336a      0x6da src/ledDriver.o
 .debug_macro   0x00003a44      0x708 src/ledDriver.o
 .debug_macro   0x0000414c       0x76 src/ledDriver.o
 .debug_macro   0x000041c2       0x16 src/ledDriver.o
 .debug_macro   0x000041d8      0x6da src/ledDriver.o
 .debug_macro   0x000048b2       0x27 src/ledDriver.o
 .debug_macro   0x000048d9       0x1c src/ledDriver.o
 .debug_macro   0x000048f5       0x22 src/ledDriver.o
 .debug_macro   0x00004917       0xdf src/ledDriver.o
 .debug_macro   0x000049f6     0x102d src/ledDriver.o
 .debug_macro   0x00005a23      0x11f src/ledDriver.o
 .debug_macro   0x00005b42      0x154 src/ledDriver.o
 .debug_macro   0x00005c96      0x18f src/ledDriver.o
 .debug_macro   0x00005e25      0xbec src/ledDriver.o
 .debug_macro   0x00006a11      0x535 src/ledDriver.o
 .debug_macro   0x00006f46      0x196 src/ledDriver.o
 .debug_macro   0x000070dc      0x11e src/ledDriver.o
 .debug_macro   0x000071fa      0x428 src/ledDriver.o
 .debug_macro   0x00007622      0x541 src/ledDriver.o
 .debug_macro   0x00007b63      0x106 src/ledDriver.o
 .debug_macro   0x00007c69      0xa74 src/ledDriver.o
 .debug_macro   0x000086dd       0x1c src/ledDriver.o
 .debug_macro   0x000086f9      0x735 src/ledDriver.o
 .debug_macro   0x00008e2e      0x44d src/ledDriver.o
 .debug_macro   0x0000927b       0xbe src/ledDriver.o
 .debug_macro   0x00009339     0x28b1 src/ledDriver.o
 .debug_macro   0x0000bbea      0x834 src/ledDriver.o
 .debug_macro   0x0000c41e      0xb28 src/ledDriver.o
 .debug_macro   0x0000cf46       0x9a src/ledDriver.o
 .debug_macro   0x0000cfe0       0x76 src/ledDriver.o
 .debug_macro   0x0000d056      0x3cf src/ledDriver.o
 .debug_macro   0x0000d425       0x64 src/ledDriver.o
 .debug_macro   0x0000d489      0x1a6 src/ledDriver.o
 .debug_macro   0x0000d62f      0x37c src/ledDriver.o
 .debug_macro   0x0000d9ab      0x6fd src/ledDriver.o
 .debug_macro   0x0000e0a8      0x6f4 src/ledDriver.o
 .debug_macro   0x0000e79c      0x377 src/ledDriver.o
 .debug_macro   0x0000eb13      0x2a1 src/ledDriver.o
 .debug_macro   0x0000edb4      0x2cd src/ledDriver.o
 .debug_macro   0x0000f081      0x6b2 src/ledDriver.o
 .debug_macro   0x0000f733       0x76 src/ledDriver.o
 .debug_macro   0x0000f7a9      0x2e9 src/ledDriver.o
 .debug_macro   0x0000fa92       0x46 src/ledDriver.o
 .debug_macro   0x0000fad8      0x21b src/ledDriver.o
 .debug_macro   0x0000fcf3      0x21b src/ledDriver.o
 .debug_macro   0x0000ff0e      0x287 src/ledDriver.o
 .debug_macro   0x00010195       0x88 src/ledDriver.o
 .debug_macro   0x0001021d       0x82 src/ledDriver.o
 .debug_macro   0x0001029f       0xb8 src/ledDriver.o
 .debug_macro   0x00010357       0x52 src/ledDriver.o
 .debug_macro   0x000103a9       0x88 src/ledDriver.o
 .debug_macro   0x00010431      0x1bb src/ledDriver.o
 .debug_macro   0x000105ec      0x1bb src/ledDriver.o
 .debug_macro   0x000107a7      0x12b src/ledDriver.o
 .debug_macro   0x000108d2       0xac src/ledDriver.o
 .debug_macro   0x0001097e       0xac src/ledDriver.o
 .debug_macro   0x00010a2a       0x94 src/ledDriver.o
 .debug_macro   0x00010abe       0x94 src/ledDriver.o
 .debug_macro   0x00010b52       0xdc src/ledDriver.o
 .debug_macro   0x00010c2e       0xdc src/ledDriver.o
 .debug_macro   0x00010d0a       0x7c src/ledDriver.o
 .debug_macro   0x00010d86       0x40 src/ledDriver.o
 .debug_macro   0x00010dc6       0xee src/ledDriver.o
 .debug_macro   0x00010eb4       0x46 src/ledDriver.o
 .debug_macro   0x00010efa       0x58 src/ledDriver.o
 .debug_macro   0x00010f52       0xa6 src/ledDriver.o
 .debug_macro   0x00010ff8       0x82 src/ledDriver.o
 .debug_macro   0x0001107a       0x16 src/ledDriver.o
 .debug_macro   0x00011090       0x22 src/ledDriver.o
 .debug_macro   0x000110b2      0x193 src/ledDriver.o
 .debug_macro   0x00011245      0x163 src/ledDriver.o
 .debug_macro   0x000113a8      0x163 src/ledDriver.o
 .debug_macro   0x0001150b      0x163 src/ledDriver.o
 .debug_macro   0x0001166e      0x163 src/ledDriver.o
 .debug_macro   0x000117d1       0x1c src/ledDriver.o
 .debug_macro   0x000117ed       0x2e src/ledDriver.o
 .debug_macro   0x0001181b       0x22 src/ledDriver.o
 .debug_macro   0x0001183d       0x1c src/ledDriver.o
 .debug_macro   0x00011859       0x52 src/ledDriver.o
 .debug_macro   0x000118ab       0x10 src/ledDriver.o
 .debug_macro   0x000118bb       0x1c src/ledDriver.o
 .debug_macro   0x000118d7      0x2b2 src/ledDriver.o
 .debug_macro   0x00011b89      0xc83 src/ledDriver.o
 .debug_macro   0x0001280c      0x10e src/ledDriver.o
 .debug_macro   0x0001291a       0x58 src/ledDriver.o
 .debug_macro   0x00012972       0x16 src/ledDriver.o
 .debug_macro   0x00012988      0x34d src/ledDriver.o
 .debug_macro   0x00012cd5       0x22 src/ledDriver.o
 .debug_macro   0x00012cf7       0x73 src/ledDriver.o
 .debug_macro   0x00012d6a       0x3e src/ledDriver.o
 .debug_macro   0x00012da8      0x3ca src/ledDriver.o
 .debug_macro   0x00013172      0x2d8 src/ledDriver.o
 .debug_macro   0x0001344a      0x943 src/ledDriver.o
 .debug_macro   0x00013d8d       0x34 src/ledDriver.o
 .debug_macro   0x00013dc1       0x58 src/ledDriver.o
 .debug_macro   0x00013e19       0x64 src/ledDriver.o
 .debug_macro   0x00013e7d       0x40 src/ledDriver.o
 .debug_macro   0x00013ebd       0x82 src/ledDriver.o
 .debug_macro   0x00013f3f       0x82 src/ledDriver.o
 .debug_macro   0x00013fc1       0x34 src/ledDriver.o
 .debug_macro   0x00013ff5       0x16 src/ledDriver.o
 .debug_macro   0x0001400b       0x1c src/ledDriver.o
 .debug_macro   0x00014027      0x13c src/ledDriver.o
 .debug_macro   0x00014163       0x58 src/ledDriver.o
 .debug_macro   0x000141bb      0x6da src/myButtons.o
 .debug_macro   0x00014895      0x74c src/myTasks.o
 .debug_macro   0x00014fe1       0x3a src/myTasks.o
 .debug_macro   0x0001501b      0x70d src/Uartdrv.o
 .debug_macro   0x00015728      0x624 src/ASF/common/services/clock/sam4e/sysclk.o
 .debug_macro   0x00015d4c      0x2d2 src/ASF/common/services/clock/sam4e/sysclk.o
 .debug_macro   0x0001601e      0x59d src/ASF/common/utils/interrupt/interrupt_sam_nvic.o
 .debug_macro   0x000165bb      0x657 src/ASF/sam/boards/sam4e_xplained_pro/init.o
 .debug_macro   0x00016c12      0x5b2 src/ASF/sam/drivers/pmc/pmc.o
 .debug_macro   0x000171c4       0x52 src/ASF/sam/drivers/pmc/pmc.o
 .debug_macro   0x00017216      0x3a4 src/ASF/sam/utils/cmsis/sam4e/source/templates/exceptions.o
 .debug_macro   0x000175ba      0x5b6 src/ASF/sam/utils/cmsis/sam4e/source/templates/gcc/startup_sam4e.o
 .debug_macro   0x00017b70       0x10 src/ASF/sam/utils/cmsis/sam4e/source/templates/gcc/startup_sam4e.o
 .debug_macro   0x00017b80      0x3b2 src/ASF/sam/utils/cmsis/sam4e/source/templates/system_sam4e.o
 .debug_macro   0x00017f32      0x764 src/main.o

.debug_line     0x00000000     0xb19f
 .debug_line    0x00000000      0x45c src/FreeRTOS/list.o
 .debug_line    0x0000045c      0x4e2 src/FreeRTOS/portable/GCC/ARM_CM4F/port.o
 .debug_line    0x0000093e      0x51e src/FreeRTOS/portable/MemMang/heap_5.o
 .debug_line    0x00000e5c      0xc31 src/FreeRTOS/queue.o
 .debug_line    0x00001a8d      0xd78 src/FreeRTOS/tasks.o
 .debug_line    0x00002805      0x6f9 src/FreeRTOS/timers.o
 .debug_line    0x00002efe      0xc6e src/ledDriver.o
 .debug_line    0x00003b6c      0xc36 src/myButtons.o
 .debug_line    0x000047a2      0xcd6 src/myTasks.o
 .debug_line    0x00005478      0xc29 src/Uartdrv.o
 .debug_line    0x000060a1      0xab3 src/ASF/common/services/clock/sam4e/sysclk.o
 .debug_line    0x00006b54      0x930 src/ASF/common/utils/interrupt/interrupt_sam_nvic.o
 .debug_line    0x00007484      0xaba src/ASF/sam/boards/sam4e_xplained_pro/init.o
 .debug_line    0x00007f3e      0xe60 src/ASF/sam/drivers/pmc/pmc.o
 .debug_line    0x00008d9e      0x697 src/ASF/sam/utils/cmsis/sam4e/source/templates/exceptions.o
 .debug_line    0x00009435      0x9a1 src/ASF/sam/utils/cmsis/sam4e/source/templates/gcc/startup_sam4e.o
 .debug_line    0x00009dd6      0x709 src/ASF/sam/utils/cmsis/sam4e/source/templates/system_sam4e.o
 .debug_line    0x0000a4df      0xcc0 src/main.o

.debug_str      0x00000000    0x6986f
 .debug_str     0x00000000     0x9bd6 src/FreeRTOS/list.o
                               0x9e4e (size before relaxing)
 .debug_str     0x00009bd6      0xf08 src/FreeRTOS/portable/GCC/ARM_CM4F/port.o
                               0x7edc (size before relaxing)
 .debug_str     0x0000aade      0x331 src/FreeRTOS/portable/MemMang/heap_5.o
                               0xa6ef (size before relaxing)
 .debug_str     0x0000ae0f     0x1162 src/FreeRTOS/queue.o
                               0xb77a (size before relaxing)
 .debug_str     0x0000bf71     0x2abb src/FreeRTOS/tasks.o
                               0xd37d (size before relaxing)
 .debug_str     0x0000ea2c      0x563 src/FreeRTOS/timers.o
                               0xbb0e (size before relaxing)
 .debug_str     0x0000ef8f    0x58f40 src/ledDriver.o
                              0x63913 (size before relaxing)
 .debug_str     0x00067ecf      0x155 src/myButtons.o
                              0x639b0 (size before relaxing)
 .debug_str     0x00068024      0x36f src/myTasks.o
                              0x64dc8 (size before relaxing)
 .debug_str     0x00068393       0xf3 src/Uartdrv.o
                              0x64802 (size before relaxing)
 .debug_str     0x00068486      0x34d src/ASF/common/services/clock/sam4e/sysclk.o
                              0x60381 (size before relaxing)
 .debug_str     0x000687d3       0x94 src/ASF/common/utils/interrupt/interrupt_sam_nvic.o
                              0x5ba54 (size before relaxing)
 .debug_str     0x00068867      0x218 src/ASF/sam/boards/sam4e_xplained_pro/init.o
                              0x60971 (size before relaxing)
 .debug_str     0x00068a7f      0x5c0 src/ASF/sam/drivers/pmc/pmc.o
                              0x5c3dc (size before relaxing)
 .debug_str     0x0006903f       0x4d src/ASF/sam/utils/cmsis/sam4e/source/templates/exceptions.o
                              0x4b23a (size before relaxing)
 .debug_str     0x0006908c      0x50e src/ASF/sam/utils/cmsis/sam4e/source/templates/gcc/startup_sam4e.o
                              0x5c00b (size before relaxing)
 .debug_str     0x0006959a      0x17b src/ASF/sam/utils/cmsis/sam4e/source/templates/system_sam4e.o
                              0x4b504 (size before relaxing)
 .debug_str     0x00069715      0x15a src/main.o
                              0x64f2a (size before relaxing)

.debug_frame    0x00000000     0x177c
 .debug_frame   0x00000000       0x6c src/FreeRTOS/list.o
 .debug_frame   0x0000006c      0x124 src/FreeRTOS/portable/GCC/ARM_CM4F/port.o
 .debug_frame   0x00000190       0xac src/FreeRTOS/portable/MemMang/heap_5.o
 .debug_frame   0x0000023c      0x42c src/FreeRTOS/queue.o
 .debug_frame   0x00000668      0x520 src/FreeRTOS/tasks.o
 .debug_frame   0x00000b88      0x2b4 src/FreeRTOS/timers.o
 .debug_frame   0x00000e3c       0x68 src/ledDriver.o
 .debug_frame   0x00000ea4       0x40 src/myButtons.o
 .debug_frame   0x00000ee4       0x88 src/myTasks.o
 .debug_frame   0x00000f6c       0x54 src/Uartdrv.o
 .debug_frame   0x00000fc0       0x88 src/ASF/common/services/clock/sam4e/sysclk.o
 .debug_frame   0x00001048       0x30 src/ASF/common/utils/interrupt/interrupt_sam_nvic.o
 .debug_frame   0x00001078       0x28 src/ASF/sam/boards/sam4e_xplained_pro/init.o
 .debug_frame   0x000010a0      0x3b4 src/ASF/sam/drivers/pmc/pmc.o
 .debug_frame   0x00001454       0x20 src/ASF/sam/utils/cmsis/sam4e/source/templates/exceptions.o
 .debug_frame   0x00001474       0x28 src/ASF/sam/utils/cmsis/sam4e/source/templates/gcc/startup_sam4e.o
 .debug_frame   0x0000149c       0x40 src/ASF/sam/utils/cmsis/sam4e/source/templates/system_sam4e.o
 .debug_frame   0x000014dc       0xac src/main.o
 .debug_frame   0x00001588       0x2c c:/program files (x86)/atmel/studio/7.0/toolchain/arm/arm-gnu-toolchain/bin/../lib/gcc/arm-none-eabi/6.3.1/../../../../arm-none-eabi/lib/thumb/v7e-m\libc.a(lib_a-init.o)
 .debug_frame   0x000015b4       0x34 c:/program files (x86)/atmel/studio/7.0/toolchain/arm/arm-gnu-toolchain/bin/../lib/gcc/arm-none-eabi/6.3.1/../../../../arm-none-eabi/lib/thumb/v7e-m\libc.a(lib_a-memset.o)
 .debug_frame   0x000015e8       0x5c c:/program files (x86)/atmel/studio/7.0/toolchain/arm/arm-gnu-toolchain/bin/../lib/gcc/arm-none-eabi/6.3.1/../../../../arm-none-eabi/lib/thumb/v7e-m\libc.a(lib_a-__call_atexit.o)
 .debug_frame   0x00001644       0x20 c:/program files (x86)/atmel/studio/7.0/toolchain/arm/arm-gnu-toolchain/bin/../lib/gcc/arm-none-eabi/6.3.1/../../../../arm-none-eabi/lib/thumb/v7e-m\libc.a(lib_a-atexit.o)
 .debug_frame   0x00001664       0x34 c:/program files (x86)/atmel/studio/7.0/toolchain/arm/arm-gnu-toolchain/bin/../lib/gcc/arm-none-eabi/6.3.1/../../../../arm-none-eabi/lib/thumb/v7e-m\libc.a(lib_a-fini.o)
 .debug_frame   0x00001698       0xb0 c:/program files (x86)/atmel/studio/7.0/toolchain/arm/arm-gnu-toolchain/bin/../lib/gcc/arm-none-eabi/6.3.1/../../../../arm-none-eabi/lib/thumb/v7e-m\libc.a(lib_a-lock.o)
 .debug_frame   0x00001748       0x34 c:/program files (x86)/atmel/studio/7.0/toolchain/arm/arm-gnu-toolchain/bin/../lib/gcc/arm-none-eabi/6.3.1/../../../../arm-none-eabi/lib/thumb/v7e-m\libc.a(lib_a-__atexit.o)

Cross Reference Table

Symbol                                            File
ACC_Handler                                       src/ASF/sam/utils/cmsis/sam4e/source/templates/exceptions.o
                                                  src/ASF/sam/utils/cmsis/sam4e/source/templates/gcc/startup_sam4e.o
AES_Handler                                       src/ASF/sam/utils/cmsis/sam4e/source/templates/exceptions.o
                                                  src/ASF/sam/utils/cmsis/sam4e/source/templates/gcc/startup_sam4e.o
AFEC0_Handler                                     src/ASF/sam/utils/cmsis/sam4e/source/templates/exceptions.o
                                                  src/ASF/sam/utils/cmsis/sam4e/source/templates/gcc/startup_sam4e.o
AFEC1_Handler                                     src/ASF/sam/utils/cmsis/sam4e/source/templates/exceptions.o
                                                  src/ASF/sam/utils/cmsis/sam4e/source/templates/gcc/startup_sam4e.o
ARM_Handler                                       src/ASF/sam/utils/cmsis/sam4e/source/templates/exceptions.o
                                                  src/ASF/sam/utils/cmsis/sam4e/source/templates/gcc/startup_sam4e.o
BusFault_Handler                                  src/ASF/sam/utils/cmsis/sam4e/source/templates/exceptions.o
                                                  src/ASF/sam/utils/cmsis/sam4e/source/templates/gcc/startup_sam4e.o
CAN0_Handler                                      src/ASF/sam/utils/cmsis/sam4e/source/templates/exceptions.o
                                                  src/ASF/sam/utils/cmsis/sam4e/source/templates/gcc/startup_sam4e.o
CAN1_Handler                                      src/ASF/sam/utils/cmsis/sam4e/source/templates/exceptions.o
                                                  src/ASF/sam/utils/cmsis/sam4e/source/templates/gcc/startup_sam4e.o
DACC_Handler                                      src/ASF/sam/utils/cmsis/sam4e/source/templates/exceptions.o
                                                  src/ASF/sam/utils/cmsis/sam4e/source/templates/gcc/startup_sam4e.o
DMAC_Handler                                      src/ASF/sam/utils/cmsis/sam4e/source/templates/exceptions.o
                                                  src/ASF/sam/utils/cmsis/sam4e/source/templates/gcc/startup_sam4e.o
DebugMon_Handler                                  src/ASF/sam/utils/cmsis/sam4e/source/templates/exceptions.o
                                                  src/ASF/sam/utils/cmsis/sam4e/source/templates/gcc/startup_sam4e.o
Dummy_Handler                                     src/ASF/sam/utils/cmsis/sam4e/source/templates/exceptions.o
                                                  src/ASF/sam/utils/cmsis/sam4e/source/templates/gcc/startup_sam4e.o
EFC_Handler                                       src/ASF/sam/utils/cmsis/sam4e/source/templates/exceptions.o
                                                  src/ASF/sam/utils/cmsis/sam4e/source/templates/gcc/startup_sam4e.o
GMAC_Handler                                      src/ASF/sam/utils/cmsis/sam4e/source/templates/exceptions.o
                                                  src/ASF/sam/utils/cmsis/sam4e/source/templates/gcc/startup_sam4e.o
HSMCI_Handler                                     src/ASF/sam/utils/cmsis/sam4e/source/templates/exceptions.o
                                                  src/ASF/sam/utils/cmsis/sam4e/source/templates/gcc/startup_sam4e.o
HardFault_Handler                                 src/ASF/sam/utils/cmsis/sam4e/source/templates/exceptions.o
                                                  src/ASF/sam/utils/cmsis/sam4e/source/templates/gcc/startup_sam4e.o
LED1Struct                                        src/main.o
LED2Struct                                        src/main.o
LED3Struct                                        src/main.o
MemManage_Handler                                 src/ASF/sam/utils/cmsis/sam4e/source/templates/exceptions.o
                                                  src/ASF/sam/utils/cmsis/sam4e/source/templates/gcc/startup_sam4e.o
NMI_Handler                                       src/ASF/sam/utils/cmsis/sam4e/source/templates/exceptions.o
                                                  src/ASF/sam/utils/cmsis/sam4e/source/templates/gcc/startup_sam4e.o
PIOA_Handler                                      src/ASF/sam/utils/cmsis/sam4e/source/templates/exceptions.o
                                                  src/ASF/sam/utils/cmsis/sam4e/source/templates/gcc/startup_sam4e.o
PIOB_Handler                                      src/ASF/sam/utils/cmsis/sam4e/source/templates/exceptions.o
                                                  src/ASF/sam/utils/cmsis/sam4e/source/templates/gcc/startup_sam4e.o
PIOC_Handler                                      src/ASF/sam/utils/cmsis/sam4e/source/templates/exceptions.o
                                                  src/ASF/sam/utils/cmsis/sam4e/source/templates/gcc/startup_sam4e.o
PIOD_Handler                                      src/ASF/sam/utils/cmsis/sam4e/source/templates/exceptions.o
                                                  src/ASF/sam/utils/cmsis/sam4e/source/templates/gcc/startup_sam4e.o
PIOE_Handler                                      src/ASF/sam/utils/cmsis/sam4e/source/templates/exceptions.o
                                                  src/ASF/sam/utils/cmsis/sam4e/source/templates/gcc/startup_sam4e.o
PMC_Handler                                       src/ASF/sam/utils/cmsis/sam4e/source/templates/exceptions.o
                                                  src/ASF/sam/utils/cmsis/sam4e/source/templates/gcc/startup_sam4e.o
PWM_Handler                                       src/ASF/sam/utils/cmsis/sam4e/source/templates/exceptions.o
                                                  src/ASF/sam/utils/cmsis/sam4e/source/templates/gcc/startup_sam4e.o
PendSV_Handler                                    src/FreeRTOS/portable/GCC/ARM_CM4F/port.o
                                                  src/ASF/sam/utils/cmsis/sam4e/source/templates/gcc/startup_sam4e.o
RSTC_Handler                                      src/ASF/sam/utils/cmsis/sam4e/source/templates/exceptions.o
                                                  src/ASF/sam/utils/cmsis/sam4e/source/templates/gcc/startup_sam4e.o
RTC_Handler                                       src/ASF/sam/utils/cmsis/sam4e/source/templates/exceptions.o
                                                  src/ASF/sam/utils/cmsis/sam4e/source/templates/gcc/startup_sam4e.o
RTT_Handler                                       src/ASF/sam/utils/cmsis/sam4e/source/templates/exceptions.o
                                                  src/ASF/sam/utils/cmsis/sam4e/source/templates/gcc/startup_sam4e.o
Reset_Handler                                     src/ASF/sam/utils/cmsis/sam4e/source/templates/gcc/startup_sam4e.o
                                                  src/ASF/sam/utils/cmsis/sam4e/source/templates/exceptions.o
SMC_Handler                                       src/ASF/sam/utils/cmsis/sam4e/source/templates/exceptions.o
SPI_Handler                                       src/ASF/sam/utils/cmsis/sam4e/source/templates/exceptions.o
                                                  src/ASF/sam/utils/cmsis/sam4e/source/templates/gcc/startup_sam4e.o
SUPC_Handler                                      src/ASF/sam/utils/cmsis/sam4e/source/templates/exceptions.o
                                                  src/ASF/sam/utils/cmsis/sam4e/source/templates/gcc/startup_sam4e.o
SVC_Handler                                       src/FreeRTOS/portable/GCC/ARM_CM4F/port.o
                                                  src/ASF/sam/utils/cmsis/sam4e/source/templates/gcc/startup_sam4e.o
SW_Debounce                                       src/myTasks.o
SysTick_Handler                                   src/FreeRTOS/portable/GCC/ARM_CM4F/port.o
                                                  src/ASF/sam/utils/cmsis/sam4e/source/templates/gcc/startup_sam4e.o
SystemCoreClock                                   src/ASF/sam/utils/cmsis/sam4e/source/templates/system_sam4e.o
                                                  src/FreeRTOS/portable/GCC/ARM_CM4F/port.o
SystemCoreClockUpdate                             src/ASF/sam/utils/cmsis/sam4e/source/templates/system_sam4e.o
                                                  src/ASF/common/services/clock/sam4e/sysclk.o
SystemInit                                        src/ASF/sam/utils/cmsis/sam4e/source/templates/system_sam4e.o
TC0_Handler                                       src/ASF/sam/utils/cmsis/sam4e/source/templates/exceptions.o
                                                  src/ASF/sam/utils/cmsis/sam4e/source/templates/gcc/startup_sam4e.o
TC1_Handler                                       src/ASF/sam/utils/cmsis/sam4e/source/templates/exceptions.o
                                                  src/ASF/sam/utils/cmsis/sam4e/source/templates/gcc/startup_sam4e.o
TC2_Handler                                       src/ASF/sam/utils/cmsis/sam4e/source/templates/exceptions.o
                                                  src/ASF/sam/utils/cmsis/sam4e/source/templates/gcc/startup_sam4e.o
TC3_Handler                                       src/ASF/sam/utils/cmsis/sam4e/source/templates/exceptions.o
                                                  src/ASF/sam/utils/cmsis/sam4e/source/templates/gcc/startup_sam4e.o
TC4_Handler                                       src/ASF/sam/utils/cmsis/sam4e/source/templates/exceptions.o
                                                  src/ASF/sam/utils/cmsis/sam4e/source/templates/gcc/startup_sam4e.o
TC5_Handler                                       src/ASF/sam/utils/cmsis/sam4e/source/templates/exceptions.o
                                                  src/ASF/sam/utils/cmsis/sam4e/source/templates/gcc/startup_sam4e.o
TC6_Handler                                       src/ASF/sam/utils/cmsis/sam4e/source/templates/exceptions.o
                                                  src/ASF/sam/utils/cmsis/sam4e/source/templates/gcc/startup_sam4e.o
TC7_Handler                                       src/ASF/sam/utils/cmsis/sam4e/source/templates/exceptions.o
                                                  src/ASF/sam/utils/cmsis/sam4e/source/templates/gcc/startup_sam4e.o
TC8_Handler                                       src/ASF/sam/utils/cmsis/sam4e/source/templates/exceptions.o
                                                  src/ASF/sam/utils/cmsis/sam4e/source/templates/gcc/startup_sam4e.o
TWI0_Handler                                      src/ASF/sam/utils/cmsis/sam4e/source/templates/exceptions.o
                                                  src/ASF/sam/utils/cmsis/sam4e/source/templates/gcc/startup_sam4e.o
TWI1_Handler                                      src/ASF/sam/utils/cmsis/sam4e/source/templates/exceptions.o
                                                  src/ASF/sam/utils/cmsis/sam4e/source/templates/gcc/startup_sam4e.o
UART0_Handler                                     src/ASF/sam/utils/cmsis/sam4e/source/templates/exceptions.o
                                                  src/ASF/sam/utils/cmsis/sam4e/source/templates/gcc/startup_sam4e.o
UART1_Handler                                     src/ASF/sam/utils/cmsis/sam4e/source/templates/exceptions.o
                                                  src/ASF/sam/utils/cmsis/sam4e/source/templates/gcc/startup_sam4e.o
UARTPutC                                          src/Uartdrv.o
UARTPutStr                                        src/Uartdrv.o
                                                  src/main.o
                                                  src/myTasks.o
UDP_Handler                                       src/ASF/sam/utils/cmsis/sam4e/source/templates/exceptions.o
                                                  src/ASF/sam/utils/cmsis/sam4e/source/templates/gcc/startup_sam4e.o
USART0_Handler                                    src/ASF/sam/utils/cmsis/sam4e/source/templates/exceptions.o
                                                  src/ASF/sam/utils/cmsis/sam4e/source/templates/gcc/startup_sam4e.o
USART1_Handler                                    src/ASF/sam/utils/cmsis/sam4e/source/templates/exceptions.o
                                                  src/ASF/sam/utils/cmsis/sam4e/source/templates/gcc/startup_sam4e.o
UsageFault_Handler                                src/ASF/sam/utils/cmsis/sam4e/source/templates/exceptions.o
                                                  src/ASF/sam/utils/cmsis/sam4e/source/templates/gcc/startup_sam4e.o
WDT_Handler                                       src/ASF/sam/utils/cmsis/sam4e/source/templates/exceptions.o
                                                  src/ASF/sam/utils/cmsis/sam4e/source/templates/gcc/startup_sam4e.o
_Jv_RegisterClasses                               c:/program files (x86)/atmel/studio/7.0/toolchain/arm/arm-gnu-toolchain/bin/../lib/gcc/arm-none-eabi/6.3.1/thumb/v7e-m/crtbegin.o
__atexit_recursive_mutex                          c:/program files (x86)/atmel/studio/7.0/toolchain/arm/arm-gnu-toolchain/bin/../lib/gcc/arm-none-eabi/6.3.1/../../../../arm-none-eabi/lib/thumb/v7e-m\libc.a(lib_a-__call_atexit.o)
                                                  c:/program files (x86)/atmel/studio/7.0/toolchain/arm/arm-gnu-toolchain/bin/../lib/gcc/arm-none-eabi/6.3.1/../../../../arm-none-eabi/lib/thumb/v7e-m\libc.a(lib_a-__atexit.o)
__bss_end__                                       c:/program files (x86)/atmel/studio/7.0/toolchain/arm/arm-gnu-toolchain/bin/../lib/gcc/arm-none-eabi/6.3.1/../../../../arm-none-eabi/lib/thumb/v7e-m/crt0.o
__bss_start__                                     c:/program files (x86)/atmel/studio/7.0/toolchain/arm/arm-gnu-toolchain/bin/../lib/gcc/arm-none-eabi/6.3.1/../../../../arm-none-eabi/lib/thumb/v7e-m/crt0.o
__call_exitprocs                                  c:/program files (x86)/atmel/studio/7.0/toolchain/arm/arm-gnu-toolchain/bin/../lib/gcc/arm-none-eabi/6.3.1/../../../../arm-none-eabi/lib/thumb/v7e-m\libc.a(lib_a-__call_atexit.o)
                                                  c:/program files (x86)/atmel/studio/7.0/toolchain/arm/arm-gnu-toolchain/bin/../lib/gcc/arm-none-eabi/6.3.1/../../../../arm-none-eabi/lib/thumb/v7e-m\libc.a(lib_a-exit.o)
__deregister_frame_info                           c:/program files (x86)/atmel/studio/7.0/toolchain/arm/arm-gnu-toolchain/bin/../lib/gcc/arm-none-eabi/6.3.1/thumb/v7e-m/crtbegin.o
__dso_handle                                      c:/program files (x86)/atmel/studio/7.0/toolchain/arm/arm-gnu-toolchain/bin/../lib/gcc/arm-none-eabi/6.3.1/thumb/v7e-m/crtbegin.o
__fini_array_end                                  c:/program files (x86)/atmel/studio/7.0/toolchain/arm/arm-gnu-toolchain/bin/../lib/gcc/arm-none-eabi/6.3.1/../../../../arm-none-eabi/lib/thumb/v7e-m\libc.a(lib_a-fini.o)
__fini_array_start                                c:/program files (x86)/atmel/studio/7.0/toolchain/arm/arm-gnu-toolchain/bin/../lib/gcc/arm-none-eabi/6.3.1/../../../../arm-none-eabi/lib/thumb/v7e-m\libc.a(lib_a-fini.o)
__init_array_end                                  c:/program files (x86)/atmel/studio/7.0/toolchain/arm/arm-gnu-toolchain/bin/../lib/gcc/arm-none-eabi/6.3.1/../../../../arm-none-eabi/lib/thumb/v7e-m\libc.a(lib_a-init.o)
__init_array_start                                c:/program files (x86)/atmel/studio/7.0/toolchain/arm/arm-gnu-toolchain/bin/../lib/gcc/arm-none-eabi/6.3.1/../../../../arm-none-eabi/lib/thumb/v7e-m\libc.a(lib_a-init.o)
__libc_fini                                       c:/program files (x86)/atmel/studio/7.0/toolchain/arm/arm-gnu-toolchain/bin/../lib/gcc/arm-none-eabi/6.3.1/../../../../arm-none-eabi/lib/thumb/v7e-m\libc.a(lib_a-__call_atexit.o)
__libc_fini_array                                 c:/program files (x86)/atmel/studio/7.0/toolchain/arm/arm-gnu-toolchain/bin/../lib/gcc/arm-none-eabi/6.3.1/../../../../arm-none-eabi/lib/thumb/v7e-m\libc.a(lib_a-fini.o)
                                                  c:/program files (x86)/atmel/studio/7.0/toolchain/arm/arm-gnu-toolchain/bin/../lib/gcc/arm-none-eabi/6.3.1/../../../../arm-none-eabi/lib/thumb/v7e-m\libc.a(lib_a-__call_atexit.o)
                                                  c:/program files (x86)/atmel/studio/7.0/toolchain/arm/arm-gnu-toolchain/bin/../lib/gcc/arm-none-eabi/6.3.1/../../../../arm-none-eabi/lib/thumb/v7e-m/crt0.o
__libc_init_array                                 c:/program files (x86)/atmel/studio/7.0/toolchain/arm/arm-gnu-toolchain/bin/../lib/gcc/arm-none-eabi/6.3.1/../../../../arm-none-eabi/lib/thumb/v7e-m\libc.a(lib_a-init.o)
                                                  src/ASF/sam/utils/cmsis/sam4e/source/templates/gcc/startup_sam4e.o
                                                  c:/program files (x86)/atmel/studio/7.0/toolchain/arm/arm-gnu-toolchain/bin/../lib/gcc/arm-none-eabi/6.3.1/../../../../arm-none-eabi/lib/thumb/v7e-m/crt0.o
__lock___arc4random_mutex                         c:/program files (x86)/atmel/studio/7.0/toolchain/arm/arm-gnu-toolchain/bin/../lib/gcc/arm-none-eabi/6.3.1/../../../../arm-none-eabi/lib/thumb/v7e-m\libc.a(lib_a-lock.o)
__lock___at_quick_exit_mutex                      c:/program files (x86)/atmel/studio/7.0/toolchain/arm/arm-gnu-toolchain/bin/../lib/gcc/arm-none-eabi/6.3.1/../../../../arm-none-eabi/lib/thumb/v7e-m\libc.a(lib_a-lock.o)
__lock___atexit_recursive_mutex                   c:/program files (x86)/atmel/studio/7.0/toolchain/arm/arm-gnu-toolchain/bin/../lib/gcc/arm-none-eabi/6.3.1/../../../../arm-none-eabi/lib/thumb/v7e-m\libc.a(lib_a-lock.o)
                                                  c:/program files (x86)/atmel/studio/7.0/toolchain/arm/arm-gnu-toolchain/bin/../lib/gcc/arm-none-eabi/6.3.1/../../../../arm-none-eabi/lib/thumb/v7e-m\libc.a(lib_a-__call_atexit.o)
__lock___dd_hash_mutex                            c:/program files (x86)/atmel/studio/7.0/toolchain/arm/arm-gnu-toolchain/bin/../lib/gcc/arm-none-eabi/6.3.1/../../../../arm-none-eabi/lib/thumb/v7e-m\libc.a(lib_a-lock.o)
__lock___env_recursive_mutex                      c:/program files (x86)/atmel/studio/7.0/toolchain/arm/arm-gnu-toolchain/bin/../lib/gcc/arm-none-eabi/6.3.1/../../../../arm-none-eabi/lib/thumb/v7e-m\libc.a(lib_a-lock.o)
__lock___malloc_recursive_mutex                   c:/program files (x86)/atmel/studio/7.0/toolchain/arm/arm-gnu-toolchain/bin/../lib/gcc/arm-none-eabi/6.3.1/../../../../arm-none-eabi/lib/thumb/v7e-m\libc.a(lib_a-lock.o)
__lock___sfp_recursive_mutex                      c:/program files (x86)/atmel/studio/7.0/toolchain/arm/arm-gnu-toolchain/bin/../lib/gcc/arm-none-eabi/6.3.1/../../../../arm-none-eabi/lib/thumb/v7e-m\libc.a(lib_a-lock.o)
__lock___sinit_recursive_mutex                    c:/program files (x86)/atmel/studio/7.0/toolchain/arm/arm-gnu-toolchain/bin/../lib/gcc/arm-none-eabi/6.3.1/../../../../arm-none-eabi/lib/thumb/v7e-m\libc.a(lib_a-lock.o)
__lock___tz_mutex                                 c:/program files (x86)/atmel/studio/7.0/toolchain/arm/arm-gnu-toolchain/bin/../lib/gcc/arm-none-eabi/6.3.1/../../../../arm-none-eabi/lib/thumb/v7e-m\libc.a(lib_a-lock.o)
__preinit_array_end                               c:/program files (x86)/atmel/studio/7.0/toolchain/arm/arm-gnu-toolchain/bin/../lib/gcc/arm-none-eabi/6.3.1/../../../../arm-none-eabi/lib/thumb/v7e-m\libc.a(lib_a-init.o)
__preinit_array_start                             c:/program files (x86)/atmel/studio/7.0/toolchain/arm/arm-gnu-toolchain/bin/../lib/gcc/arm-none-eabi/6.3.1/../../../../arm-none-eabi/lib/thumb/v7e-m\libc.a(lib_a-init.o)
__ram_end__                                       src/ASF/sam/utils/syscalls/gcc/syscalls.o
__register_exitproc                               c:/program files (x86)/atmel/studio/7.0/toolchain/arm/arm-gnu-toolchain/bin/../lib/gcc/arm-none-eabi/6.3.1/../../../../arm-none-eabi/lib/thumb/v7e-m\libc.a(lib_a-__atexit.o)
                                                  c:/program files (x86)/atmel/studio/7.0/toolchain/arm/arm-gnu-toolchain/bin/../lib/gcc/arm-none-eabi/6.3.1/../../../../arm-none-eabi/lib/thumb/v7e-m\libc.a(lib_a-atexit.o)
__register_frame_info                             c:/program files (x86)/atmel/studio/7.0/toolchain/arm/arm-gnu-toolchain/bin/../lib/gcc/arm-none-eabi/6.3.1/thumb/v7e-m/crtbegin.o
__retarget_lock_acquire                           c:/program files (x86)/atmel/studio/7.0/toolchain/arm/arm-gnu-toolchain/bin/../lib/gcc/arm-none-eabi/6.3.1/../../../../arm-none-eabi/lib/thumb/v7e-m\libc.a(lib_a-lock.o)
__retarget_lock_acquire_recursive                 c:/program files (x86)/atmel/studio/7.0/toolchain/arm/arm-gnu-toolchain/bin/../lib/gcc/arm-none-eabi/6.3.1/../../../../arm-none-eabi/lib/thumb/v7e-m\libc.a(lib_a-lock.o)
                                                  c:/program files (x86)/atmel/studio/7.0/toolchain/arm/arm-gnu-toolchain/bin/../lib/gcc/arm-none-eabi/6.3.1/../../../../arm-none-eabi/lib/thumb/v7e-m\libc.a(lib_a-__atexit.o)
                                                  c:/program files (x86)/atmel/studio/7.0/toolchain/arm/arm-gnu-toolchain/bin/../lib/gcc/arm-none-eabi/6.3.1/../../../../arm-none-eabi/lib/thumb/v7e-m\libc.a(lib_a-__call_atexit.o)
__retarget_lock_close                             c:/program files (x86)/atmel/studio/7.0/toolchain/arm/arm-gnu-toolchain/bin/../lib/gcc/arm-none-eabi/6.3.1/../../../../arm-none-eabi/lib/thumb/v7e-m\libc.a(lib_a-lock.o)
__retarget_lock_close_recursive                   c:/program files (x86)/atmel/studio/7.0/toolchain/arm/arm-gnu-toolchain/bin/../lib/gcc/arm-none-eabi/6.3.1/../../../../arm-none-eabi/lib/thumb/v7e-m\libc.a(lib_a-lock.o)
__retarget_lock_init                              c:/program files (x86)/atmel/studio/7.0/toolchain/arm/arm-gnu-toolchain/bin/../lib/gcc/arm-none-eabi/6.3.1/../../../../arm-none-eabi/lib/thumb/v7e-m\libc.a(lib_a-lock.o)
__retarget_lock_init_recursive                    c:/program files (x86)/atmel/studio/7.0/toolchain/arm/arm-gnu-toolchain/bin/../lib/gcc/arm-none-eabi/6.3.1/../../../../arm-none-eabi/lib/thumb/v7e-m\libc.a(lib_a-lock.o)
__retarget_lock_release                           c:/program files (x86)/atmel/studio/7.0/toolchain/arm/arm-gnu-toolchain/bin/../lib/gcc/arm-none-eabi/6.3.1/../../../../arm-none-eabi/lib/thumb/v7e-m\libc.a(lib_a-lock.o)
__retarget_lock_release_recursive                 c:/program files (x86)/atmel/studio/7.0/toolchain/arm/arm-gnu-toolchain/bin/../lib/gcc/arm-none-eabi/6.3.1/../../../../arm-none-eabi/lib/thumb/v7e-m\libc.a(lib_a-lock.o)
                                                  c:/program files (x86)/atmel/studio/7.0/toolchain/arm/arm-gnu-toolchain/bin/../lib/gcc/arm-none-eabi/6.3.1/../../../../arm-none-eabi/lib/thumb/v7e-m\libc.a(lib_a-__atexit.o)
                                                  c:/program files (x86)/atmel/studio/7.0/toolchain/arm/arm-gnu-toolchain/bin/../lib/gcc/arm-none-eabi/6.3.1/../../../../arm-none-eabi/lib/thumb/v7e-m\libc.a(lib_a-__call_atexit.o)
__retarget_lock_try_acquire                       c:/program files (x86)/atmel/studio/7.0/toolchain/arm/arm-gnu-toolchain/bin/../lib/gcc/arm-none-eabi/6.3.1/../../../../arm-none-eabi/lib/thumb/v7e-m\libc.a(lib_a-lock.o)
__retarget_lock_try_acquire_recursive             c:/program files (x86)/atmel/studio/7.0/toolchain/arm/arm-gnu-toolchain/bin/../lib/gcc/arm-none-eabi/6.3.1/../../../../arm-none-eabi/lib/thumb/v7e-m\libc.a(lib_a-lock.o)
__stack                                           c:/program files (x86)/atmel/studio/7.0/toolchain/arm/arm-gnu-toolchain/bin/../lib/gcc/arm-none-eabi/6.3.1/../../../../arm-none-eabi/lib/thumb/v7e-m/crt0.o
_close                                            src/ASF/sam/utils/syscalls/gcc/syscalls.o
_end                                              src/ASF/sam/utils/syscalls/gcc/syscalls.o
_erelocate                                        src/ASF/sam/utils/cmsis/sam4e/source/templates/gcc/startup_sam4e.o
_estack                                           src/main.o
                                                  src/ASF/sam/utils/cmsis/sam4e/source/templates/gcc/startup_sam4e.o
_etext                                            src/ASF/sam/utils/cmsis/sam4e/source/templates/gcc/startup_sam4e.o
_exit                                             src/ASF/sam/utils/syscalls/gcc/syscalls.o
                                                  c:/program files (x86)/atmel/studio/7.0/toolchain/arm/arm-gnu-toolchain/bin/../lib/gcc/arm-none-eabi/6.3.1/../../../../arm-none-eabi/lib/thumb/v7e-m\libc.a(lib_a-exit.o)
_ezero                                            src/ASF/sam/utils/cmsis/sam4e/source/templates/gcc/startup_sam4e.o
_fini                                             c:/program files (x86)/atmel/studio/7.0/toolchain/arm/arm-gnu-toolchain/bin/../lib/gcc/arm-none-eabi/6.3.1/thumb/v7e-m/crti.o
                                                  c:/program files (x86)/atmel/studio/7.0/toolchain/arm/arm-gnu-toolchain/bin/../lib/gcc/arm-none-eabi/6.3.1/../../../../arm-none-eabi/lib/thumb/v7e-m\libc.a(lib_a-fini.o)
_fstat                                            src/ASF/sam/utils/syscalls/gcc/syscalls.o
_getpid                                           src/ASF/sam/utils/syscalls/gcc/syscalls.o
_global_impure_ptr                                c:/program files (x86)/atmel/studio/7.0/toolchain/arm/arm-gnu-toolchain/bin/../lib/gcc/arm-none-eabi/6.3.1/../../../../arm-none-eabi/lib/thumb/v7e-m\libc.a(lib_a-impure.o)
                                                  c:/program files (x86)/atmel/studio/7.0/toolchain/arm/arm-gnu-toolchain/bin/../lib/gcc/arm-none-eabi/6.3.1/../../../../arm-none-eabi/lib/thumb/v7e-m\libc.a(lib_a-__atexit.o)
                                                  c:/program files (x86)/atmel/studio/7.0/toolchain/arm/arm-gnu-toolchain/bin/../lib/gcc/arm-none-eabi/6.3.1/../../../../arm-none-eabi/lib/thumb/v7e-m\libc.a(lib_a-__call_atexit.o)
                                                  c:/program files (x86)/atmel/studio/7.0/toolchain/arm/arm-gnu-toolchain/bin/../lib/gcc/arm-none-eabi/6.3.1/../../../../arm-none-eabi/lib/thumb/v7e-m\libc.a(lib_a-exit.o)
_impure_ptr                                       c:/program files (x86)/atmel/studio/7.0/toolchain/arm/arm-gnu-toolchain/bin/../lib/gcc/arm-none-eabi/6.3.1/../../../../arm-none-eabi/lib/thumb/v7e-m\libc.a(lib_a-impure.o)
_init                                             c:/program files (x86)/atmel/studio/7.0/toolchain/arm/arm-gnu-toolchain/bin/../lib/gcc/arm-none-eabi/6.3.1/thumb/v7e-m/crti.o
                                                  c:/program files (x86)/atmel/studio/7.0/toolchain/arm/arm-gnu-toolchain/bin/../lib/gcc/arm-none-eabi/6.3.1/../../../../arm-none-eabi/lib/thumb/v7e-m\libc.a(lib_a-init.o)
_isatty                                           src/ASF/sam/utils/syscalls/gcc/syscalls.o
_kill                                             src/ASF/sam/utils/syscalls/gcc/syscalls.o
_lseek                                            src/ASF/sam/utils/syscalls/gcc/syscalls.o
_mainCRTStartup                                   c:/program files (x86)/atmel/studio/7.0/toolchain/arm/arm-gnu-toolchain/bin/../lib/gcc/arm-none-eabi/6.3.1/../../../../arm-none-eabi/lib/thumb/v7e-m/crt0.o
_sbrk                                             src/ASF/sam/utils/syscalls/gcc/syscalls.o
_sfixed                                           src/ASF/sam/utils/cmsis/sam4e/source/templates/gcc/startup_sam4e.o
_srelocate                                        src/ASF/sam/utils/cmsis/sam4e/source/templates/gcc/startup_sam4e.o
_start                                            c:/program files (x86)/atmel/studio/7.0/toolchain/arm/arm-gnu-toolchain/bin/../lib/gcc/arm-none-eabi/6.3.1/../../../../arm-none-eabi/lib/thumb/v7e-m/crt0.o
_szero                                            src/ASF/sam/utils/cmsis/sam4e/source/templates/gcc/startup_sam4e.o
atexit                                            c:/program files (x86)/atmel/studio/7.0/toolchain/arm/arm-gnu-toolchain/bin/../lib/gcc/arm-none-eabi/6.3.1/../../../../arm-none-eabi/lib/thumb/v7e-m\libc.a(lib_a-atexit.o)
                                                  c:/program files (x86)/atmel/studio/7.0/toolchain/arm/arm-gnu-toolchain/bin/../lib/gcc/arm-none-eabi/6.3.1/../../../../arm-none-eabi/lib/thumb/v7e-m\libc.a(lib_a-__call_atexit.o)
                                                  c:/program files (x86)/atmel/studio/7.0/toolchain/arm/arm-gnu-toolchain/bin/../lib/gcc/arm-none-eabi/6.3.1/../../../../arm-none-eabi/lib/thumb/v7e-m/crt0.o
board_init                                        src/ASF/sam/boards/sam4e_xplained_pro/init.o
                                                  src/main.o
controlHandle                                     src/main.o
controlLED1                                       src/main.o
controlLED2                                       src/main.o
controlLED3                                       src/main.o
cpu_irq_enter_critical                            src/ASF/common/utils/interrupt/interrupt_sam_nvic.o