Archive member included to satisfy reference by file (symbol)

c:/program files (x86)/atmel/studio/7.0/toolchain/arm/arm-gnu-toolchain/bin/../lib/gcc/arm-none-eabi/6.3.1/../../../../arm-none-eabi/lib/thumb/v7e-m\libc.a(lib_a-exit.o)
                              c:/program files (x86)/atmel/studio/7.0/toolchain/arm/arm-gnu-toolchain/bin/../lib/gcc/arm-none-eabi/6.3.1/../../../../arm-none-eabi/lib/thumb/v7e-m/crt0.o (exit)
c:/program files (x86)/atmel/studio/7.0/toolchain/arm/arm-gnu-toolchain/bin/../lib/gcc/arm-none-eabi/6.3.1/../../../../arm-none-eabi/lib/thumb/v7e-m\libc.a(lib_a-impure.o)
                              c:/program files (x86)/atmel/studio/7.0/toolchain/arm/arm-gnu-toolchain/bin/../lib/gcc/arm-none-eabi/6.3.1/../../../../arm-none-eabi/lib/thumb/v7e-m\libc.a(lib_a-exit.o) (_global_impure_ptr)
c:/program files (x86)/atmel/studio/7.0/toolchain/arm/arm-gnu-toolchain/bin/../lib/gcc/arm-none-eabi/6.3.1/../../../../arm-none-eabi/lib/thumb/v7e-m\libc.a(lib_a-init.o)
                              c:/program files (x86)/atmel/studio/7.0/toolchain/arm/arm-gnu-toolchain/bin/../lib/gcc/arm-none-eabi/6.3.1/../../../../arm-none-eabi/lib/thumb/v7e-m/crt0.o (__libc_init_array)
c:/program files (x86)/atmel/studio/7.0/toolchain/arm/arm-gnu-toolchain/bin/../lib/gcc/arm-none-eabi/6.3.1/../../../../arm-none-eabi/lib/thumb/v7e-m\libc.a(lib_a-memcpy.o)
                              src/FreeRTOS/queue.o (memcpy)
c:/program files (x86)/atmel/studio/7.0/toolchain/arm/arm-gnu-toolchain/bin/../lib/gcc/arm-none-eabi/6.3.1/../../../../arm-none-eabi/lib/thumb/v7e-m\libc.a(lib_a-memset.o)
                              c:/program files (x86)/atmel/studio/7.0/toolchain/arm/arm-gnu-toolchain/bin/../lib/gcc/arm-none-eabi/6.3.1/../../../../arm-none-eabi/lib/thumb/v7e-m/crt0.o (memset)
c:/program files (x86)/atmel/studio/7.0/toolchain/arm/arm-gnu-toolchain/bin/../lib/gcc/arm-none-eabi/6.3.1/../../../../arm-none-eabi/lib/thumb/v7e-m\libc.a(lib_a-__call_atexit.o)
                              c:/program files (x86)/atmel/studio/7.0/toolchain/arm/arm-gnu-toolchain/bin/../lib/gcc/arm-none-eabi/6.3.1/../../../../arm-none-eabi/lib/thumb/v7e-m\libc.a(lib_a-exit.o) (__call_exitprocs)
c:/program files (x86)/atmel/studio/7.0/toolchain/arm/arm-gnu-toolchain/bin/../lib/gcc/arm-none-eabi/6.3.1/../../../../arm-none-eabi/lib/thumb/v7e-m\libc.a(lib_a-atexit.o)
                              c:/program files (x86)/atmel/studio/7.0/toolchain/arm/arm-gnu-toolchain/bin/../lib/gcc/arm-none-eabi/6.3.1/../../../../arm-none-eabi/lib/thumb/v7e-m\libc.a(lib_a-__call_atexit.o) (atexit)
c:/program files (x86)/atmel/studio/7.0/toolchain/arm/arm-gnu-toolchain/bin/../lib/gcc/arm-none-eabi/6.3.1/../../../../arm-none-eabi/lib/thumb/v7e-m\libc.a(lib_a-fini.o)
                              c:/program files (x86)/atmel/studio/7.0/toolchain/arm/arm-gnu-toolchain/bin/../lib/gcc/arm-none-eabi/6.3.1/../../../../arm-none-eabi/lib/thumb/v7e-m\libc.a(lib_a-__call_atexit.o) (__libc_fini_array)
c:/program files (x86)/atmel/studio/7.0/toolchain/arm/arm-gnu-toolchain/bin/../lib/gcc/arm-none-eabi/6.3.1/../../../../arm-none-eabi/lib/thumb/v7e-m\libc.a(lib_a-lock.o)
                              c:/program files (x86)/atmel/studio/7.0/toolchain/arm/arm-gnu-toolchain/bin/../lib/gcc/arm-none-eabi/6.3.1/../../../../arm-none-eabi/lib/thumb/v7e-m\libc.a(lib_a-__call_atexit.o) (__retarget_lock_acquire_recursive)
c:/program files (x86)/atmel/studio/7.0/toolchain/arm/arm-gnu-toolchain/bin/../lib/gcc/arm-none-eabi/6.3.1/../../../../arm-none-eabi/lib/thumb/v7e-m\libc.a(lib_a-__atexit.o)
                              c:/program files (x86)/atmel/studio/7.0/toolchain/arm/arm-gnu-toolchain/bin/../lib/gcc/arm-none-eabi/6.3.1/../../../../arm-none-eabi/lib/thumb/v7e-m\libc.a(lib_a-atexit.o) (__register_exitproc)

Allocating common symbols
Common symbol       size              file

__lock___atexit_recursive_mutex
                    0x1               c:/program files (x86)/atmel/studio/7.0/toolchain/arm/arm-gnu-toolchain/bin/../lib/gcc/arm-none-eabi/6.3.1/../../../../arm-none-eabi/lib/thumb/v7e-m\libc.a(lib_a-lock.o)
__lock___arc4random_mutex
                    0x1               c:/program files (x86)/atmel/studio/7.0/toolchain/arm/arm-gnu-toolchain/bin/../lib/gcc/arm-none-eabi/6.3.1/../../../../arm-none-eabi/lib/thumb/v7e-m\libc.a(lib_a-lock.o)
xQueueRegistry      0x40              src/FreeRTOS/queue.o
__lock___env_recursive_mutex
                    0x1               c:/program files (x86)/atmel/studio/7.0/toolchain/arm/arm-gnu-toolchain/bin/../lib/gcc/arm-none-eabi/6.3.1/../../../../arm-none-eabi/lib/thumb/v7e-m\libc.a(lib_a-lock.o)
__lock___sinit_recursive_mutex
                    0x1               c:/program files (x86)/atmel/studio/7.0/toolchain/arm/arm-gnu-toolchain/bin/../lib/gcc/arm-none-eabi/6.3.1/../../../../arm-none-eabi/lib/thumb/v7e-m\libc.a(lib_a-lock.o)
__lock___malloc_recursive_mutex
[...]
Memory Configuration

Name             Origin             Length             Attributes
rom              0x00400000         0x00100000         xr
ram              0x20000000         0x00020000         xrw
*default*        0x00000000         0xffffffff

Linker script and memory map

LOAD c:/program files (x86)/atmel/studio/7.0/toolchain/arm/arm-gnu-toolchain/bin/../lib/gcc/arm-none-eabi/6.3.1/thumb/v7e-m/crti.o
LOAD c:/program files (x86)/atmel/studio/7.0/toolchain/arm/arm-gnu-toolchain/bin/../lib/gcc/arm-none-eabi/6.3.1/thumb/v7e-m/crtbegin.o
LOAD c:/program files (x86)/atmel/studio/7.0/toolchain/arm/arm-gnu-toolchain/bin/../lib/gcc/arm-none-eabi/6.3.1/../../../../arm-none-eabi/lib/thumb/v7e-m/crt0.o
LOAD src/FreeRTOS/list.o
LOAD src/FreeRTOS/portable/GCC/ARM_CM4F/port.o
LOAD src/FreeRTOS/portable/MemMang/heap_5.o
LOAD src/FreeRTOS/queue.o
LOAD src/FreeRTOS/tasks.o
LOAD src/FreeRTOS/timers.o
LOAD src/FreeRTOS/Uartdrv.o
LOAD src/ledDriver.o
LOAD src/myButtons.o
LOAD src/myTasks.o
LOAD src/ASF/common/services/clock/sam4e/sysclk.o
LOAD src/ASF/common/utils/interrupt/interrupt_sam_nvic.o
LOAD src/ASF/sam/boards/sam4e_xplained_pro/init.o
LOAD src/ASF/sam/drivers/pmc/pmc.o
LOAD src/ASF/sam/drivers/pmc/sleep.o
LOAD src/ASF/sam/utils/cmsis/sam4e/source/templates/exceptions.o
LOAD src/ASF/sam/utils/cmsis/sam4e/source/templates/gcc/startup_sam4e.o
LOAD src/ASF/sam/utils/cmsis/sam4e/source/templates/system_sam4e.o
LOAD src/ASF/sam/utils/syscalls/gcc/syscalls.o
LOAD src/main.o
START GROUP
LOAD ../src/ASF/thirdparty/CMSIS/Lib/GCC\libarm_cortexM4lf_math_softfp.a
LOAD c:/program files (x86)/atmel/studio/7.0/toolchain/arm/arm-gnu-toolchain/bin/../lib/gcc/arm-none-eabi/6.3.1/../../../../arm-none-eabi/lib/thumb/v7e-m\libm.a
END GROUP
START GROUP
LOAD c:/program files (x86)/atmel/studio/7.0/toolchain/arm/arm-gnu-toolchain/bin/../lib/gcc/arm-none-eabi/6.3.1/thumb/v7e-m\libgcc.a
LOAD c:/program files (x86)/atmel/studio/7.0/toolchain/arm/arm-gnu-toolchain/bin/../lib/gcc/arm-none-eabi/6.3.1/../../../../arm-none-eabi/lib/thumb/v7e-m\libc.a
END GROUP
LOAD c:/program files (x86)/atmel/studio/7.0/toolchain/arm/arm-gnu-toolchain/bin/../lib/gcc/arm-none-eabi/6.3.1/thumb/v7e-m/crtend.o
LOAD c:/program files (x86)/atmel/studio/7.0/toolchain/arm/arm-gnu-toolchain/bin/../lib/gcc/arm-none-eabi/6.3.1/thumb/v7e-m/crtn.o
                0x00003000                __stack_size__ = DEFINED (__stack_size__)?__stack_size__:0x3000
                0x2001fffc                __ram_end__ = ((ORIGIN (ram) + LENGTH (ram)) - 0x4)

.text           0x00400000     0x2f94
                0x00400000                . = ALIGN (0x4)
                0x00400000                _sfixed = .
 *(.vectors .vectors.*)
 .vectors       0x00400000       0xf8 src/ASF/sam/utils/cmsis/sam4e/source/templates/gcc/startup_sam4e.o
                0x00400000                exception_table
 *(.text .text.* .gnu.linkonce.t.*)
 .text          0x004000f8       0x6c c:/program files (x86)/atmel/studio/7.0/toolchain/arm/arm-gnu-toolchain/bin/../lib/gcc/arm-none-eabi/6.3.1/thumb/v7e-m/crtbegin.o
 .text.vListInitialise
                0x00400164       0x16 src/FreeRTOS/list.o
                0x00400164                vListInitialise
 .text.vListInitialiseItem
                0x0040017a        0x6 src/FreeRTOS/list.o
                0x0040017a                vListInitialiseItem
 .text.vListInsertEnd
                0x00400180       0x18 src/FreeRTOS/list.o
                0x00400180                vListInsertEnd
 .text.vListInsert
                0x00400198       0x34 src/FreeRTOS/list.o
                0x00400198                vListInsert
 .text.uxListRemove
                0x004001cc       0x28 src/FreeRTOS/list.o
                0x004001cc                uxListRemove
 .text.prvPortStartFirstTask
                0x004001f4       0x28 src/FreeRTOS/portable/GCC/ARM_CM4F/port.o
 .text.vPortEnableVFP
                0x0040021c       0x14 src/FreeRTOS/portable/GCC/ARM_CM4F/port.o
 .text.prvTaskExitError
                0x00400230       0x44 src/FreeRTOS/portable/GCC/ARM_CM4F/port.o
 .text.pxPortInitialiseStack
                0x00400274       0x2c src/FreeRTOS/portable/GCC/ARM_CM4F/port.o
                0x00400274                pxPortInitialiseStack
 .text.SVC_Handler
                0x004002a0       0x24 src/FreeRTOS/portable/GCC/ARM_CM4F/port.o
                0x004002a0                SVC_Handler
 .text.vPortEnterCritical
                0x004002c4       0x48 src/FreeRTOS/portable/GCC/ARM_CM4F/port.o
                0x004002c4                vPortEnterCritical
 .text.vPortExitCritical
                0x0040030c       0x30 src/FreeRTOS/portable/GCC/ARM_CM4F/port.o
                0x0040030c                vPortExitCritical
 *fill*         0x0040033c        0x4 
 .text.PendSV_Handler
                0x00400340       0x64 src/FreeRTOS/portable/GCC/ARM_CM4F/port.o
                0x00400340                PendSV_Handler
 .text.SysTick_Handler
                0x004003a4       0x30 src/FreeRTOS/portable/GCC/ARM_CM4F/port.o
                0x004003a4                SysTick_Handler
 .text.vPortSetupTimerInterrupt
                0x004003d4       0x38 src/FreeRTOS/portable/GCC/ARM_CM4F/port.o
                0x004003d4                vPortSetupTimerInterrupt
 .text.xPortStartScheduler
                0x0040040c      0x118 src/FreeRTOS/portable/GCC/ARM_CM4F/port.o
                0x0040040c                xPortStartScheduler
 .text.vPortValidateInterruptPriority
                0x00400524       0x5c src/FreeRTOS/portable/GCC/ARM_CM4F/port.o
                0x00400524                vPortValidateInterruptPriority
 .text.prvInsertBlockIntoFreeList
                0x00400580       0x58 src/FreeRTOS/portable/MemMang/heap_5.o
 .text.pvPortMalloc
                0x004005d8       0xe4 src/FreeRTOS/portable/MemMang/heap_5.o
                0x004005d8                pvPortMalloc
 .text.vPortFree
                0x004006bc       0x8c src/FreeRTOS/portable/MemMang/heap_5.o
                0x004006bc                vPortFree
 .text.vPortDefineHeapRegions
                0x00400748       0xd4 src/FreeRTOS/portable/MemMang/heap_5.o
                0x00400748                vPortDefineHeapRegions
 .text.prvIsQueueFull
                0x0040081c       0x28 src/FreeRTOS/queue.o
 .text.prvIsQueueEmpty
                0x00400844       0x24 src/FreeRTOS/queue.o
 .text.prvCopyDataToQueue
                0x00400868       0x80 src/FreeRTOS/queue.o
 .text.prvNotifyQueueSetContainer
                0x004008e8       0x84 src/FreeRTOS/queue.o
 .text.prvCopyDataFromQueue
                0x0040096c       0x28 src/FreeRTOS/queue.o
 .text.prvUnlockQueue
                0x00400994       0x98 src/FreeRTOS/queue.o
 .text.xQueueGenericReset
                0x00400a2c       0x94 src/FreeRTOS/queue.o
                0x00400a2c                xQueueGenericReset
 .text.prvInitialiseNewQueue
                0x00400ac0       0x24 src/FreeRTOS/queue.o
 .text.xQueueGenericCreate
                0x00400ae4       0x54 src/FreeRTOS/queue.o
                0x00400ae4                xQueueGenericCreate
 .text.xQueueGenericSend
                0x00400b38      0x1ec src/FreeRTOS/queue.o
                0x00400b38                xQueueGenericSend
 .text.xQueueGenericSendFromISR
                0x00400d24      0x10c src/FreeRTOS/queue.o
                0x00400d24                xQueueGenericSendFromISR
 .text.xQueueReceive
                0x00400e30      0x194 src/FreeRTOS/queue.o
                0x00400e30                xQueueReceive
 .text.vQueueAddToRegistry
                0x00400fc4       0x28 src/FreeRTOS/queue.o
                0x00400fc4                vQueueAddToRegistry
 .text.vQueueWaitForMessageRestricted
                0x00400fec       0x64 src/FreeRTOS/queue.o
                0x00400fec                vQueueWaitForMessageRestricted
 .text.prvResetNextTaskUnblockTime
                0x00401050       0x2c src/FreeRTOS/tasks.o
 .text.prvDeleteTCB
                0x0040107c       0x14 src/FreeRTOS/tasks.o
 .text.prvTaskIsTaskSuspended
                0x00401090       0x44 src/FreeRTOS/tasks.o
 .text.prvInitialiseNewTask
                0x004010d4       0xbc src/FreeRTOS/tasks.o
 .text.prvInitialiseTaskLists
                0x00401190       0x64 src/FreeRTOS/tasks.o
 .text.prvAddNewTaskToReadyList
                0x004011f4       0xb8 src/FreeRTOS/tasks.o
 .text.prvCheckTasksWaitingTermination
                0x004012ac       0x5c src/FreeRTOS/tasks.o
 .text.prvIdleTask
                0x00401308       0x2c src/FreeRTOS/tasks.o
 .text.prvAddCurrentTaskToDelayedList
                0x00401334       0xa4 src/FreeRTOS/tasks.o
 .text.xTaskCreate
                0x004013d8       0x74 src/FreeRTOS/tasks.o
                0x004013d8                xTaskCreate
 .text.vTaskDelete
                0x0040144c       0xf8 src/FreeRTOS/tasks.o
                0x0040144c                vTaskDelete
 .text.vTaskResume
                0x00401544       0xa0 src/FreeRTOS/tasks.o
                0x00401544                vTaskResume
 .text.vTaskStartScheduler
                0x004015e4       0x90 src/FreeRTOS/tasks.o
                0x004015e4                vTaskStartScheduler
 .text.vTaskSuspendAll
                0x00401674       0x10 src/FreeRTOS/tasks.o
                0x00401674                vTaskSuspendAll
 .text.xTaskGetTickCount
                0x00401684        0xc src/FreeRTOS/tasks.o
                0x00401684                xTaskGetTickCount
 .text.xTaskIncrementTick
                0x00401690      0x124 src/FreeRTOS/tasks.o
                0x00401690                xTaskIncrementTick
 .text.xTaskResumeAll
                0x004017b4      0x118 src/FreeRTOS/tasks.o
                0x004017b4                xTaskResumeAll
 .text.vTaskDelay
                0x004018cc       0x5c src/FreeRTOS/tasks.o
                0x004018cc                vTaskDelay
 .text.vTaskSwitchContext
                0x00401928       0xd4 src/FreeRTOS/tasks.o
                0x00401928                vTaskSwitchContext
 .text.vTaskSuspend
                0x004019fc      0x104 src/FreeRTOS/tasks.o
                0x004019fc                vTaskSuspend
 .text.vTaskPlaceOnEventList
                0x00401b00       0x40 src/FreeRTOS/tasks.o
                0x00401b00                vTaskPlaceOnEventList
 .text.vTaskPlaceOnEventListRestricted
                0x00401b40       0x48 src/FreeRTOS/tasks.o
                0x00401b40                vTaskPlaceOnEventListRestricted
 .text.xTaskRemoveFromEventList
                0x00401b88       0x94 src/FreeRTOS/tasks.o
                0x00401b88                xTaskRemoveFromEventList
 .text.vTaskInternalSetTimeOutState
                0x00401c1c       0x18 src/FreeRTOS/tasks.o
                0x00401c1c                vTaskInternalSetTimeOutState
 .text.xTaskCheckForTimeOut
                0x00401c34       0x88 src/FreeRTOS/tasks.o
                0x00401c34                xTaskCheckForTimeOut
 .text.vTaskMissedYield
                0x00401cbc        0xc src/FreeRTOS/tasks.o
                0x00401cbc                vTaskMissedYield
 .text.xTaskGetSchedulerState
                0x00401cc8       0x20 src/FreeRTOS/tasks.o
                0x00401cc8                xTaskGetSchedulerState
 .text.xTaskPriorityDisinherit
                0x00401ce8       0xb4 src/FreeRTOS/tasks.o
                0x00401ce8                xTaskPriorityDisinherit
 .text.prvGetNextExpireTime
                0x00401d9c       0x20 src/FreeRTOS/timers.o
 .text.prvInsertTimerInActiveList
                0x00401dbc       0x4c src/FreeRTOS/timers.o
 .text.prvCheckForValidListAndQueue
                0x00401e08       0x70 src/FreeRTOS/timers.o
 .text.xTimerCreateTimerTask
                0x00401e78       0x60 src/FreeRTOS/timers.o
                0x00401e78                xTimerCreateTimerTask
 .text.xTimerGenericCommand
                0x00401ed8       0x7c src/FreeRTOS/timers.o
                0x00401ed8                xTimerGenericCommand
 .text.prvSwitchTimerLists
                0x00401f54       0x8c src/FreeRTOS/timers.o
 .text.prvSampleTimeNow
                0x00401fe0       0x34 src/FreeRTOS/timers.o
 .text.prvProcessExpiredTimer
                0x00402014       0x7c src/FreeRTOS/timers.o
 .text.prvProcessTimerOrBlockTask
                0x00402090       0x88 src/FreeRTOS/timers.o
 .text.prvProcessReceivedCommands
                0x00402118      0x128 src/FreeRTOS/timers.o
 .text.prvTimerTask
                0x00402240       0x24 src/FreeRTOS/timers.o
 .text.intitializeLEDDriver
                0x00402264       0x4c src/ledDriver.o
                0x00402264                intitializeLEDDriver
 .text.readLED  0x004022b0       0x3c src/ledDriver.o
                0x004022b0                readLED
 .text.setLED   0x004022ec       0x80 src/ledDriver.o
                0x004022ec                setLED
 .text.toggleLED
                0x0040236c       0x28 src/ledDriver.o
                0x0040236c                toggleLED
 .text.initializeButtonDriver
                0x00402394       0x70 src/myButtons.o
                0x00402394                initializeButtonDriver
 .text.readButton
                0x00402404       0x30 src/myButtons.o
                0x00402404                readButton
 .text.taskHeartBeat
                0x00402434       0x5c src/myTasks.o
                0x00402434                taskHeartBeat
 .text.taskSystemControl
                0x00402490      0x124 src/myTasks.o
                0x00402490                taskSystemControl
 .text.sysclk_init
                0x004025b4       0x68 src/ASF/common/services/clock/sam4e/sysclk.o
                0x004025b4                sysclk_init
 .text.board_init
                0x0040261c       0x74 src/ASF/sam/boards/sam4e_xplained_pro/init.o
                0x0040261c                board_init
 .text.pmc_switch_mck_to_pllack
                0x00402690       0x54 src/ASF/sam/drivers/pmc/pmc.o
                0x00402690                pmc_switch_mck_to_pllack
 .text.pmc_switch_mainck_to_xtal
                0x004026e4       0x54 src/ASF/sam/drivers/pmc/pmc.o
                0x004026e4                pmc_switch_mainck_to_xtal
 .text.pmc_osc_is_ready_mainck
                0x00402738       0x10 src/ASF/sam/drivers/pmc/pmc.o
                0x00402738                pmc_osc_is_ready_mainck
 .text.pmc_disable_pllack
                0x00402748       0x10 src/ASF/sam/drivers/pmc/pmc.o
                0x00402748                pmc_disable_pllack
 .text.pmc_is_locked_pllack
                0x00402758       0x10 src/ASF/sam/drivers/pmc/pmc.o
                0x00402758                pmc_is_locked_pllack
 .text.pmc_enable_periph_clk
                0x00402768       0x54 src/ASF/sam/drivers/pmc/pmc.o
                0x00402768                pmc_enable_periph_clk
 .text.Dummy_Handler
                0x004027bc        0x2 src/ASF/sam/utils/cmsis/sam4e/source/templates/exceptions.o
                0x004027bc                DACC_Handler
                0x004027bc                DebugMon_Handler
                0x004027bc                DMAC_Handler
                0x004027bc                HardFault_Handler
                0x004027bc                TC2_Handler
                0x004027bc                SPI_Handler
                0x004027bc                TWI1_Handler
                0x004027bc                AFEC1_Handler
                0x004027bc                NMI_Handler
                0x004027bc                TC7_Handler
                0x004027bc                SMC_Handler
                0x004027bc                USART0_Handler
                0x004027bc                RTT_Handler
                0x004027bc                PIOB_Handler
                0x004027bc                RTC_Handler
                0x004027bc                UsageFault_Handler
                0x004027bc                TC6_Handler
                0x004027bc                WDT_Handler
                0x004027bc                CAN0_Handler
                0x004027bc                TC4_Handler
                0x004027bc                TC1_Handler
                0x004027bc                HSMCI_Handler
                0x004027bc                UART1_Handler
                0x004027bc                TC3_Handler
                0x004027bc                ARM_Handler
                0x004027bc                Dummy_Handler
                0x004027bc                TWI0_Handler
                0x004027bc                USART1_Handler
                0x004027bc                PIOA_Handler
                0x004027bc                AFEC0_Handler
                0x004027bc                ACC_Handler
                0x004027bc                PMC_Handler
                0x004027bc                PWM_Handler
                0x004027bc                GMAC_Handler
                0x004027bc                CAN1_Handler
                0x004027bc                MemManage_Handler
                0x004027bc                SUPC_Handler
                0x004027bc                TC8_Handler
                0x004027bc                EFC_Handler
                0x004027bc                PIOE_Handler
                0x004027bc                PIOD_Handler
                0x004027bc                UART0_Handler
                0x004027bc                PIOC_Handler
                0x004027bc                UDP_Handler
                0x004027bc                BusFault_Handler
                0x004027bc                RSTC_Handler
                0x004027bc                TC0_Handler
                0x004027bc                TC5_Handler
                0x004027bc                AES_Handler
 *fill*         0x004027be        0x2 
 .text.Reset_Handler
                0x004027c0       0xac src/ASF/sam/utils/cmsis/sam4e/source/templates/gcc/startup_sam4e.o
                0x004027c0                Reset_Handler
 .text.SystemCoreClockUpdate
                0x0040286c      0x110 src/ASF/sam/utils/cmsis/sam4e/source/templates/system_sam4e.o
                0x0040286c                SystemCoreClockUpdate
 .text.system_init_flash
                0x0040297c       0x7c src/ASF/sam/utils/cmsis/sam4e/source/templates/system_sam4e.o
                0x0040297c                system_init_flash
 .text.prvInitialiseHeap
                0x004029f8       0x50 src/main.o
 .text.prvMiscInitialisation
                0x00402a48       0x2c src/main.o
 .text.main     0x00402a74       0x44 src/main.o
                0x00402a74                main
 .text.vAssertCalled
                0x00402ab8       0x2a src/main.o
                0x00402ab8                vAssertCalled
 *fill*         0x00402ae2        0x2 
 .text.vApplicationMallocFailedHook
                0x00402ae4       0x14 src/main.o
                0x00402ae4                vApplicationMallocFailedHook
 .text.vApplicationStackOverflowHook
                0x00402af8       0x12 src/main.o
                0x00402af8                vApplicationStackOverflowHook
 *fill*         0x00402b0a        0x2 
 .text.__libc_init_array
                0x00402b0c       0x50 c:/program files (x86)/atmel/studio/7.0/toolchain/arm/arm-gnu-toolchain/bin/../lib/gcc/arm-none-eabi/6.3.1/../../../../arm-none-eabi/lib/thumb/v7e-m\libc.a(lib_a-init.o)
                0x00402b0c                __libc_init_array
 .text          0x00402b5c      0x134 c:/program files (x86)/atmel/studio/7.0/toolchain/arm/arm-gnu-toolchain/bin/../lib/gcc/arm-none-eabi/6.3.1/../../../../arm-none-eabi/lib/thumb/v7e-m\libc.a(lib_a-memcpy.o)
                0x00402b5c                memcpy
 .text.memset   0x00402c90       0x9c c:/program files (x86)/atmel/studio/7.0/toolchain/arm/arm-gnu-toolchain/bin/../lib/gcc/arm-none-eabi/6.3.1/../../../../arm-none-eabi/lib/thumb/v7e-m\libc.a(lib_a-memset.o)
                0x00402c90                memset
 .text.startup.register_fini
                0x00402d2c       0x14 c:/program files (x86)/atmel/studio/7.0/toolchain/arm/arm-gnu-toolchain/bin/../lib/gcc/arm-none-eabi/6.3.1/../../../../arm-none-eabi/lib/thumb/v7e-m\libc.a(lib_a-__call_atexit.o)
 .text.atexit   0x00402d40        0xc c:/program files (x86)/atmel/studio/7.0/toolchain/arm/arm-gnu-toolchain/bin/../lib/gcc/arm-none-eabi/6.3.1/../../../../arm-none-eabi/lib/thumb/v7e-m\libc.a(lib_a-atexit.o)
                0x00402d40                atexit
 .text.__libc_fini_array
                0x00402d4c       0x34 c:/program files (x86)/atmel/studio/7.0/toolchain/arm/arm-gnu-toolchain/bin/../lib/gcc/arm-none-eabi/6.3.1/../../../../arm-none-eabi/lib/thumb/v7e-m\libc.a(lib_a-fini.o)
                0x00402d4c                __libc_fini_array
 .text.__retarget_lock_acquire_recursive
                0x00402d80        0x4 c:/program files (x86)/atmel/studio/7.0/toolchain/arm/arm-gnu-toolchain/bin/../lib/gcc/arm-none-eabi/6.3.1/../../../../arm-none-eabi/lib/thumb/v7e-m\libc.a(lib_a-lock.o)
                0x00402d80                __retarget_lock_acquire_recursive
 .text.__retarget_lock_release_recursive
                0x00402d84        0x4 c:/program files (x86)/atmel/studio/7.0/toolchain/arm/arm-gnu-toolchain/bin/../lib/gcc/arm-none-eabi/6.3.1/../../../../arm-none-eabi/lib/thumb/v7e-m\libc.a(lib_a-lock.o)
                0x00402d84                __retarget_lock_release_recursive
 .text.__register_exitproc
                0x00402d88       0xc4 c:/program files (x86)/atmel/studio/7.0/toolchain/arm/arm-gnu-toolchain/bin/../lib/gcc/arm-none-eabi/6.3.1/../../../../arm-none-eabi/lib/thumb/v7e-m\libc.a(lib_a-__atexit.o)
                0x00402d88                __register_exitproc
 *(.glue_7t)
 .glue_7t       0x00402e4c        0x0 linker stubs
 *(.glue_7)
 .glue_7        0x00402e4c        0x0 linker stubs
 *(.rodata .rodata* .gnu.linkonce.r.*)
 .rodata.prvTaskExitError.str1.4
                0x00402e4c       0x2d src/FreeRTOS/portable/GCC/ARM_CM4F/port.o
 *fill*         0x00402e79        0x3 
 .rodata.pvPortMalloc.str1.4
                0x00402e7c       0x2a src/FreeRTOS/portable/MemMang/heap_5.o
 *fill*         0x00402ea6        0x2 
 .rodata.prvNotifyQueueSetContainer.str1.4
                0x00402ea8       0x18 src/FreeRTOS/queue.o
 .rodata.prvTaskIsTaskSuspended.str1.4
                0x00402ec0       0x18 src/FreeRTOS/tasks.o
 .rodata.vTaskStartScheduler.str1.4
                0x00402ed8        0x5 src/FreeRTOS/tasks.o
 *fill*         0x00402edd        0x3 
 .rodata.prvCheckForValidListAndQueue.str1.4
                0x00402ee0        0x5 src/FreeRTOS/timers.o
 *fill*         0x00402ee5        0x3 
 .rodata.prvInitialiseNewTimer.str1.4
                0x00402ee8       0x19 src/FreeRTOS/timers.o
 *fill*         0x00402f01        0x3 
 .rodata.xTimerCreateTimerTask.str1.4
                0x00402f04        0x8 src/FreeRTOS/timers.o
 .rodata.taskSystemControl.str1.4
                0x00402f0c       0x40 src/myTasks.o
 .rodata.main.str1.4
                0x00402f4c        0xf src/main.o
 *fill*         0x00402f5b        0x1 
 .rodata.vApplicationMallocFailedHook.str1.4
                0x00402f5c       0x10 src/main.o
                                  0xe (size before relaxing)
 .rodata._global_impure_ptr
                0x00402f6c        0x4 c:/program files (x86)/atmel/studio/7.0/toolchain/arm/arm-gnu-toolchain/bin/../lib/gcc/arm-none-eabi/6.3.1/../../../../arm-none-eabi/lib/thumb/v7e-m\libc.a(lib_a-impure.o)
                0x00402f6c                _global_impure_ptr
 *(.ARM.extab* .gnu.linkonce.armextab.*)
                0x00402f70                . = ALIGN (0x4)
 *(.init)
 .init          0x00402f70        0x4 c:/program files (x86)/atmel/studio/7.0/toolchain/arm/arm-gnu-toolchain/bin/../lib/gcc/arm-none-eabi/6.3.1/thumb/v7e-m/crti.o
                0x00402f70                _init
 .init          0x00402f74        0x8 c:/program files (x86)/atmel/studio/7.0/toolchain/arm/arm-gnu-toolchain/bin/../lib/gcc/arm-none-eabi/6.3.1/thumb/v7e-m/crtn.o
                0x00402f7c                . = ALIGN (0x4)
                0x00402f7c                __preinit_array_start = .
 *(.preinit_array)
                0x00402f7c                __preinit_array_end = .
                0x00402f7c                . = ALIGN (0x4)
                0x00402f7c                __init_array_start = .
 *(SORT(.init_array.*))
 .init_array.00000
                0x00402f7c        0x4 c:/program files (x86)/atmel/studio/7.0/toolchain/arm/arm-gnu-toolchain/bin/../lib/gcc/arm-none-eabi/6.3.1/../../../../arm-none-eabi/lib/thumb/v7e-m\libc.a(lib_a-__call_atexit.o)
 *(.init_array)
 .init_array    0x00402f80        0x4 c:/program files (x86)/atmel/studio/7.0/toolchain/arm/arm-gnu-toolchain/bin/../lib/gcc/arm-none-eabi/6.3.1/thumb/v7e-m/crtbegin.o
                0x00402f84                __init_array_end = .
                0x00402f84                . = ALIGN (0x4)
 *crtbegin.o(.ctors)
 *(EXCLUDE_FILE(*crtend.o) .ctors)
 *(SORT(.ctors.*))
 *crtend.o(.ctors)
                0x00402f84                . = ALIGN (0x4)
 *(.fini)
 .fini          0x00402f84        0x4 c:/program files (x86)/atmel/studio/7.0/toolchain/arm/arm-gnu-toolchain/bin/../lib/gcc/arm-none-eabi/6.3.1/thumb/v7e-m/crti.o
                0x00402f84                _fini
 .fini          0x00402f88        0x8 c:/program files (x86)/atmel/studio/7.0/toolchain/arm/arm-gnu-toolchain/bin/../lib/gcc/arm-none-eabi/6.3.1/thumb/v7e-m/crtn.o
                0x00402f90                . = ALIGN (0x4)
                0x00402f90                __fini_array_start = .
 *(.fini_array)
 .fini_array    0x00402f90        0x4 c:/program files (x86)/atmel/studio/7.0/toolchain/arm/arm-gnu-toolchain/bin/../lib/gcc/arm-none-eabi/6.3.1/thumb/v7e-m/crtbegin.o
 *(SORT(.fini_array.*))
                0x00402f94                __fini_array_end = .
 *crtbegin.o(.dtors)
 *(EXCLUDE_FILE(*crtend.o) .dtors)
 *(SORT(.dtors.*))
 *crtend.o(.dtors)
                0x00402f94                . = ALIGN (0x4)
                0x00402f94                _efixed = .
                [!provide]                PROVIDE (__exidx_start, .)

.vfp11_veneer   0x00402f94        0x0
 .vfp11_veneer  0x00402f94        0x0 linker stubs

.v4_bx          0x00402f94        0x0
 .v4_bx         0x00402f94        0x0 linker stubs

.iplt           0x00402f94        0x0
 .iplt          0x00402f94        0x0 c:/program files (x86)/atmel/studio/7.0/toolchain/arm/arm-gnu-toolchain/bin/../lib/gcc/arm-none-eabi/6.3.1/thumb/v7e-m/crtbegin.o

.eh_frame       0x00402f94        0x0
 .eh_frame      0x00402f94        0x0 c:/program files (x86)/atmel/studio/7.0/toolchain/arm/arm-gnu-toolchain/bin/../lib/gcc/arm-none-eabi/6.3.1/thumb/v7e-m/crtbegin.o

.rel.dyn        0x00402f94        0x0
 .rel.iplt      0x00402f94        0x0 c:/program files (x86)/atmel/studio/7.0/toolchain/arm/arm-gnu-toolchain/bin/../lib/gcc/arm-none-eabi/6.3.1/thumb/v7e-m/crtbegin.o

.jcr            0x00402f94        0x0
 .jcr           0x00402f94        0x0 c:/program files (x86)/atmel/studio/7.0/toolchain/arm/arm-gnu-toolchain/bin/../lib/gcc/arm-none-eabi/6.3.1/thumb/v7e-m/crtbegin.o

.igot.plt       0x00402f94        0x0
 .igot.plt      0x00402f94        0x0 c:/program files (x86)/atmel/studio/7.0/toolchain/arm/arm-gnu-toolchain/bin/../lib/gcc/arm-none-eabi/6.3.1/thumb/v7e-m/crtbegin.o

.ARM.exidx
 *(.ARM.exidx* .gnu.linkonce.armexidx.*)
                [!provide]                PROVIDE (__exidx_end, .)
                0x00402f94                . = ALIGN (0x4)
                0x00402f94                _etext = .

.relocate       0x20000000      0x43c load address 0x00402f94
                0x20000000                . = ALIGN (0x4)
                0x20000000                _srelocate = .
 *(.ramfunc .ramfunc.*)
 *(.data .data.*)
 .data.uxCriticalNesting
                0x20000000        0x4 src/FreeRTOS/portable/GCC/ARM_CM4F/port.o
 .data.g_interrupt_enabled
                0x20000004        0x1 src/ASF/common/utils/interrupt/interrupt_sam_nvic.o
                0x20000004                g_interrupt_enabled
 *fill*         0x20000005        0x3 
 .data.SystemCoreClock
                0x20000008        0x4 src/ASF/sam/utils/cmsis/sam4e/source/templates/system_sam4e.o
                0x20000008                SystemCoreClock
 *fill*         0x2000000c        0x4 
 .data.impure_data
                0x20000010      0x428 c:/program files (x86)/atmel/studio/7.0/toolchain/arm/arm-gnu-toolchain/bin/../lib/gcc/arm-none-eabi/6.3.1/../../../../arm-none-eabi/lib/thumb/v7e-m\libc.a(lib_a-impure.o)
 .data.__atexit_recursive_mutex
                0x20000438        0x4 c:/program files (x86)/atmel/studio/7.0/toolchain/arm/arm-gnu-toolchain/bin/../lib/gcc/arm-none-eabi/6.3.1/../../../../arm-none-eabi/lib/thumb/v7e-m\libc.a(lib_a-__call_atexit.o)
                0x20000438                __atexit_recursive_mutex
                0x2000043c                . = ALIGN (0x4)
                0x2000043c                _erelocate = .

.bss            0x2000043c      0x22c load address 0x004033d0
                0x2000043c                . = ALIGN (0x4)
                0x2000043c                _sbss = .
                0x2000043c                _szero = .
 *(.bss .bss.*)
 .bss           0x2000043c       0x1c c:/program files (x86)/atmel/studio/7.0/toolchain/arm/arm-gnu-toolchain/bin/../lib/gcc/arm-none-eabi/6.3.1/thumb/v7e-m/crtbegin.o
 .bss.ucMaxSysCallPriority
                0x20000458        0x1 src/FreeRTOS/portable/GCC/ARM_CM4F/port.o
 *fill*         0x20000459        0x3 
 .bss.ulMaxPRIGROUPValue
                0x2000045c        0x4 src/FreeRTOS/portable/GCC/ARM_CM4F/port.o
 .bss.pxEnd     0x20000460        0x4 src/FreeRTOS/portable/MemMang/heap_5.o
 .bss.xBlockAllocatedBit
                0x20000464        0x4 src/FreeRTOS/portable/MemMang/heap_5.o
 .bss.xFreeBytesRemaining
                0x20000468        0x4 src/FreeRTOS/portable/MemMang/heap_5.o
 .bss.xMinimumEverFreeBytesRemaining
                0x2000046c        0x4 src/FreeRTOS/portable/MemMang/heap_5.o
 .bss.xStart    0x20000470        0x8 src/FreeRTOS/portable/MemMang/heap_5.o
 .bss.pxCurrentTCB
                0x20000478        0x4 src/FreeRTOS/tasks.o
                0x20000478                pxCurrentTCB
 .bss.pxDelayedTaskList
                0x2000047c        0x4 src/FreeRTOS/tasks.o
 .bss.pxOverflowDelayedTaskList
                0x20000480        0x4 src/FreeRTOS/tasks.o
 .bss.pxReadyTasksLists
                0x20000484       0xa0 src/FreeRTOS/tasks.o
 .bss.uxCurrentNumberOfTasks
                0x20000524        0x4 src/FreeRTOS/tasks.o
 .bss.uxDeletedTasksWaitingCleanUp
                0x20000528        0x4 src/FreeRTOS/tasks.o
 .bss.uxPendedTicks
                0x2000052c        0x4 src/FreeRTOS/tasks.o
 .bss.uxSchedulerSuspended
                0x20000530        0x4 src/FreeRTOS/tasks.o
 .bss.uxTaskNumber
                0x20000534        0x4 src/FreeRTOS/tasks.o
 .bss.uxTopReadyPriority
                0x20000538        0x4 src/FreeRTOS/tasks.o
 .bss.xDelayedTaskList1
                0x2000053c       0x14 src/FreeRTOS/tasks.o
 .bss.xDelayedTaskList2
                0x20000550       0x14 src/FreeRTOS/tasks.o
 .bss.xIdleTaskHandle
                0x20000564        0x4 src/FreeRTOS/tasks.o
 .bss.xNextTaskUnblockTime
                0x20000568        0x4 src/FreeRTOS/tasks.o
 .bss.xNumOfOverflows
                0x2000056c        0x4 src/FreeRTOS/tasks.o
 .bss.xPendingReadyList
                0x20000570       0x14 src/FreeRTOS/tasks.o
 .bss.xSchedulerRunning
                0x20000584        0x4 src/FreeRTOS/tasks.o
 .bss.xSuspendedTaskList
                0x20000588       0x14 src/FreeRTOS/tasks.o
 .bss.xTasksWaitingTermination
                0x2000059c       0x14 src/FreeRTOS/tasks.o
 .bss.xTickCount
                0x200005b0        0x4 src/FreeRTOS/tasks.o
 .bss.xYieldPending
                0x200005b4        0x4 src/FreeRTOS/tasks.o
 .bss.pxCurrentTimerList
                0x200005b8        0x4 src/FreeRTOS/timers.o
 .bss.pxOverflowTimerList
                0x200005bc        0x4 src/FreeRTOS/timers.o
 .bss.xActiveTimerList1
                0x200005c0       0x14 src/FreeRTOS/timers.o
 .bss.xActiveTimerList2
                0x200005d4       0x14 src/FreeRTOS/timers.o
 .bss.xLastTime.6562
                0x200005e8        0x4 src/FreeRTOS/timers.o
 .bss.xTimerQueue
                0x200005ec        0x4 src/FreeRTOS/timers.o
 .bss.xTimerTaskHandle
                0x200005f0        0x4 src/FreeRTOS/timers.o
 .bss.LEDHandle0
                0x200005f4        0x4 src/myTasks.o
                0x200005f4                LEDHandle0
 .bss.LEDHandle1
                0x200005f8        0x4 src/myTasks.o
                0x200005f8                LEDHandle1
 .bss.LEDHandle2
                0x200005fc        0x4 src/myTasks.o
                0x200005fc                LEDHandle2
 .bss.LEDHandle3
                0x20000600        0x4 src/myTasks.o
                0x20000600                LEDHandle3
 *(COMMON)
 COMMON         0x20000604       0x40 src/FreeRTOS/queue.o
                0x20000604                xQueueRegistry
 COMMON         0x20000644       0x21 c:/program files (x86)/atmel/studio/7.0/toolchain/arm/arm-gnu-toolchain/bin/../lib/gcc/arm-none-eabi/6.3.1/../../../../arm-none-eabi/lib/thumb/v7e-m\libc.a(lib_a-lock.o)
                0x20000644                __lock___atexit_recursive_mutex
                0x20000648                __lock___arc4random_mutex
                0x2000064c                __lock___env_recursive_mutex
                0x20000650                __lock___sinit_recursive_mutex
                0x20000654                __lock___malloc_recursive_mutex
                0x20000658                __lock___at_quick_exit_mutex
                0x2000065c                __lock___dd_hash_mutex
                0x20000660                __lock___tz_mutex
                0x20000664                __lock___sfp_recursive_mutex
                0x20000668                . = ALIGN (0x4)
 *fill*         0x20000665        0x3 
                0x20000668                _ebss = .
                0x20000668                _ezero = .

.stack          0x20000668     0x3000 load address 0x004035fc
                0x20000668                . = ALIGN (0x8)
                0x20000668                _sstack = .
                0x20003668                . = (. + __stack_size__)
 *fill*         0x20000668     0x3000 
                0x20003668                . = ALIGN (0x8)
                0x20003668                _estack = .
                0x20003668                . = ALIGN (0x4)
                0x20003668                _end = .
OUTPUT(Lab03.elf elf32-littlearm)

.ARM.attributes
                0x00000000       0x2e
 .ARM.attributes
                0x00000000       0x1e c:/program files (x86)/atmel/studio/7.0/toolchain/arm/arm-gnu-toolchain/bin/../lib/gcc/arm-none-eabi/6.3.1/thumb/v7e-m/crti.o
 .ARM.attributes
                0x0000001e       0x2e c:/program files (x86)/atmel/studio/7.0/toolchain/arm/arm-gnu-toolchain/bin/../lib/gcc/arm-none-eabi/6.3.1/thumb/v7e-m/crtbegin.o
 .ARM.attributes
                0x0000004c       0x37 src/FreeRTOS/list.o
 .ARM.attributes
                0x00000083       0x37 src/FreeRTOS/portable/GCC/ARM_CM4F/port.o
 .ARM.attributes
                0x000000ba       0x37 src/FreeRTOS/portable/MemMang/heap_5.o
 .ARM.attributes
                0x000000f1       0x37 src/FreeRTOS/queue.o
 .ARM.attributes
                0x00000128       0x37 src/FreeRTOS/tasks.o
 .ARM.attributes
                0x0000015f       0x37 src/FreeRTOS/timers.o
 .ARM.attributes
                0x00000196       0x37 src/ledDriver.o
 .ARM.attributes
                0x000001cd       0x37 src/myButtons.o
 .ARM.attributes
                0x00000204       0x37 src/myTasks.o
 .ARM.attributes
                0x0000023b       0x37 src/ASF/common/services/clock/sam4e/sysclk.o
 .ARM.attributes
                0x00000272       0x37 src/ASF/common/utils/interrupt/interrupt_sam_nvic.o
 .ARM.attributes
                0x000002a9       0x37 src/ASF/sam/boards/sam4e_xplained_pro/init.o
 .ARM.attributes
                0x000002e0       0x37 src/ASF/sam/drivers/pmc/pmc.o
 .ARM.attributes
                0x00000317       0x37 src/ASF/sam/utils/cmsis/sam4e/source/templates/exceptions.o
 .ARM.attributes
                0x0000034e       0x37 src/ASF/sam/utils/cmsis/sam4e/source/templates/gcc/startup_sam4e.o
 .ARM.attributes
                0x00000385       0x37 src/ASF/sam/utils/cmsis/sam4e/source/templates/system_sam4e.o
 .ARM.attributes
                0x000003bc       0x37 src/main.o
 .ARM.attributes
                0x000003f3       0x2e c:/program files (x86)/atmel/studio/7.0/toolchain/arm/arm-gnu-toolchain/bin/../lib/gcc/arm-none-eabi/6.3.1/../../../../arm-none-eabi/lib/thumb/v7e-m\libc.a(lib_a-impure.o)
 .ARM.attributes
                0x00000421       0x2e c:/program files (x86)/atmel/studio/7.0/toolchain/arm/arm-gnu-toolchain/bin/../lib/gcc/arm-none-eabi/6.3.1/../../../../arm-none-eabi/lib/thumb/v7e-m\libc.a(lib_a-init.o)
 .ARM.attributes
                0x0000044f       0x1c c:/program files (x86)/atmel/studio/7.0/toolchain/arm/arm-gnu-toolchain/bin/../lib/gcc/arm-none-eabi/6.3.1/../../../../arm-none-eabi/lib/thumb/v7e-m\libc.a(lib_a-memcpy.o)
 .ARM.attributes
                0x0000046b       0x2e c:/program files (x86)/atmel/studio/7.0/toolchain/arm/arm-gnu-toolchain/bin/../lib/gcc/arm-none-eabi/6.3.1/../../../../arm-none-eabi/lib/thumb/v7e-m\libc.a(lib_a-memset.o)
 .ARM.attributes
                0x00000499       0x2e c:/program files (x86)/atmel/studio/7.0/toolchain/arm/arm-gnu-toolchain/bin/../lib/gcc/arm-none-eabi/6.3.1/../../../../arm-none-eabi/lib/thumb/v7e-m\libc.a(lib_a-__call_atexit.o)
 .ARM.attributes
                0x000004c7       0x2e c:/program files (x86)/atmel/studio/7.0/toolchain/arm/arm-gnu-toolchain/bin/../lib/gcc/arm-none-eabi/6.3.1/../../../../arm-none-eabi/lib/thumb/v7e-m\libc.a(lib_a-atexit.o)
 .ARM.attributes
                0x000004f5       0x2e c:/program files (x86)/atmel/studio/7.0/toolchain/arm/arm-gnu-toolchain/bin/../lib/gcc/arm-none-eabi/6.3.1/../../../../arm-none-eabi/lib/thumb/v7e-m\libc.a(lib_a-fini.o)
 .ARM.attributes
                0x00000523       0x2e c:/program files (x86)/atmel/studio/7.0/toolchain/arm/arm-gnu-toolchain/bin/../lib/gcc/arm-none-eabi/6.3.1/../../../../arm-none-eabi/lib/thumb/v7e-m\libc.a(lib_a-lock.o)
 .ARM.attributes
                0x00000551       0x2e c:/program files (x86)/atmel/studio/7.0/toolchain/arm/arm-gnu-toolchain/bin/../lib/gcc/arm-none-eabi/6.3.1/../../../../arm-none-eabi/lib/thumb/v7e-m\libc.a(lib_a-__atexit.o)
 .ARM.attributes
                0x0000057f       0x1e c:/program files (x86)/atmel/studio/7.0/toolchain/arm/arm-gnu-toolchain/bin/../lib/gcc/arm-none-eabi/6.3.1/thumb/v7e-m/crtn.o

.comment        0x00000000       0x59
 .comment       0x00000000       0x59 src/FreeRTOS/list.o
                                 0x5a (size before relaxing)
 .comment       0x00000059       0x5a src/FreeRTOS/portable/GCC/ARM_CM4F/port.o
 .comment       0x00000059       0x5a src/FreeRTOS/portable/MemMang/heap_5.o
 .comment       0x00000059       0x5a src/FreeRTOS/queue.o
 .comment       0x00000059       0x5a src/FreeRTOS/tasks.o
 .comment       0x00000059       0x5a src/FreeRTOS/timers.o
 .comment       0x00000059       0x5a src/ledDriver.o
 .comment       0x00000059       0x5a src/myButtons.o
 .comment       0x00000059       0x5a src/myTasks.o
 .comment       0x00000059       0x5a src/ASF/common/services/clock/sam4e/sysclk.o
 .comment       0x00000059       0x5a src/ASF/common/utils/interrupt/interrupt_sam_nvic.o
 .comment       0x00000059       0x5a src/ASF/sam/boards/sam4e_xplained_pro/init.o
 .comment       0x00000059       0x5a src/ASF/sam/drivers/pmc/pmc.o
 .comment       0x00000059       0x5a src/ASF/sam/utils/cmsis/sam4e/source/templates/exceptions.o
 .comment       0x00000059       0x5a src/ASF/sam/utils/cmsis/sam4e/source/templates/gcc/startup_sam4e.o
 .comment       0x00000059       0x5a src/ASF/sam/utils/cmsis/sam4e/source/templates/system_sam4e.o
 .comment       0x00000059       0x5a src/main.o

.debug_info     0x00000000    0x14005
 .debug_info    0x00000000      0xbeb src/FreeRTOS/list.o
 .debug_info    0x00000beb      0x57b src/FreeRTOS/portable/GCC/ARM_CM4F/port.o
 .debug_info    0x00001166      0xe1a src/FreeRTOS/portable/MemMang/heap_5.o
 .debug_info    0x00001f80     0x2c0e src/FreeRTOS/queue.o
 .debug_info    0x00004b8e     0x2be2 src/FreeRTOS/tasks.o
 .debug_info    0x00007770     0x1c32 src/FreeRTOS/timers.o
 .debug_info    0x000093a2     0x17bb src/ledDriver.o
 .debug_info    0x0000ab5d     0x15a3 src/myButtons.o
 .debug_info    0x0000c100      0xd9d src/myTasks.o
 .debug_info    0x0000ce9d     0x12a8 src/ASF/common/services/clock/sam4e/sysclk.o
 .debug_info    0x0000e145      0xaff src/ASF/common/utils/interrupt/interrupt_sam_nvic.o
 .debug_info    0x0000ec44     0x15d3 src/ASF/sam/boards/sam4e_xplained_pro/init.o
 .debug_info    0x00010217     0x189e src/ASF/sam/drivers/pmc/pmc.o
 .debug_info    0x00011ab5       0xdc src/ASF/sam/utils/cmsis/sam4e/source/templates/exceptions.o
 .debug_info    0x00011b91     0x1240 src/ASF/sam/utils/cmsis/sam4e/source/templates/gcc/startup_sam4e.o
 .debug_info    0x00012dd1      0x495 src/ASF/sam/utils/cmsis/sam4e/source/templates/system_sam4e.o
 .debug_info    0x00013266      0xd9f src/main.o

.debug_abbrev   0x00000000     0x2c8c
 .debug_abbrev  0x00000000      0x221 src/FreeRTOS/list.o
 .debug_abbrev  0x00000221      0x247 src/FreeRTOS/portable/GCC/ARM_CM4F/port.o
 .debug_abbrev  0x00000468      0x2c5 src/FreeRTOS/portable/MemMang/heap_5.o
 .debug_abbrev  0x0000072d      0x3c1 src/FreeRTOS/queue.o
 .debug_abbrev  0x00000aee      0x3de src/FreeRTOS/tasks.o
 .debug_abbrev  0x00000ecc      0x2e7 src/FreeRTOS/timers.o
 .debug_abbrev  0x000011b3      0x358 src/ledDriver.o
 .debug_abbrev  0x0000150b      0x2fb src/myButtons.o
 .debug_abbrev  0x00001806      0x251 src/myTasks.o
 .debug_abbrev  0x00001a57      0x31d src/ASF/common/services/clock/sam4e/sysclk.o
 .debug_abbrev  0x00001d74      0x221 src/ASF/common/utils/interrupt/interrupt_sam_nvic.o
 .debug_abbrev  0x00001f95      0x2e4 src/ASF/sam/boards/sam4e_xplained_pro/init.o
 .debug_abbrev  0x00002279      0x2ff src/ASF/sam/drivers/pmc/pmc.o
 .debug_abbrev  0x00002578       0x7d src/ASF/sam/utils/cmsis/sam4e/source/templates/exceptions.o
 .debug_abbrev  0x000025f5      0x2bd src/ASF/sam/utils/cmsis/sam4e/source/templates/gcc/startup_sam4e.o
 .debug_abbrev  0x000028b2      0x102 src/ASF/sam/utils/cmsis/sam4e/source/templates/system_sam4e.o
 .debug_abbrev  0x000029b4      0x2d8 src/main.o

.debug_loc      0x00000000     0x6914
 .debug_loc     0x00000000       0x9c src/FreeRTOS/list.o
 .debug_loc     0x0000009c      0x21f src/FreeRTOS/portable/GCC/ARM_CM4F/port.o
 .debug_loc     0x000002bb      0x419 src/FreeRTOS/portable/MemMang/heap_5.o
 .debug_loc     0x000006d4     0x1edf src/FreeRTOS/queue.o
 .debug_loc     0x000025b3     0x1cf5 src/FreeRTOS/tasks.o
 .debug_loc     0x000042a8     0x1257 src/FreeRTOS/timers.o
 .debug_loc     0x000054ff      0x4b9 src/ledDriver.o
 .debug_loc     0x000059b8      0x189 src/myButtons.o
 .debug_loc     0x00005b41       0xa9 src/myTasks.o
 .debug_loc     0x00005bea      0x18c src/ASF/common/services/clock/sam4e/sysclk.o
 .debug_loc     0x00005d76      0x13b src/ASF/sam/boards/sam4e_xplained_pro/init.o
 .debug_loc     0x00005eb1      0x8bd src/ASF/sam/drivers/pmc/pmc.o
 .debug_loc     0x0000676e       0x84 src/ASF/sam/utils/cmsis/sam4e/source/templates/gcc/startup_sam4e.o
 .debug_loc     0x000067f2      0x122 src/main.o

.debug_aranges  0x00000000      0x868
 .debug_aranges
                0x00000000       0x40 src/FreeRTOS/list.o
 .debug_aranges
                0x00000040       0x80 src/FreeRTOS/portable/GCC/ARM_CM4F/port.o
 .debug_aranges
                0x000000c0       0x48 src/FreeRTOS/portable/MemMang/heap_5.o
 .debug_aranges
                0x00000108      0x148 src/FreeRTOS/queue.o
 .debug_aranges
                0x00000250      0x1a0 src/FreeRTOS/tasks.o
 .debug_aranges
                0x000003f0       0xd0 src/FreeRTOS/timers.o
 .debug_aranges
                0x000004c0       0x38 src/ledDriver.o
 .debug_aranges
                0x000004f8       0x28 src/myButtons.o
 .debug_aranges
                0x00000520       0x30 src/myTasks.o
 .debug_aranges
                0x00000550       0x40 src/ASF/common/services/clock/sam4e/sysclk.o
 .debug_aranges
                0x00000590       0x28 src/ASF/common/utils/interrupt/interrupt_sam_nvic.o
 .debug_aranges
                0x000005b8       0x20 src/ASF/sam/boards/sam4e_xplained_pro/init.o
 .debug_aranges
                0x000005d8      0x1d8 src/ASF/sam/drivers/pmc/pmc.o
 .debug_aranges
                0x000007b0       0x20 src/ASF/sam/utils/cmsis/sam4e/source/templates/exceptions.o
 .debug_aranges
                0x000007d0       0x20 src/ASF/sam/utils/cmsis/sam4e/source/templates/gcc/startup_sam4e.o
 .debug_aranges
                0x000007f0       0x30 src/ASF/sam/utils/cmsis/sam4e/source/templates/system_sam4e.o
 .debug_aranges
                0x00000820       0x48 src/main.o

.debug_ranges   0x00000000      0x970
 .debug_ranges  0x00000000       0x30 src/FreeRTOS/list.o
 .debug_ranges  0x00000030       0x88 src/FreeRTOS/portable/GCC/ARM_CM4F/port.o
 .debug_ranges  0x000000b8       0x38 src/FreeRTOS/portable/MemMang/heap_5.o
 .debug_ranges  0x000000f0      0x200 src/FreeRTOS/queue.o
 .debug_ranges  0x000002f0      0x268 src/FreeRTOS/tasks.o
 .debug_ranges  0x00000558       0xc0 src/FreeRTOS/timers.o
 .debug_ranges  0x00000618       0x88 src/ledDriver.o
 .debug_ranges  0x000006a0       0x18 src/myButtons.o
 .debug_ranges  0x000006b8       0x20 src/myTasks.o
 .debug_ranges  0x000006d8       0x30 src/ASF/common/services/clock/sam4e/sysclk.o
 .debug_ranges  0x00000708       0x18 src/ASF/common/utils/interrupt/interrupt_sam_nvic.o
 .debug_ranges  0x00000720       0x10 src/ASF/sam/boards/sam4e_xplained_pro/init.o
 .debug_ranges  0x00000730      0x1c8 src/ASF/sam/drivers/pmc/pmc.o
 .debug_ranges  0x000008f8       0x10 src/ASF/sam/utils/cmsis/sam4e/source/templates/exceptions.o
 .debug_ranges  0x00000908       0x10 src/ASF/sam/utils/cmsis/sam4e/source/templates/gcc/startup_sam4e.o
 .debug_ranges  0x00000918       0x20 src/ASF/sam/utils/cmsis/sam4e/source/templates/system_sam4e.o
 .debug_ranges  0x00000938       0x38 src/main.o

.debug_macro    0x00000000     0x77b0
 .debug_macro   0x00000000      0x18b src/FreeRTOS/list.o
 .debug_macro   0x0000018b      0x8ce src/FreeRTOS/list.o
 .debug_macro   0x00000a59       0x22 src/FreeRTOS/list.o
 .debug_macro   0x00000a7b       0x52 src/FreeRTOS/list.o
 .debug_macro   0x00000acd       0x8d src/FreeRTOS/list.o
 .debug_macro   0x00000b5a       0x35 src/FreeRTOS/list.o
 .debug_macro   0x00000b8f       0x9c src/FreeRTOS/list.o
 .debug_macro   0x00000c2b       0x16 src/FreeRTOS/list.o
 .debug_macro   0x00000c41      0x10e src/FreeRTOS/list.o
 .debug_macro   0x00000d4f       0x86 src/FreeRTOS/list.o
 .debug_macro   0x00000dd5       0x57 src/FreeRTOS/list.o
 .debug_macro   0x00000e2c       0x58 src/FreeRTOS/list.o
 .debug_macro   0x00000e84       0x1f src/FreeRTOS/list.o
 .debug_macro   0x00000ea3       0x43 src/FreeRTOS/list.o
 .debug_macro   0x00000ee6       0x20 src/FreeRTOS/list.o
 .debug_macro   0x00000f06      0x187 src/FreeRTOS/list.o
 .debug_macro   0x0000108d      0x353 src/FreeRTOS/list.o
 .debug_macro   0x000013e0       0x16 src/FreeRTOS/list.o
 .debug_macro   0x000013f6       0x29 src/FreeRTOS/list.o
 .debug_macro   0x0000141f       0xef src/FreeRTOS/list.o
 .debug_macro   0x0000150e       0x6a src/FreeRTOS/list.o
 .debug_macro   0x00001578      0x1df src/FreeRTOS/list.o
 .debug_macro   0x00001757      0x136 src/FreeRTOS/list.o
 .debug_macro   0x0000188d      0x15a src/FreeRTOS/list.o
 .debug_macro   0x000019e7       0xde src/FreeRTOS/list.o
 .debug_macro   0x00001ac5       0x1c src/FreeRTOS/list.o
 .debug_macro   0x00001ae1       0x26 src/FreeRTOS/list.o
 .debug_macro   0x00001b07      0x4a2 src/FreeRTOS/list.o
 .debug_macro   0x00001fa9       0xb5 src/FreeRTOS/list.o
 .debug_macro   0x0000205e      0x1a6 src/FreeRTOS/portable/GCC/ARM_CM4F/port.o
 .debug_macro   0x00002204      0x16d src/FreeRTOS/portable/GCC/ARM_CM4F/port.o
 .debug_macro   0x00002371       0x87 src/FreeRTOS/portable/GCC/ARM_CM4F/port.o
 .debug_macro   0x000023f8       0x51 src/FreeRTOS/portable/GCC/ARM_CM4F/port.o
 .debug_macro   0x00002449       0xaa src/FreeRTOS/portable/GCC/ARM_CM4F/port.o
 .debug_macro   0x000024f3      0x1b2 src/FreeRTOS/portable/MemMang/heap_5.o
 .debug_macro   0x000026a5      0x20b src/FreeRTOS/queue.o
 .debug_macro   0x000028b0       0x16 src/FreeRTOS/queue.o
 .debug_macro   0x000028c6       0x35 src/FreeRTOS/queue.o
 .debug_macro   0x000028fb       0x80 src/FreeRTOS/queue.o
 .debug_macro   0x0000297b      0x325 src/FreeRTOS/tasks.o
 .debug_macro   0x00002ca0       0x91 src/FreeRTOS/tasks.o
 .debug_macro   0x00002d31       0x10 src/FreeRTOS/tasks.o
 .debug_macro   0x00002d41       0x1c src/FreeRTOS/tasks.o
 .debug_macro   0x00002d5d       0x10 src/FreeRTOS/tasks.o
 .debug_macro   0x00002d6d       0x10 src/FreeRTOS/tasks.o
 .debug_macro   0x00002d7d       0x1c src/FreeRTOS/tasks.o
 .debug_macro   0x00002d99       0x52 src/FreeRTOS/tasks.o
 .debug_macro   0x00002deb       0x40 src/FreeRTOS/tasks.o
 .debug_macro   0x00002e2b       0x10 src/FreeRTOS/tasks.o
 .debug_macro   0x00002e3b       0x40 src/FreeRTOS/tasks.o
 .debug_macro   0x00002e7b       0xd7 src/FreeRTOS/tasks.o
 .debug_macro   0x00002f52       0x16 src/FreeRTOS/tasks.o
 .debug_macro   0x00002f68      0x18b src/FreeRTOS/tasks.o
 .debug_macro   0x000030f3      0x1e0 src/FreeRTOS/timers.o
 .debug_macro   0x000032d3       0x97 src/FreeRTOS/timers.o
 .debug_macro   0x0000336a      0x6da src/ledDriver.o
 .debug_macro   0x00003a44       0x52 src/ledDriver.o
 .debug_macro   0x00003a96      0x6da src/myButtons.o
 .debug_macro   0x00004170      0x70a src/myTasks.o
 .debug_macro   0x0000487a      0x624 src/ASF/common/services/clock/sam4e/sysclk.o
 .debug_macro   0x00004e9e      0x2d2 src/ASF/common/services/clock/sam4e/sysclk.o
 .debug_macro   0x00005170      0x59d src/ASF/common/utils/interrupt/interrupt_sam_nvic.o
 .debug_macro   0x0000570d      0x657 src/ASF/sam/boards/sam4e_xplained_pro/init.o
 .debug_macro   0x00005d64      0x5b2 src/ASF/sam/drivers/pmc/pmc.o
 .debug_macro   0x00006316       0x52 src/ASF/sam/drivers/pmc/pmc.o
 .debug_macro   0x00006368      0x3a4 src/ASF/sam/utils/cmsis/sam4e/source/templates/exceptions.o
 .debug_macro   0x0000670c      0x5b6 src/ASF/sam/utils/cmsis/sam4e/source/templates/gcc/startup_sam4e.o
 .debug_macro   0x00006cc2       0x10 src/ASF/sam/utils/cmsis/sam4e/source/templates/gcc/startup_sam4e.o
 .debug_macro   0x00006cd2      0x3b2 src/ASF/sam/utils/cmsis/sam4e/source/templates/system_sam4e.o
 .debug_macro   0x00007084      0x72c src/main.o

.debug_line     0x00000000     0xa46b
 .debug_line    0x00000000      0x45c src/FreeRTOS/list.o
 .debug_line    0x0000045c      0x4e2 src/FreeRTOS/portable/GCC/ARM_CM4F/port.o
 .debug_line    0x0000093e      0x51e src/FreeRTOS/portable/MemMang/heap_5.o
 .debug_line    0x00000e5c      0xc31 src/FreeRTOS/queue.o
 .debug_line    0x00001a8d      0xd78 src/FreeRTOS/tasks.o
 .debug_line    0x00002805      0x6f9 src/FreeRTOS/timers.o
 .debug_line    0x00002efe      0xc70 src/ledDriver.o
 .debug_line    0x00003b6e      0xc1a src/myButtons.o
 .debug_line    0x00004788      0xc3a src/myTasks.o
 .debug_line    0x000053c2      0xab3 src/ASF/common/services/clock/sam4e/sysclk.o
 .debug_line    0x00005e75      0x930 src/ASF/common/utils/interrupt/interrupt_sam_nvic.o
 .debug_line    0x000067a5      0xaba src/ASF/sam/boards/sam4e_xplained_pro/init.o
 .debug_line    0x0000725f      0xe60 src/ASF/sam/drivers/pmc/pmc.o
 .debug_line    0x000080bf      0x697 src/ASF/sam/utils/cmsis/sam4e/source/templates/exceptions.o
 .debug_line    0x00008756      0x9a1 src/ASF/sam/utils/cmsis/sam4e/source/templates/gcc/startup_sam4e.o
 .debug_line    0x000090f7      0x709 src/ASF/sam/utils/cmsis/sam4e/source/templates/system_sam4e.o
 .debug_line    0x00009800      0xc6b src/main.o

.debug_str      0x00000000    0x695ac
 .debug_str     0x00000000     0x9bd6 src/FreeRTOS/list.o
                               0x9e4e (size before relaxing)
 .debug_str     0x00009bd6      0xf08 src/FreeRTOS/portable/GCC/ARM_CM4F/port.o
                               0x7edc (size before relaxing)
 .debug_str     0x0000aade      0x331 src/FreeRTOS/portable/MemMang/heap_5.o
                               0xa6ef (size before relaxing)
 .debug_str     0x0000ae0f     0x1162 src/FreeRTOS/queue.o
                               0xb77a (size before relaxing)
 .debug_str     0x0000bf71     0x2abb src/FreeRTOS/tasks.o
                               0xd37d (size before relaxing)
 .debug_str     0x0000ea2c      0x563 src/FreeRTOS/timers.o
                               0xbb0e (size before relaxing)
 .debug_str     0x0000ef8f    0x58f35 src/ledDriver.o
                              0x63903 (size before relaxing)
 .debug_str     0x00067ec4      0x155 src/myButtons.o
                              0x639a0 (size before relaxing)
 .debug_str     0x00068019       0x9c src/myTasks.o
                              0x64341 (size before relaxing)
 .debug_str     0x000680b5      0x3dd src/ASF/common/services/clock/sam4e/sysclk.o
                              0x60381 (size before relaxing)
 .debug_str     0x00068492       0x94 src/ASF/common/utils/interrupt/interrupt_sam_nvic.o
                              0x5ba54 (size before relaxing)
 .debug_str     0x00068526      0x218 src/ASF/sam/boards/sam4e_xplained_pro/init.o
                              0x60971 (size before relaxing)
 .debug_str     0x0006873e      0x5c0 src/ASF/sam/drivers/pmc/pmc.o
                              0x5c3dc (size before relaxing)
 .debug_str     0x00068cfe       0x4d src/ASF/sam/utils/cmsis/sam4e/source/templates/exceptions.o
                              0x4b23a (size before relaxing)
 .debug_str     0x00068d4b      0x50e src/ASF/sam/utils/cmsis/sam4e/source/templates/gcc/startup_sam4e.o
                              0x5c00b (size before relaxing)
 .debug_str     0x00069259      0x17b src/ASF/sam/utils/cmsis/sam4e/source/templates/system_sam4e.o
                              0x4b504 (size before relaxing)
 .debug_str     0x000693d4      0x1d8 src/main.o
                              0x645b2 (size before relaxing)

.debug_frame    0x00000000     0x16d0
 .debug_frame   0x00000000       0x6c src/FreeRTOS/list.o
 .debug_frame   0x0000006c      0x124 src/FreeRTOS/portable/GCC/ARM_CM4F/port.o
 .debug_frame   0x00000190       0xac src/FreeRTOS/portable/MemMang/heap_5.o
 .debug_frame   0x0000023c      0x42c src/FreeRTOS/queue.o
 .debug_frame   0x00000668      0x520 src/FreeRTOS/tasks.o
 .debug_frame   0x00000b88      0x2b4 src/FreeRTOS/timers.o
 .debug_frame   0x00000e3c       0x68 src/ledDriver.o
 .debug_frame   0x00000ea4       0x30 src/myButtons.o
 .debug_frame   0x00000ed4       0x50 src/myTasks.o
 .debug_frame   0x00000f24       0x88 src/ASF/common/services/clock/sam4e/sysclk.o
 .debug_frame   0x00000fac       0x30 src/ASF/common/utils/interrupt/interrupt_sam_nvic.o
 .debug_frame   0x00000fdc       0x28 src/ASF/sam/boards/sam4e_xplained_pro/init.o
 .debug_frame   0x00001004      0x3b4 src/ASF/sam/drivers/pmc/pmc.o
 .debug_frame   0x000013b8       0x20 src/ASF/sam/utils/cmsis/sam4e/source/templates/exceptions.o
 .debug_frame   0x000013d8       0x28 src/ASF/sam/utils/cmsis/sam4e/source/templates/gcc/startup_sam4e.o
 .debug_frame   0x00001400       0x40 src/ASF/sam/utils/cmsis/sam4e/source/templates/system_sam4e.o
 .debug_frame   0x00001440       0x9c src/main.o
 .debug_frame   0x000014dc       0x2c c:/program files (x86)/atmel/studio/7.0/toolchain/arm/arm-gnu-toolchain/bin/../lib/gcc/arm-none-eabi/6.3.1/../../../../arm-none-eabi/lib/thumb/v7e-m\libc.a(lib_a-init.o)
 .debug_frame   0x00001508       0x34 c:/program files (x86)/atmel/studio/7.0/toolchain/arm/arm-gnu-toolchain/bin/../lib/gcc/arm-none-eabi/6.3.1/../../../../arm-none-eabi/lib/thumb/v7e-m\libc.a(lib_a-memset.o)
 .debug_frame   0x0000153c       0x5c c:/program files (x86)/atmel/studio/7.0/toolchain/arm/arm-gnu-toolchain/bin/../lib/gcc/arm-none-eabi/6.3.1/../../../../arm-none-eabi/lib/thumb/v7e-m\libc.a(lib_a-__call_atexit.o)
 .debug_frame   0x00001598       0x20 c:/program files (x86)/atmel/studio/7.0/toolchain/arm/arm-gnu-toolchain/bin/../lib/gcc/arm-none-eabi/6.3.1/../../../../arm-none-eabi/lib/thumb/v7e-m\libc.a(lib_a-atexit.o)
 .debug_frame   0x000015b8       0x34 c:/program files (x86)/atmel/studio/7.0/toolchain/arm/arm-gnu-toolchain/bin/../lib/gcc/arm-none-eabi/6.3.1/../../../../arm-none-eabi/lib/thumb/v7e-m\libc.a(lib_a-fini.o)
 .debug_frame   0x000015ec       0xb0 c:/program files (x86)/atmel/studio/7.0/toolchain/arm/arm-gnu-toolchain/bin/../lib/gcc/arm-none-eabi/6.3.1/../../../../arm-none-eabi/lib/thumb/v7e-m\libc.a(lib_a-lock.o)
 .debug_frame   0x0000169c       0x34 c:/program files (x86)/atmel/studio/7.0/toolchain/arm/arm-gnu-toolchain/bin/../lib/gcc/arm-none-eabi/6.3.1/../../../../arm-none-eabi/lib/thumb/v7e-m\libc.a(lib_a-__atexit.o)

Cross Reference Table

Symbol                                            File
ACC_Handler                                       src/ASF/sam/utils/cmsis/sam4e/source/templates/exceptions.o
                                                  src/ASF/sam/utils/cmsis/sam4e/source/templates/gcc/startup_sam4e.o
AES_Handler                                       src/ASF/sam/utils/cmsis/sam4e/source/templates/exceptions.o
                                                  src/ASF/sam/utils/cmsis/sam4e/source/templates/gcc/startup_sam4e.o
AFEC0_Handler                                     src/ASF/sam/utils/cmsis/sam4e/source/templates/exceptions.o
                                                  src/ASF/sam/utils/cmsis/sam4e/source/templates/gcc/startup_sam4e.o
AFEC1_Handler                                     src/ASF/sam/utils/cmsis/sam4e/source/templates/exceptions.o
                                                  src/ASF/sam/utils/cmsis/sam4e/source/templates/gcc/startup_sam4e.o
ARM_Handler                                       src/ASF/sam/utils/cmsis/sam4e/source/templates/exceptions.o
                                                  src/ASF/sam/utils/cmsis/sam4e/source/templates/gcc/startup_sam4e.o
BusFault_Handler                                  src/ASF/sam/utils/cmsis/sam4e/source/templates/exceptions.o
                                                  src/ASF/sam/utils/cmsis/sam4e/source/templates/gcc/startup_sam4e.o
CAN0_Handler                                      src/ASF/sam/utils/cmsis/sam4e/source/templates/exceptions.o
                                                  src/ASF/sam/utils/cmsis/sam4e/source/templates/gcc/startup_sam4e.o
CAN1_Handler                                      src/ASF/sam/utils/cmsis/sam4e/source/templates/exceptions.o
                                                  src/ASF/sam/utils/cmsis/sam4e/source/templates/gcc/startup_sam4e.o
DACC_Handler                                      src/ASF/sam/utils/cmsis/sam4e/source/templates/exceptions.o
                                                  src/ASF/sam/utils/cmsis/sam4e/source/templates/gcc/startup_sam4e.o
DMAC_Handler                                      src/ASF/sam/utils/cmsis/sam4e/source/templates/exceptions.o
                                                  src/ASF/sam/utils/cmsis/sam4e/source/templates/gcc/startup_sam4e.o
DebugMon_Handler                                  src/ASF/sam/utils/cmsis/sam4e/source/templates/exceptions.o
                                                  src/ASF/sam/utils/cmsis/sam4e/source/templates/gcc/startup_sam4e.o
Dummy_Handler                                     src/ASF/sam/utils/cmsis/sam4e/source/templates/exceptions.o
                                                  src/ASF/sam/utils/cmsis/sam4e/source/templates/gcc/startup_sam4e.o
EFC_Handler                                       src/ASF/sam/utils/cmsis/sam4e/source/templates/exceptions.o
                                                  src/ASF/sam/utils/cmsis/sam4e/source/templates/gcc/startup_sam4e.o
GMAC_Handler                                      src/ASF/sam/utils/cmsis/sam4e/source/templates/exceptions.o
                                                  src/ASF/sam/utils/cmsis/sam4e/source/templates/gcc/startup_sam4e.o
HSMCI_Handler                                     src/ASF/sam/utils/cmsis/sam4e/source/templates/exceptions.o
                                                  src/ASF/sam/utils/cmsis/sam4e/source/templates/gcc/startup_sam4e.o
HardFault_Handler                                 src/ASF/sam/utils/cmsis/sam4e/source/templates/exceptions.o
                                                  src/ASF/sam/utils/cmsis/sam4e/source/templates/gcc/startup_sam4e.o
LEDHandle0                                        src/myTasks.o
LEDHandle1                                        src/myTasks.o
LEDHandle2                                        src/myTasks.o
LEDHandle3                                        src/myTasks.o
MemManage_Handler                                 src/ASF/sam/utils/cmsis/sam4e/source/templates/exceptions.o
                                                  src/ASF/sam/utils/cmsis/sam4e/source/templates/gcc/startup_sam4e.o
NMI_Handler                                       src/ASF/sam/utils/cmsis/sam4e/source/templates/exceptions.o
                                                  src/ASF/sam/utils/cmsis/sam4e/source/templates/gcc/startup_sam4e.o
PIOA_Handler                                      src/ASF/sam/utils/cmsis/sam4e/source/templates/exceptions.o
                                                  src/ASF/sam/utils/cmsis/sam4e/source/templates/gcc/startup_sam4e.o
PIOB_Handler                                      src/ASF/sam/utils/cmsis/sam4e/source/templates/exceptions.o
                                                  src/ASF/sam/utils/cmsis/sam4e/source/templates/gcc/startup_sam4e.o
PIOC_Handler                                      src/ASF/sam/utils/cmsis/sam4e/source/templates/exceptions.o
                                                  src/ASF/sam/utils/cmsis/sam4e/source/templates/gcc/startup_sam4e.o
PIOD_Handler                                      src/ASF/sam/utils/cmsis/sam4e/source/templates/exceptions.o
                                                  src/ASF/sam/utils/cmsis/sam4e/source/templates/gcc/startup_sam4e.o
PIOE_Handler                                      src/ASF/sam/utils/cmsis/sam4e/source/templates/exceptions.o
                                                  src/ASF/sam/utils/cmsis/sam4e/source/templates/gcc/startup_sam4e.o
PMC_Handler                                       src/ASF/sam/utils/cmsis/sam4e/source/templates/exceptions.o
                                                  src/ASF/sam/utils/cmsis/sam4e/source/templates/gcc/startup_sam4e.o
PWM_Handler                                       src/ASF/sam/utils/cmsis/sam4e/source/templates/exceptions.o
                                                  src/ASF/sam/utils/cmsis/sam4e/source/templates/gcc/startup_sam4e.o
PendSV_Handler                                    src/FreeRTOS/portable/GCC/ARM_CM4F/port.o
                                                  src/ASF/sam/utils/cmsis/sam4e/source/templates/gcc/startup_sam4e.o
RSTC_Handler                                      src/ASF/sam/utils/cmsis/sam4e/source/templates/exceptions.o
                                                  src/ASF/sam/utils/cmsis/sam4e/source/templates/gcc/startup_sam4e.o
RTC_Handler                                       src/ASF/sam/utils/cmsis/sam4e/source/templates/exceptions.o
                                                  src/ASF/sam/utils/cmsis/sam4e/source/templates/gcc/startup_sam4e.o
RTT_Handler                                       src/ASF/sam/utils/cmsis/sam4e/source/templates/exceptions.o
                                                  src/ASF/sam/utils/cmsis/sam4e/source/templates/gcc/startup_sam4e.o
Reset_Handler                                     src/ASF/sam/utils/cmsis/sam4e/source/templates/gcc/startup_sam4e.o
                                                  src/ASF/sam/utils/cmsis/sam4e/source/templates/exceptions.o
SMC_Handler                                       src/ASF/sam/utils/cmsis/sam4e/source/templates/exceptions.o
SPI_Handler                                       src/ASF/sam/utils/cmsis/sam4e/source/templates/exceptions.o
                                                  src/ASF/sam/utils/cmsis/sam4e/source/templates/gcc/startup_sam4e.o
SUPC_Handler                                      src/ASF/sam/utils/cmsis/sam4e/source/templates/exceptions.o
                                                  src/ASF/sam/utils/cmsis/sam4e/source/templates/gcc/startup_sam4e.o
SVC_Handler                                       src/FreeRTOS/portable/GCC/ARM_CM4F/port.o
                                                  src/ASF/sam/utils/cmsis/sam4e/source/templates/gcc/startup_sam4e.o
SysTick_Handler                                   src/FreeRTOS/portable/GCC/ARM_CM4F/port.o
                                                  src/ASF/sam/utils/cmsis/sam4e/source/templates/gcc/startup_sam4e.o
SystemCoreClock                                   src/ASF/sam/utils/cmsis/sam4e/source/templates/system_sam4e.o
                                                  src/FreeRTOS/portable/GCC/ARM_CM4F/port.o
SystemCoreClockUpdate                             src/ASF/sam/utils/cmsis/sam4e/source/templates/system_sam4e.o
                                                  src/ASF/common/services/clock/sam4e/sysclk.o
SystemInit                                        src/ASF/sam/utils/cmsis/sam4e/source/templates/system_sam4e.o
TC0_Handler                                       src/ASF/sam/utils/cmsis/sam4e/source/templates/exceptions.o
                                                  src/ASF/sam/utils/cmsis/sam4e/source/templates/gcc/startup_sam4e.o
TC1_Handler                                       src/ASF/sam/utils/cmsis/sam4e/source/templates/exceptions.o
                                                  src/ASF/sam/utils/cmsis/sam4e/source/templates/gcc/startup_sam4e.o
TC2_Handler                                       src/ASF/sam/utils/cmsis/sam4e/source/templates/exceptions.o
                                                  src/ASF/sam/utils/cmsis/sam4e/source/templates/gcc/startup_sam4e.o
TC3_Handler                                       src/ASF/sam/utils/cmsis/sam4e/source/templates/exceptions.o
                                                  src/ASF/sam/utils/cmsis/sam4e/source/templates/gcc/startup_sam4e.o
TC4_Handler                                       src/ASF/sam/utils/cmsis/sam4e/source/templates/exceptions.o
                                                  src/ASF/sam/utils/cmsis/sam4e/source/templates/gcc/startup_sam4e.o
TC5_Handler                                       src/ASF/sam/utils/cmsis/sam4e/source/templates/exceptions.o
                                                  src/ASF/sam/utils/cmsis/sam4e/source/templates/gcc/startup_sam4e.o
TC6_Handler                                       src/ASF/sam/utils/cmsis/sam4e/source/templates/exceptions.o
                                                  src/ASF/sam/utils/cmsis/sam4e/source/templates/gcc/startup_sam4e.o
TC7_Handler                                       src/ASF/sam/utils/cmsis/sam4e/source/templates/exceptions.o
                                                  src/ASF/sam/utils/cmsis/sam4e/source/templates/gcc/startup_sam4e.o
TC8_Handler                                       src/ASF/sam/utils/cmsis/sam4e/source/templates/exceptions.o
                                                  src/ASF/sam/utils/cmsis/sam4e/source/templates/gcc/startup_sam4e.o
TWI0_Handler                                      src/ASF/sam/utils/cmsis/sam4e/source/templates/exceptions.o
                                                  src/ASF/sam/utils/cmsis/sam4e/source/templates/gcc/startup_sam4e.o
TWI1_Handler                                      src/ASF/sam/utils/cmsis/sam4e/source/templates/exceptions.o
                                                  src/ASF/sam/utils/cmsis/sam4e/source/templates/gcc/startup_sam4e.o
UART0_Handler                                     src/ASF/sam/utils/cmsis/sam4e/source/templates/exceptions.o
                                                  src/ASF/sam/utils/cmsis/sam4e/source/templates/gcc/startup_sam4e.o
UART1_Handler                                     src/ASF/sam/utils/cmsis/sam4e/source/templates/exceptions.o
                                                  src/ASF/sam/utils/cmsis/sam4e/source/templates/gcc/startup_sam4e.o
UARTPutC                                          src/FreeRTOS/Uartdrv.o
UARTPutStr                                        src/FreeRTOS/Uartdrv.o
UDP_Handler                                       src/ASF/sam/utils/cmsis/sam4e/source/templates/exceptions.o
                                                  src/ASF/sam/utils/cmsis/sam4e/source/templates/gcc/startup_sam4e.o
USART0_Handler                                    src/ASF/sam/utils/cmsis/sam4e/source/templates/exceptions.o
                                                  src/ASF/sam/utils/cmsis/sam4e/source/templates/gcc/startup_sam4e.o
USART1_Handler                                    src/ASF/sam/utils/cmsis/sam4e/source/templates/exceptions.o
                                                  src/ASF/sam/utils/cmsis/sam4e/source/templates/gcc/startup_sam4e.o
UsageFault_Handler                                src/ASF/sam/utils/cmsis/sam4e/source/templates/exceptions.o
                                                  src/ASF/sam/utils/cmsis/sam4e/source/templates/gcc/startup_sam4e.o
WDT_Handler                                       src/ASF/sam/utils/cmsis/sam4e/source/templates/exceptions.o
                                                  src/ASF/sam/utils/cmsis/sam4e/source/templates/gcc/startup_sam4e.o
_Jv_RegisterClasses                               c:/program files (x86)/atmel/studio/7.0/toolchain/arm/arm-gnu-toolchain/bin/../lib/gcc/arm-none-eabi/6.3.1/thumb/v7e-m/crtbegin.o
__atexit_recursive_mutex                          c:/program files (x86)/atmel/studio/7.0/toolchain/arm/arm-gnu-toolchain/bin/../lib/gcc/arm-none-eabi/6.3.1/../../../../arm-none-eabi/lib/thumb/v7e-m\libc.a(lib_a-__call_atexit.o)
                                                  c:/program files (x86)/atmel/studio/7.0/toolchain/arm/arm-gnu-toolchain/bin/../lib/gcc/arm-none-eabi/6.3.1/../../../../arm-none-eabi/lib/thumb/v7e-m\libc.a(lib_a-__atexit.o)
__bss_end__                                       c:/program files (x86)/atmel/studio/7.0/toolchain/arm/arm-gnu-toolchain/bin/../lib/gcc/arm-none-eabi/6.3.1/../../../../arm-none-eabi/lib/thumb/v7e-m/crt0.o
__bss_start__                                     c:/program files (x86)/atmel/studio/7.0/toolchain/arm/arm-gnu-toolchain/bin/../lib/gcc/arm-none-eabi/6.3.1/../../../../arm-none-eabi/lib/thumb/v7e-m/crt0.o
__call_exitprocs                                  c:/program files (x86)/atmel/studio/7.0/toolchain/arm/arm-gnu-toolchain/bin/../lib/gcc/arm-none-eabi/6.3.1/../../../../arm-none-eabi/lib/thumb/v7e-m\libc.a(lib_a-__call_atexit.o)
                                                  c:/program files (x86)/atmel/studio/7.0/toolchain/arm/arm-gnu-toolchain/bin/../lib/gcc/arm-none-eabi/6.3.1/../../../../arm-none-eabi/lib/thumb/v7e-m\libc.a(lib_a-exit.o)
__deregister_frame_info                           c:/program files (x86)/atmel/studio/7.0/toolchain/arm/arm-gnu-toolchain/bin/../lib/gcc/arm-none-eabi/6.3.1/thumb/v7e-m/crtbegin.o
__dso_handle                                      c:/program files (x86)/atmel/studio/7.0/toolchain/arm/arm-gnu-toolchain/bin/../lib/gcc/arm-none-eabi/6.3.1/thumb/v7e-m/crtbegin.o
__fini_array_end                                  c:/program files (x86)/atmel/studio/7.0/toolchain/arm/arm-gnu-toolchain/bin/../lib/gcc/arm-none-eabi/6.3.1/../../../../arm-none-eabi/lib/thumb/v7e-m\libc.a(lib_a-fini.o)
__fini_array_start                                c:/program files (x86)/atmel/studio/7.0/toolchain/arm/arm-gnu-toolchain/bin/../lib/gcc/arm-none-eabi/6.3.1/../../../../arm-none-eabi/lib/thumb/v7e-m\libc.a(lib_a-fini.o)
__init_array_end                                  c:/program files (x86)/atmel/studio/7.0/toolchain/arm/arm-gnu-toolchain/bin/../lib/gcc/arm-none-eabi/6.3.1/../../../../arm-none-eabi/lib/thumb/v7e-m\libc.a(lib_a-init.o)
__init_array_start                                c:/program files (x86)/atmel/studio/7.0/toolchain/arm/arm-gnu-toolchain/bin/../lib/gcc/arm-none-eabi/6.3.1/../../../../arm-none-eabi/lib/thumb/v7e-m\libc.a(lib_a-init.o)
__libc_fini                                       c:/program files (x86)/atmel/studio/7.0/toolchain/arm/arm-gnu-toolchain/bin/../lib/gcc/arm-none-eabi/6.3.1/../../../../arm-none-eabi/lib/thumb/v7e-m\libc.a(lib_a-__call_atexit.o)
__libc_fini_array                                 c:/program files (x86)/atmel/studio/7.0/toolchain/arm/arm-gnu-toolchain/bin/../lib/gcc/arm-none-eabi/6.3.1/../../../../arm-none-eabi/lib/thumb/v7e-m\libc.a(lib_a-fini.o)
                                                  c:/program files (x86)/atmel/studio/7.0/toolchain/arm/arm-gnu-toolchain/bin/../lib/gcc/arm-none-eabi/6.3.1/../../../../arm-none-eabi/lib/thumb/v7e-m\libc.a(lib_a-__call_atexit.o)
                                                  c:/program files (x86)/atmel/studio/7.0/toolchain/arm/arm-gnu-toolchain/bin/../lib/gcc/arm-none-eabi/6.3.1/../../../../arm-none-eabi/lib/thumb/v7e-m/crt0.o
__libc_init_array                                 c:/program files (x86)/atmel/studio/7.0/toolchain/arm/arm-gnu-toolchain/bin/../lib/gcc/arm-none-eabi/6.3.1/../../../../arm-none-eabi/lib/thumb/v7e-m\libc.a(lib_a-init.o)
                                                  src/ASF/sam/utils/cmsis/sam4e/source/templates/gcc/startup_sam4e.o
                                                  c:/program files (x86)/atmel/studio/7.0/toolchain/arm/arm-gnu-toolchain/bin/../lib/gcc/arm-none-eabi/6.3.1/../../../../arm-none-eabi/lib/thumb/v7e-m/crt0.o
__lock___arc4random_mutex                         c:/program files (x86)/atmel/studio/7.0/toolchain/arm/arm-gnu-toolchain/bin/../lib/gcc/arm-none-eabi/6.3.1/../../../../arm-none-eabi/lib/thumb/v7e-m\libc.a(lib_a-lock.o)
__lock___at_quick_exit_mutex                      c:/program files (x86)/atmel/studio/7.0/toolchain/arm/arm-gnu-toolchain/bin/../lib/gcc/arm-none-eabi/6.3.1/../../../../arm-none-eabi/lib/thumb/v7e-m\libc.a(lib_a-lock.o)
__lock___atexit_recursive_mutex                   c:/program files (x86)/atmel/studio/7.0/toolchain/arm/arm-gnu-toolchain/bin/../lib/gcc/arm-none-eabi/6.3.1/../../../../arm-none-eabi/lib/thumb/v7e-m\libc.a(lib_a-lock.o)
                                                  c:/program files (x86)/atmel/studio/7.0/toolchain/arm/arm-gnu-toolchain/bin/../lib/gcc/arm-none-eabi/6.3.1/../../../../arm-none-eabi/lib/thumb/v7e-m\libc.a(lib_a-__call_atexit.o)
__lock___dd_hash_mutex                            c:/program files (x86)/atmel/studio/7.0/toolchain/arm/arm-gnu-toolchain/bin/../lib/gcc/arm-none-eabi/6.3.1/../../../../arm-none-eabi/lib/thumb/v7e-m\libc.a(lib_a-lock.o)
__lock___env_recursive_mutex                      c:/program files (x86)/atmel/studio/7.0/toolchain/arm/arm-gnu-toolchain/bin/../lib/gcc/arm-none-eabi/6.3.1/../../../../arm-none-eabi/lib/thumb/v7e-m\libc.a(lib_a-lock.o)
__lock___malloc_recursive_mutex                   c:/program files (x86)/atmel/studio/7.0/toolchain/arm/arm-gnu-toolchain/bin/../lib/gcc/arm-none-eabi/6.3.1/../../../../arm-none-eabi/lib/thumb/v7e-m\libc.a(lib_a-lock.o)
__lock___sfp_recursive_mutex                      c:/program files (x86)/atmel/studio/7.0/toolchain/arm/arm-gnu-toolchain/bin/../lib/gcc/arm-none-eabi/6.3.1/../../../../arm-none-eabi/lib/thumb/v7e-m\libc.a(lib_a-lock.o)
__lock___sinit_recursive_mutex                    c:/program files (x86)/atmel/studio/7.0/toolchain/arm/arm-gnu-toolchain/bin/../lib/gcc/arm-none-eabi/6.3.1/../../../../arm-none-eabi/lib/thumb/v7e-m\libc.a(lib_a-lock.o)
__lock___tz_mutex                                 c:/program files (x86)/atmel/studio/7.0/toolchain/arm/arm-gnu-toolchain/bin/../lib/gcc/arm-none-eabi/6.3.1/../../../../arm-none-eabi/lib/thumb/v7e-m\libc.a(lib_a-lock.o)
__preinit_array_end                               c:/program files (x86)/atmel/studio/7.0/toolchain/arm/arm-gnu-toolchain/bin/../lib/gcc/arm-none-eabi/6.3.1/../../../../arm-none-eabi/lib/thumb/v7e-m\libc.a(lib_a-init.o)
__preinit_array_start                             c:/program files (x86)/atmel/studio/7.0/toolchain/arm/arm-gnu-toolchain/bin/../lib/gcc/arm-none-eabi/6.3.1/../../../../arm-none-eabi/lib/thumb/v7e-m\libc.a(lib_a-init.o)
__ram_end__                                       src/ASF/sam/utils/syscalls/gcc/syscalls.o
__register_exitproc                               c:/program files (x86)/atmel/studio/7.0/toolchain/arm/arm-gnu-toolchain/bin/../lib/gcc/arm-none-eabi/6.3.1/../../../../arm-none-eabi/lib/thumb/v7e-m\libc.a(lib_a-__atexit.o)
                                                  c:/program files (x86)/atmel/studio/7.0/toolchain/arm/arm-gnu-toolchain/bin/../lib/gcc/arm-none-eabi/6.3.1/../../../../arm-none-eabi/lib/thumb/v7e-m\libc.a(lib_a-atexit.o)
__register_frame_info                             c:/program files (x86)/atmel/studio/7.0/toolchain/arm/arm-gnu-toolchain/bin/../lib/gcc/arm-none-eabi/6.3.1/thumb/v7e-m/crtbegin.o
__retarget_lock_acquire                           c:/program files (x86)/atmel/studio/7.0/toolchain/arm/arm-gnu-toolchain/bin/../lib/gcc/arm-none-eabi/6.3.1/../../../../arm-none-eabi/lib/thumb/v7e-m\libc.a(lib_a-lock.o)
__retarget_lock_acquire_recursive                 c:/program files (x86)/atmel/studio/7.0/toolchain/arm/arm-gnu-toolchain/bin/../lib/gcc/arm-none-eabi/6.3.1/../../../../arm-none-eabi/lib/thumb/v7e-m\libc.a(lib_a-lock.o)
                                                  c:/program files (x86)/atmel/studio/7.0/toolchain/arm/arm-gnu-toolchain/bin/../lib/gcc/arm-none-eabi/6.3.1/../../../../arm-none-eabi/lib/thumb/v7e-m\libc.a(lib_a-__atexit.o)
                                                  c:/program files (x86)/atmel/studio/7.0/toolchain/arm/arm-gnu-toolchain/bin/../lib/gcc/arm-none-eabi/6.3.1/../../../../arm-none-eabi/lib/thumb/v7e-m\libc.a(lib_a-__call_atexit.o)
__retarget_lock_close                             c:/program files (x86)/atmel/studio/7.0/toolchain/arm/arm-gnu-toolchain/bin/../lib/gcc/arm-none-eabi/6.3.1/../../../../arm-none-eabi/lib/thumb/v7e-m\libc.a(lib_a-lock.o)
__retarget_lock_close_recursive                   c:/program files (x86)/atmel/studio/7.0/toolchain/arm/arm-gnu-toolchain/bin/../lib/gcc/arm-none-eabi/6.3.1/../../../../arm-none-eabi/lib/thumb/v7e-m\libc.a(lib_a-lock.o)
__retarget_lock_init                              c:/program files (x86)/atmel/studio/7.0/toolchain/arm/arm-gnu-toolchain/bin/../lib/gcc/arm-none-eabi/6.3.1/../../../../arm-none-eabi/lib/thumb/v7e-m\libc.a(lib_a-lock.o)
__retarget_lock_init_recursive                    c:/program files (x86)/atmel/studio/7.0/toolchain/arm/arm-gnu-toolchain/bin/../lib/gcc/arm-none-eabi/6.3.1/../../../../arm-none-eabi/lib/thumb/v7e-m\libc.a(lib_a-lock.o)
__retarget_lock_release                           c:/program files (x86)/atmel/studio/7.0/toolchain/arm/arm-gnu-toolchain/bin/../lib/gcc/arm-none-eabi/6.3.1/../../../../arm-none-eabi/lib/thumb/v7e-m\libc.a(lib_a-lock.o)
__retarget_lock_release_recursive                 c:/program files (x86)/atmel/studio/7.0/toolchain/arm/arm-gnu-toolchain/bin/../lib/gcc/arm-none-eabi/6.3.1/../../../../arm-none-eabi/lib/thumb/v7e-m\libc.a(lib_a-lock.o)
                                                  c:/program files (x86)/atmel/studio/7.0/toolchain/arm/arm-gnu-toolchain/bin/../lib/gcc/arm-none-eabi/6.3.1/../../../../arm-none-eabi/lib/thumb/v7e-m\libc.a(lib_a-__atexit.o)
                                                  c:/program files (x86)/atmel/studio/7.0/toolchain/arm/arm-gnu-toolchain/bin/../lib/gcc/arm-none-eabi/6.3.1/../../../../arm-none-eabi/lib/thumb/v7e-m\libc.a(lib_a-__call_atexit.o)
__retarget_lock_try_acquire                       c:/program files (x86)/atmel/studio/7.0/toolchain/arm/arm-gnu-toolchain/bin/../lib/gcc/arm-none-eabi/6.3.1/../../../../arm-none-eabi/lib/thumb/v7e-m\libc.a(lib_a-lock.o)
__retarget_lock_try_acquire_recursive             c:/program files (x86)/atmel/studio/7.0/toolchain/arm/arm-gnu-toolchain/bin/../lib/gcc/arm-none-eabi/6.3.1/../../../../arm-none-eabi/lib/thumb/v7e-m\libc.a(lib_a-lock.o)
__stack                                           c:/program files (x86)/atmel/studio/7.0/toolchain/arm/arm-gnu-toolchain/bin/../lib/gcc/arm-none-eabi/6.3.1/../../../../arm-none-eabi/lib/thumb/v7e-m/crt0.o
_close                                            src/ASF/sam/utils/syscalls/gcc/syscalls.o
_end                                              src/ASF/sam/utils/syscalls/gcc/syscalls.o
_erelocate                                        src/ASF/sam/utils/cmsis/sam4e/source/templates/gcc/startup_sam4e.o
_estack                                           src/main.o
                                                  src/ASF/sam/utils/cmsis/sam4e/source/templates/gcc/startup_sam4e.o
_etext                                            src/ASF/sam/utils/cmsis/sam4e/source/templates/gcc/startup_sam4e.o
_exit                                             src/ASF/sam/utils/syscalls/gcc/syscalls.o
                                                  c:/program files (x86)/atmel/studio/7.0/toolchain/arm/arm-gnu-toolchain/bin/../lib/gcc/arm-none-eabi/6.3.1/../../../../arm-none-eabi/lib/thumb/v7e-m\libc.a(lib_a-exit.o)
_ezero                                            src/ASF/sam/utils/cmsis/sam4e/source/templates/gcc/startup_sam4e.o
_fini                                             c:/program files (x86)/atmel/studio/7.0/toolchain/arm/arm-gnu-toolchain/bin/../lib/gcc/arm-none-eabi/6.3.1/thumb/v7e-m/crti.o
                                                  c:/program files (x86)/atmel/studio/7.0/toolchain/arm/arm-gnu-toolchain/bin/../lib/gcc/arm-none-eabi/6.3.1/../../../../arm-none-eabi/lib/thumb/v7e-m\libc.a(lib_a-fini.o)
_fstat                                            src/ASF/sam/utils/syscalls/gcc/syscalls.o
_getpid                                           src/ASF/sam/utils/syscalls/gcc/syscalls.o
_global_impure_ptr                                c:/program files (x86)/atmel/studio/7.0/toolchain/arm/arm-gnu-toolchain/bin/../lib/gcc/arm-none-eabi/6.3.1/../../../../arm-none-eabi/lib/thumb/v7e-m\libc.a(lib_a-impure.o)
                                                  c:/program files (x86)/atmel/studio/7.0/toolchain/arm/arm-gnu-toolchain/bin/../lib/gcc/arm-none-eabi/6.3.1/../../../../arm-none-eabi/lib/thumb/v7e-m\libc.a(lib_a-__atexit.o)
                                                  c:/program files (x86)/atmel/studio/7.0/toolchain/arm/arm-gnu-toolchain/bin/../lib/gcc/arm-none-eabi/6.3.1/../../../../arm-none-eabi/lib/thumb/v7e-m\libc.a(lib_a-__call_atexit.o)
                                                  c:/program files (x86)/atmel/studio/7.0/toolchain/arm/arm-gnu-toolchain/bin/../lib/gcc/arm-none-eabi/6.3.1/../../../../arm-none-eabi/lib/thumb/v7e-m\libc.a(lib_a-exit.o)
_impure_ptr                                       c:/program files (x86)/atmel/studio/7.0/toolchain/arm/arm-gnu-toolchain/bin/../lib/gcc/arm-none-eabi/6.3.1/../../../../arm-none-eabi/lib/thumb/v7e-m\libc.a(lib_a-impure.o)
_init                                             c:/program files (x86)/atmel/studio/7.0/toolchain/arm/arm-gnu-toolchain/bin/../lib/gcc/arm-none-eabi/6.3.1/thumb/v7e-m/crti.o
                                                  c:/program files (x86)/atmel/studio/7.0/toolchain/arm/arm-gnu-toolchain/bin/../lib/gcc/arm-none-eabi/6.3.1/../../../../arm-none-eabi/lib/thumb/v7e-m\libc.a(lib_a-init.o)
_isatty                                           src/ASF/sam/utils/syscalls/gcc/syscalls.o
_kill                                             src/ASF/sam/utils/syscalls/gcc/syscalls.o
_lseek                                            src/ASF/sam/utils/syscalls/gcc/syscalls.o
_mainCRTStartup                                   c:/program files (x86)/atmel/studio/7.0/toolchain/arm/arm-gnu-toolchain/bin/../lib/gcc/arm-none-eabi/6.3.1/../../../../arm-none-eabi/lib/thumb/v7e-m/crt0.o
_sbrk                                             src/ASF/sam/utils/syscalls/gcc/syscalls.o
_sfixed                                           src/ASF/sam/utils/cmsis/sam4e/source/templates/gcc/startup_sam4e.o
_srelocate                                        src/ASF/sam/utils/cmsis/sam4e/source/templates/gcc/startup_sam4e.o
_start                                            c:/program files (x86)/atmel/studio/7.0/toolchain/arm/arm-gnu-toolchain/bin/../lib/gcc/arm-none-eabi/6.3.1/../../../../arm-none-eabi/lib/thumb/v7e-m/crt0.o
_szero                                            src/ASF/sam/utils/cmsis/sam4e/source/templates/gcc/startup_sam4e.o
atexit                                            c:/program files (x86)/atmel/studio/7.0/toolchain/arm/arm-gnu-toolchain/bin/../lib/gcc/arm-none-eabi/6.3.1/../../../../arm-none-eabi/lib/thumb/v7e-m\libc.a(lib_a-atexit.o)
                                                  c:/program files (x86)/atmel/studio/7.0/toolchain/arm/arm-gnu-toolchain/bin/../lib/gcc/arm-none-eabi/6.3.1/../../../../arm-none-eabi/lib/thumb/v7e-m\libc.a(lib_a-__call_atexit.o)
                                                  c:/program files (x86)/atmel/studio/7.0/toolchain/arm/arm-gnu-toolchain/bin/../lib/gcc/arm-none-eabi/6.3.1/../../../../arm-none-eabi/lib/thumb/v7e-m/crt0.o
board_init                                        src/ASF/sam/boards/sam4e_xplained_pro/init.o
                                                  src/main.o
cpu_irq_enter_critical                            src/ASF/common/utils/interrupt/interrupt_sam_nvic.o
cpu_irq_leave_critical                            src/ASF/common/utils/interrupt/interrupt_sam_nvic.o
exception_table                                   src/ASF/sam/utils/cmsis/sam4e/source/templates/gcc/startup_sam4e.o
exit                                              c:/program files (x86)/atmel/studio/7.0/toolchain/arm/arm-gnu-toolchain/bin/../lib/gcc/arm-none-eabi/6.3.1/../../../../arm-none-eabi/lib/thumb/v7e-m\libc.a(lib_a-exit.o)
                                                  c:/program files (x86)/atmel/studio/7.0/toolchain/arm/arm-gnu-toolchain/bin/../lib/gcc/arm-none-eabi/6.3.1/../../../../arm-none-eabi/lib/thumb/v7e-m/crt0.o
free                                              c:/program files (x86)/atmel/studio/7.0/toolchain/arm/arm-gnu-toolchain/bin/../lib/gcc/arm-none-eabi/6.3.1/../../../../arm-none-eabi/lib/thumb/v7e-m\libc.a(lib_a-__call_atexit.o)
g_interrupt_enabled                               src/ASF/common/utils/interrupt/interrupt_sam_nvic.o
                                                  src/ASF/sam/utils/cmsis/sam4e/source/templates/gcc/startup_sam4e.o
                                                  src/ASF/sam/drivers/pmc/sleep.o
hardware_init_hook                                c:/program files (x86)/atmel/studio/7.0/toolchain/arm/arm-gnu-toolchain/bin/../lib/gcc/arm-none-eabi/6.3.1/../../../../arm-none-eabi/lib/thumb/v7e-m/crt0.o
initUart                                          src/FreeRTOS/Uartdrv.o
initializeButtonDriver                            src/myButtons.o
                                                  src/main.o
intitializeLEDDriver                              src/ledDriver.o
                                                  src/main.o
link                                              src/ASF/sam/utils/syscalls/gcc/syscalls.o
main                                              src/main.o
                                                  src/ASF/sam/utils/cmsis/sam4e/source/templates/gcc/startup_sam4e.o
                                                  c:/program files (x86)/atmel/studio/7.0/toolchain/arm/arm-gnu-toolchain/bin/../lib/gcc/arm-none-eabi/6.3.1/../../../../arm-none-eabi/lib/thumb/v7e-m/crt0.o
malloc                                            c:/program files (x86)/atmel/studio/7.0/toolchain/arm/arm-gnu-toolchain/bin/../lib/gcc/arm-none-eabi/6.3.1/../../../../arm-none-eabi/lib/thumb/v7e-m\libc.a(lib_a-__atexit.o)
memcpy                                            c:/program files (x86)/atmel/studio/7.0/toolchain/arm/arm-gnu-toolchain/bin/../lib/gcc/arm-none-eabi/6.3.1/../../../../arm-none-eabi/lib/thumb/v7e-m\libc.a(lib_a-memcpy.o)
                                                  src/FreeRTOS/queue.o
memset                                            c:/program files (x86)/atmel/studio/7.0/toolchain/arm/arm-gnu-toolchain/bin/../lib/gcc/arm-none-eabi/6.3.1/../../../../arm-none-eabi/lib/thumb/v7e-m\libc.a(lib_a-memset.o)
                                                  src/FreeRTOS/tasks.o
                                                  c:/program files (x86)/atmel/studio/7.0/toolchain/arm/arm-gnu-toolchain/bin/../lib/gcc/arm-none-eabi/6.3.1/../../../../arm-none-eabi/lib/thumb/v7e-m/crt0.o
pcQueueGetName                                    src/FreeRTOS/queue.o
pcTaskGetName                                     src/FreeRTOS/tasks.o
pcTimerGetName                                    src/FreeRTOS/timers.o
pmc_clr_fast_startup_input                        src/ASF/sam/drivers/pmc/pmc.o
pmc_disable_all_pck                               src/ASF/sam/drivers/pmc/pmc.o
pmc_disable_all_periph_clk                        src/ASF/sam/drivers/pmc/pmc.o
pmc_disable_clock_failure_detector                src/ASF/sam/drivers/pmc/pmc.o
pmc_disable_interrupt                             src/ASF/sam/drivers/pmc/pmc.o
pmc_disable_pck                                   src/ASF/sam/drivers/pmc/pmc.o
pmc_disable_periph_clk                            src/ASF/sam/drivers/pmc/pmc.o
pmc_disable_pllack                                src/ASF/sam/drivers/pmc/pmc.o
                                                  src/ASF/sam/drivers/pmc/sleep.o
                                                  src/ASF/common/services/clock/sam4e/sysclk.o
pmc_disable_udpck                                 src/ASF/sam/drivers/pmc/pmc.o
                                                  src/ASF/common/services/clock/sam4e/sysclk.o
pmc_enable_all_pck                                src/ASF/sam/drivers/pmc/pmc.o
pmc_enable_all_periph_clk                         src/ASF/sam/drivers/pmc/pmc.o
pmc_enable_backupmode                             src/ASF/sam/drivers/pmc/pmc.o
pmc_enable_clock_failure_detector                 src/ASF/sam/drivers/pmc/pmc.o
pmc_enable_interrupt                              src/ASF/sam/drivers/pmc/pmc.o
pmc_enable_pck                                    src/ASF/sam/drivers/pmc/pmc.o
pmc_enable_periph_clk                             src/ASF/sam/drivers/pmc/pmc.o
                                                  src/main.o
                                                  src/ASF/sam/boards/sam4e_xplained_pro/init.o
                                                  src/ledDriver.o
                                                  src/FreeRTOS/Uartdrv.o
pmc_enable_pllack                                 src/ASF/sam/drivers/pmc/pmc.o
pmc_enable_sleepmode                              src/ASF/sam/drivers/pmc/pmc.o
pmc_enable_udpck                                  src/ASF/sam/drivers/pmc/pmc.o
                                                  src/ASF/common/services/clock/sam4e/sysclk.o
pmc_enable_waitmode                               src/ASF/sam/drivers/pmc/pmc.o
                                                  src/ASF/sam/drivers/pmc/sleep.o
pmc_get_interrupt_mask                            src/ASF/sam/drivers/pmc/pmc.o
pmc_get_status                                    src/ASF/sam/drivers/pmc/pmc.o
pmc_get_writeprotect_status                       src/ASF/sam/drivers/pmc/pmc.o
pmc_is_locked_pllack                              src/ASF/sam/drivers/pmc/pmc.o
                                                  src/ASF/common/services/clock/sam4e/sysclk.o
pmc_is_pck_enabled                                src/ASF/sam/drivers/pmc/pmc.o
pmc_is_periph_clk_enabled                         src/ASF/sam/drivers/pmc/pmc.o
pmc_is_wakeup_clocks_restored                     src/ASF/sam/drivers/pmc/sleep.o
pmc_mainck_osc_select                             src/ASF/sam/drivers/pmc/pmc.o
pmc_mck_set_prescaler                             src/ASF/sam/drivers/pmc/pmc.o
                                                  src/ASF/common/services/clock/sam4e/sysclk.o
pmc_mck_set_source                                src/ASF/sam/drivers/pmc/pmc.o
                                                  src/ASF/common/services/clock/sam4e/sysclk.o
pmc_osc_bypass_main_xtal                          src/ASF/sam/drivers/pmc/pmc.o
pmc_osc_disable_fastrc                            src/ASF/sam/drivers/pmc/pmc.o
pmc_osc_disable_main_xtal                         src/ASF/sam/drivers/pmc/pmc.o
pmc_osc_disable_xtal                              src/ASF/sam/drivers/pmc/pmc.o
pmc_osc_enable_fastrc                             src/ASF/sam/drivers/pmc/pmc.o
pmc_osc_enable_main_xtal                          src/ASF/sam/drivers/pmc/pmc.o
pmc_osc_is_bypassed_main_xtal                     src/ASF/sam/drivers/pmc/pmc.o
pmc_osc_is_ready_32kxtal                          src/ASF/sam/drivers/pmc/pmc.o
pmc_osc_is_ready_fastrc                           src/ASF/sam/drivers/pmc/pmc.o
pmc_osc_is_ready_main_xtal                        src/ASF/sam/drivers/pmc/pmc.o
pmc_osc_is_ready_mainck                           src/ASF/sam/drivers/pmc/pmc.o
                                                  src/ASF/common/services/clock/sam4e/sysclk.o
pmc_pck_set_prescaler                             src/ASF/sam/drivers/pmc/pmc.o
pmc_pck_set_source                                src/ASF/sam/drivers/pmc/pmc.o
pmc_set_fast_startup_input                        src/ASF/sam/drivers/pmc/pmc.o
pmc_set_flash_in_wait_mode                        src/ASF/sam/drivers/pmc/pmc.o
                                                  src/ASF/sam/drivers/pmc/sleep.o
pmc_set_writeprotect                              src/ASF/sam/drivers/pmc/pmc.o
pmc_sleep                                         src/ASF/sam/drivers/pmc/sleep.o
pmc_switch_mainck_to_fastrc                       src/ASF/sam/drivers/pmc/pmc.o
pmc_switch_mainck_to_xtal                         src/ASF/sam/drivers/pmc/pmc.o
                                                  src/ASF/common/services/clock/sam4e/sysclk.o
pmc_switch_mck_to_mainck                          src/ASF/sam/drivers/pmc/pmc.o
pmc_switch_mck_to_pllack                          src/ASF/sam/drivers/pmc/pmc.o